Component: ARM Compiler 5.06 update 5 (build 528) Tool: armlink [4d35e2]

==============================================================================

Section Cross References

    i2c_loopback.o(i.LcdString) refers to am_hal_iom.o(i.am_hal_iom_spi_write) for am_hal_iom_spi_write
    i2c_loopback.o(i.LcdString) refers to i2c_loopback.o(.constdata) for ASCII
    i2c_loopback.o(i.am_ctimer_isr) refers to am_hal_ctimer.o(i.am_hal_ctimer_int_clear) for am_hal_ctimer_int_clear
    i2c_loopback.o(i.am_ctimer_isr) refers to am_hal_ctimer.o(i.am_hal_ctimer_period_set) for am_hal_ctimer_period_set
    i2c_loopback.o(i.am_ctimer_isr) refers to i2c_loopback.o(.data) for buzzer_ctimer_duty_cycle
    i2c_loopback.o(i.am_stimer_cmpr0_isr) refers to am_hal_stimer.o(i.am_hal_stimer_config) for am_hal_stimer_config
    i2c_loopback.o(i.am_stimer_cmpr0_isr) refers to am_hal_stimer.o(i.am_hal_stimer_int_clear) for am_hal_stimer_int_clear
    i2c_loopback.o(i.am_stimer_cmpr0_isr) refers to am_hal_stimer.o(i.am_hal_stimer_compare_delta_set) for am_hal_stimer_compare_delta_set
    i2c_loopback.o(i.am_stimer_cmpr0_isr) refers to i2c_loopback.o(i.pressure_sensor_read) for pressure_sensor_read
    i2c_loopback.o(i.am_stimer_cmpr0_isr) refers to i2c_loopback.o(i.kalman_filter) for kalman_filter
    i2c_loopback.o(i.am_stimer_cmpr0_isr) refers to i2c_loopback.o(i.calc_velocity) for calc_velocity
    i2c_loopback.o(i.am_stimer_cmpr0_isr) refers to i2c_loopback.o(.data) for xt
    i2c_loopback.o(i.am_stimer_cmpr1_isr) refers to am_hal_stimer.o(i.am_hal_stimer_config) for am_hal_stimer_config
    i2c_loopback.o(i.am_stimer_cmpr1_isr) refers to dflt_clz.o(x$fpl$dfltu) for __aeabi_ui2d
    i2c_loopback.o(i.am_stimer_cmpr1_isr) refers to dmul.o(x$fpl$dmul) for __aeabi_dmul
    i2c_loopback.o(i.am_stimer_cmpr1_isr) refers to dfixu.o(x$fpl$dfixu) for __aeabi_d2uiz
    i2c_loopback.o(i.am_stimer_cmpr1_isr) refers to am_hal_stimer.o(i.am_hal_stimer_int_clear) for am_hal_stimer_int_clear
    i2c_loopback.o(i.am_stimer_cmpr1_isr) refers to am_hal_stimer.o(i.am_hal_stimer_compare_delta_set) for am_hal_stimer_compare_delta_set
    i2c_loopback.o(i.am_stimer_cmpr1_isr) refers to am_hal_ctimer.o(i.am_hal_ctimer_start) for am_hal_ctimer_start
    i2c_loopback.o(i.am_stimer_cmpr1_isr) refers to am_hal_ctimer.o(i.am_hal_ctimer_clear) for am_hal_ctimer_clear
    i2c_loopback.o(i.am_stimer_cmpr1_isr) refers to i2c_loopback.o(.data) for BUZZER_XT_PERIOD
    i2c_loopback.o(i.am_stimer_compr2_isr) refers to am_hal_stimer.o(i.am_hal_stimer_config) for am_hal_stimer_config
    i2c_loopback.o(i.am_stimer_compr2_isr) refers to am_hal_stimer.o(i.am_hal_stimer_counter_get) for am_hal_stimer_counter_get
    i2c_loopback.o(i.am_stimer_compr2_isr) refers to am_util_stdio.o(i.am_util_stdio_printf) for am_util_stdio_printf
    i2c_loopback.o(i.am_stimer_compr2_isr) refers to am_hal_stimer.o(i.am_hal_stimer_int_clear) for am_hal_stimer_int_clear
    i2c_loopback.o(i.am_stimer_compr2_isr) refers to am_hal_stimer.o(i.am_hal_stimer_compare_delta_set) for am_hal_stimer_compare_delta_set
    i2c_loopback.o(i.am_watchdog_isr) refers to am_hal_wdt.o(i.am_hal_wdt_int_clear) for am_hal_wdt_int_clear
    i2c_loopback.o(i.am_watchdog_isr) refers to am_bsp.o(i.am_bsp_debug_printf_enable) for am_bsp_debug_printf_enable
    i2c_loopback.o(i.am_watchdog_isr) refers to am_util_stdio.o(i.am_util_stdio_printf) for am_util_stdio_printf
    i2c_loopback.o(i.am_watchdog_isr) refers to am_util_delay.o(i.am_util_delay_ms) for am_util_delay_ms
    i2c_loopback.o(i.am_watchdog_isr) refers to i2c_loopback.o(.data) for g_ui8NumWatchdogInterrupts
    i2c_loopback.o(i.buzzer_change_frequency) refers to am_hal_stimer.o(i.am_hal_stimer_int_clear) for am_hal_stimer_int_clear
    i2c_loopback.o(i.buzzer_change_frequency) refers to am_hal_ctimer.o(i.am_hal_ctimer_clear) for am_hal_ctimer_clear
    i2c_loopback.o(i.buzzer_change_frequency) refers to dflt_clz.o(x$fpl$dfltu) for __aeabi_ui2d
    i2c_loopback.o(i.buzzer_change_frequency) refers to ddiv.o(x$fpl$ddiv) for __aeabi_ddiv
    i2c_loopback.o(i.buzzer_change_frequency) refers to dmul.o(x$fpl$dmul) for __aeabi_dmul
    i2c_loopback.o(i.buzzer_change_frequency) refers to dfixu.o(x$fpl$dfixu) for __aeabi_d2uiz
    i2c_loopback.o(i.buzzer_change_frequency) refers to i2c_loopback.o(i.init_cTimer) for init_cTimer
    i2c_loopback.o(i.buzzer_change_frequency) refers to i2c_loopback.o(.data) for BUZZER_BUZZER_WAKE_INTERVAL_IN_MS
    i2c_loopback.o(i.calc_velocity) refers to f2d.o(x$fpl$f2d) for __aeabi_f2d
    i2c_loopback.o(i.calc_velocity) refers to pow.o(i.__hardfp_pow) for __hardfp_pow
    i2c_loopback.o(i.calc_velocity) refers to daddsub_clz.o(x$fpl$drsb) for __aeabi_drsub
    i2c_loopback.o(i.calc_velocity) refers to dmul.o(x$fpl$dmul) for __aeabi_dmul
    i2c_loopback.o(i.calc_velocity) refers to d2f.o(x$fpl$d2f) for __aeabi_d2f
    i2c_loopback.o(i.calc_velocity) refers to am_util_stdio.o(i.am_util_stdio_sprintf) for am_util_stdio_sprintf
[...]
    .ARM.Collect$$libshutdown$$00000010      0x000001a6   Section        2  libshutdown2.o(.ARM.Collect$$libshutdown$$00000010)
    .ARM.Collect$$rtentry$$00000000          0x000001a8   Section        0  __rtentry.o(.ARM.Collect$$rtentry$$00000000)
    .ARM.Collect$$rtentry$$00000002          0x000001a8   Section        0  __rtentry2.o(.ARM.Collect$$rtentry$$00000002)
    .ARM.Collect$$rtentry$$00000004          0x000001a8   Section        6  __rtentry4.o(.ARM.Collect$$rtentry$$00000004)
    .ARM.Collect$$rtentry$$00000009          0x000001ae   Section        0  __rtentry2.o(.ARM.Collect$$rtentry$$00000009)
    .ARM.Collect$$rtentry$$0000000A          0x000001ae   Section        4  __rtentry2.o(.ARM.Collect$$rtentry$$0000000A)
    .ARM.Collect$$rtentry$$0000000C          0x000001b2   Section        0  __rtentry2.o(.ARM.Collect$$rtentry$$0000000C)
    .ARM.Collect$$rtentry$$0000000D          0x000001b2   Section        8  __rtentry2.o(.ARM.Collect$$rtentry$$0000000D)
    .ARM.Collect$$rtexit$$00000000           0x000001ba   Section        2  rtexit.o(.ARM.Collect$$rtexit$$00000000)
    .ARM.Collect$$rtexit$$00000002           0x000001bc   Section        0  rtexit2.o(.ARM.Collect$$rtexit$$00000002)
    .ARM.Collect$$rtexit$$00000003           0x000001bc   Section        4  rtexit2.o(.ARM.Collect$$rtexit$$00000003)
    .ARM.Collect$$rtexit$$00000004           0x000001c0   Section        6  rtexit2.o(.ARM.Collect$$rtexit$$00000004)
    .emb_text                                0x000001c8   Section       20  am_util_faultisr.o(.emb_text)
    $v0                                      0x000001c8   Number         0  am_util_faultisr.o(.emb_text)
    .emb_text                                0x000001dc   Section       22  am_hal_interrupt.o(.emb_text)
    $v0                                      0x000001dc   Number         0  am_hal_interrupt.o(.emb_text)
    .emb_text                                0x000001f4   Section       36  am_hal_iom.o(.emb_text)
    $v0                                      0x000001f4   Number         0  am_hal_iom.o(.emb_text)
    .text                                    0x00000218   Section       24  startup_keil.o(.text)
    $v0                                      0x00000218   Number         0  startup_keil.o(.text)
    .text                                    0x00000230   Section       78  rt_memclr_w.o(.text)
    .text                                    0x0000027e   Section        0  heapauxi.o(.text)
    .text                                    0x00000284   Section        0  _rserrno.o(.text)
    .text                                    0x0000029c   Section        8  rt_errno_addr_intlibspace.o(.text)
    .text                                    0x000002a4   Section        8  libspace.o(.text)
    .text                                    0x000002ac   Section       74  sys_stackheap_outer.o(.text)
    .text                                    0x000002f6   Section        0  exit.o(.text)
    .text                                    0x00000308   Section        0  sys_exit.o(.text)
    .text                                    0x00000314   Section        2  use_no_semi.o(.text)
    .text                                    0x00000316   Section        0  indicate_semi.o(.text)
    i.LcdString                              0x00000318   Section        0  i2c_loopback.o(i.LcdString)
    i.__ARM_fpclassify                       0x000003bc   Section        0  fpclassify.o(i.__ARM_fpclassify)
    i.__hardfp_pow                           0x000003f0   Section        0  pow.o(i.__hardfp_pow)
    i.__kernel_poly                          0x00001040   Section        0  poly.o(i.__kernel_poly)
    i.__mathlib_dbl_divzero                  0x00001138   Section        0  dunder.o(i.__mathlib_dbl_divzero)
    i.__mathlib_dbl_infnan2                  0x00001168   Section        0  dunder.o(i.__mathlib_dbl_infnan2)
    i.__mathlib_dbl_invalid                  0x00001180   Section        0  dunder.o(i.__mathlib_dbl_invalid)
    i.__mathlib_dbl_overflow                 0x000011a0   Section        0  dunder.o(i.__mathlib_dbl_overflow)
    i.__mathlib_dbl_underflow                0x000011c0   Section        0  dunder.o(i.__mathlib_dbl_underflow)
    i.am_bsp_debug_printf_enable             0x000011e0   Section        0  am_bsp.o(i.am_bsp_debug_printf_enable)
    i.am_bsp_iom_enable                      0x00001250   Section        0  am_bsp.o(i.am_bsp_iom_enable)
    i.am_bsp_itm_string_print                0x0000132c   Section        0  am_bsp.o(i.am_bsp_itm_string_print)
    i.am_bsp_low_power_init                  0x00001330   Section        0  am_bsp.o(i.am_bsp_low_power_init)
    i.am_ctimer_isr                          0x00001354   Section        0  i2c_loopback.o(i.am_ctimer_isr)
    i.am_hal_cachectrl_enable                0x00001378   Section        0  am_hal_cachectrl.o(i.am_hal_cachectrl_enable)
    i.am_hal_clkgen_osc_start                0x00001448   Section        0  am_hal_clkgen.o(i.am_hal_clkgen_osc_start)
    i.am_hal_clkgen_osc_stop                 0x0000145e   Section        0  am_hal_clkgen.o(i.am_hal_clkgen_osc_stop)
    i.am_hal_clkgen_sysclk_get               0x00001474   Section        0  am_hal_clkgen.o(i.am_hal_clkgen_sysclk_get)
    i.am_hal_clkgen_sysclk_select            0x00001498   Section        0  am_hal_clkgen.o(i.am_hal_clkgen_sysclk_select)
    i.am_hal_ctimer_clear                    0x00001504   Section        0  am_hal_ctimer.o(i.am_hal_ctimer_clear)
    i.am_hal_ctimer_int_clear                0x0000152c   Section        0  am_hal_ctimer.o(i.am_hal_ctimer_int_clear)
    i.am_hal_ctimer_period_set               0x00001538   Section        0  am_hal_ctimer.o(i.am_hal_ctimer_period_set)
    i.am_hal_ctimer_start                    0x000015b4   Section        0  am_hal_ctimer.o(i.am_hal_ctimer_start)
    i.am_hal_debug_error                     0x000015e4   Section        0  am_hal_debug.o(i.am_hal_debug_error)
    i.am_hal_flash_delay                     0x000015e8   Section        0  am_hal_flash.o(i.am_hal_flash_delay)
    i.am_hal_flash_delay_status_change       0x000015f4   Section        0  am_hal_flash.o(i.am_hal_flash_delay_status_change)
    i.am_hal_i2c_bit_bang_receive            0x0000162c   Section        0  am_hal_i2c_bit_bang.o(i.am_hal_i2c_bit_bang_receive)
    i.am_hal_i2c_bit_bang_send               0x00001808   Section        0  am_hal_i2c_bit_bang.o(i.am_hal_i2c_bit_bang_send)
    i.am_hal_interrupt_enable                0x000018d4   Section        0  am_hal_interrupt.o(i.am_hal_interrupt_enable)
    i.am_hal_iom_config                      0x00001920   Section        0  am_hal_iom.o(i.am_hal_iom_config)
    i.am_hal_iom_enable                      0x00001bac   Section        0  am_hal_iom.o(i.am_hal_iom_enable)
    i.am_hal_iom_fifo_read                   0x00001bd4   Section        0  am_hal_iom.o(i.am_hal_iom_fifo_read)
    i.am_hal_iom_fifo_write                  0x00001cac   Section        0  am_hal_iom.o(i.am_hal_iom_fifo_write)
    i.am_hal_iom_i2c_cmd_run                 0x00001d94   Section        0  am_hal_iom.o(i.am_hal_iom_i2c_cmd_run)
    i.am_hal_iom_i2c_read                    0x00001f00   Section        0  am_hal_iom.o(i.am_hal_iom_i2c_read)
    i.am_hal_iom_i2c_read_nb                 0x00002040   Section        0  am_hal_iom.o(i.am_hal_iom_i2c_read_nb)
    i.am_hal_iom_i2c_read_nq                 0x00002134   Section        0  am_hal_iom.o(i.am_hal_iom_i2c_read_nq)
    i.am_hal_iom_i2c_write                   0x0000228c   Section        0  am_hal_iom.o(i.am_hal_iom_i2c_write)
    i.am_hal_iom_i2c_write_nb                0x000023c8   Section        0  am_hal_iom.o(i.am_hal_iom_i2c_write_nb)
    i.am_hal_iom_i2c_write_nq                0x000024ec   Section        0  am_hal_iom.o(i.am_hal_iom_i2c_write_nq)
    i.am_hal_iom_int_enable                  0x00002674   Section        0  am_hal_iom.o(i.am_hal_iom_int_enable)
    i.am_hal_iom_pwrctrl_enable              0x00002690   Section        0  am_hal_iom.o(i.am_hal_iom_pwrctrl_enable)
    i.am_hal_iom_sleeping_queue_flush        0x000026f4   Section        0  am_hal_iom.o(i.am_hal_iom_sleeping_queue_flush)
    i.am_hal_iom_spi_write                   0x0000274c   Section        0  am_hal_iom.o(i.am_hal_iom_spi_write)
    i.am_hal_iom_spi_write_nb                0x00002838   Section        0  am_hal_iom.o(i.am_hal_iom_spi_write_nb)
    i.am_hal_iom_spi_write_nq                0x00002954   Section        0  am_hal_iom.o(i.am_hal_iom_spi_write_nq)
    i.am_hal_iom_workaround_word_write       0x00002ab4   Section        0  am_hal_iom.o(i.am_hal_iom_workaround_word_write)
    i.am_hal_itm_enable                      0x00002f58   Section        0  am_hal_itm.o(i.am_hal_itm_enable)
    i.am_hal_itm_print                       0x00002fb0   Section        0  am_hal_itm.o(i.am_hal_itm_print)
    i.am_hal_mcuctrl_fault_status            0x00002fe0   Section        0  am_hal_mcuctrl.o(i.am_hal_mcuctrl_fault_status)
    i.am_hal_pwrctrl_bucks_disable           0x00003018   Section        0  am_hal_pwrctrl.o(i.am_hal_pwrctrl_bucks_disable)
    i.am_hal_pwrctrl_bucks_enable            0x00003064   Section        0  am_hal_pwrctrl.o(i.am_hal_pwrctrl_bucks_enable)
    i.am_hal_pwrctrl_bucks_init              0x00003098   Section        0  am_hal_pwrctrl.o(i.am_hal_pwrctrl_bucks_init)
    i.am_hal_pwrctrl_low_power_init          0x000030d8   Section        0  am_hal_pwrctrl.o(i.am_hal_pwrctrl_low_power_init)
    i.am_hal_pwrctrl_memory_enable           0x000030f0   Section        0  am_hal_pwrctrl.o(i.am_hal_pwrctrl_memory_enable)
    i.am_hal_pwrctrl_periph_enable           0x00003270   Section        0  am_hal_pwrctrl.o(i.am_hal_pwrctrl_periph_enable)
    i.am_hal_queue_item_add                  0x00003330   Section        0  am_hal_queue.o(i.am_hal_queue_item_add)
    i.am_hal_reset_status_clear              0x000033ce   Section        0  am_hal_reset.o(i.am_hal_reset_status_clear)
    i.am_hal_rtc_osc_disable                 0x000033d6   Section        0  am_hal_rtc.o(i.am_hal_rtc_osc_disable)
    i.am_hal_rtc_osc_select                  0x000033e4   Section        0  am_hal_rtc.o(i.am_hal_rtc_osc_select)
    i.am_hal_stimer_compare_delta_set        0x000033fc   Section        0  am_hal_stimer.o(i.am_hal_stimer_compare_delta_set)
    i.am_hal_stimer_config                   0x00003450   Section        0  am_hal_stimer.o(i.am_hal_stimer_config)
    i.am_hal_stimer_int_clear                0x00003494   Section        0  am_hal_stimer.o(i.am_hal_stimer_int_clear)
    i.am_hal_stimer_int_enable               0x000034a0   Section        0  am_hal_stimer.o(i.am_hal_stimer_int_enable)
    i.am_hal_sysctrl_sleep                   0x000034b4   Section        0  am_hal_sysctrl.o(i.am_hal_sysctrl_sleep)
    i.am_hal_tpiu_enable                     0x000035a0   Section        0  am_hal_tpiu.o(i.am_hal_tpiu_enable)
    i.am_hal_vcomp_disable                   0x00003628   Section        0  am_hal_vcomp.o(i.am_hal_vcomp_disable)
    i.am_hal_wdt_init                        0x00003634   Section        0  am_hal_wdt.o(i.am_hal_wdt_init)
    i.am_hal_wdt_int_clear                   0x000036a0   Section        0  am_hal_wdt.o(i.am_hal_wdt_int_clear)
    i.am_hal_wdt_start                       0x000036b0   Section        0  am_hal_wdt.o(i.am_hal_wdt_start)
    i.am_stimer_cmpr0_isr                    0x000036c8   Section        0  i2c_loopback.o(i.am_stimer_cmpr0_isr)
    i.am_stimer_cmpr1_isr                    0x00003738   Section        0  i2c_loopback.o(i.am_stimer_cmpr1_isr)
    i.am_util_delay_ms                       0x000037d8   Section        0  am_util_delay.o(i.am_util_delay_ms)
    i.am_util_delay_us                       0x000037f4   Section        0  am_util_delay.o(i.am_util_delay_us)
    i.am_util_faultisr_collect_data          0x00003814   Section        0  am_util_faultisr.o(i.am_util_faultisr_collect_data)
    i.am_util_stdio_printf                   0x000038cc   Section        0  am_util_stdio.o(i.am_util_stdio_printf)
    i.am_util_stdio_printf_init              0x000038fc   Section        0  am_util_stdio.o(i.am_util_stdio_printf_init)
    i.am_util_stdio_sprintf                  0x00003908   Section        0  am_util_stdio.o(i.am_util_stdio_sprintf)
    i.am_util_stdio_terminal_clear           0x0000392c   Section        0  am_util_stdio.o(i.am_util_stdio_terminal_clear)
    i.am_util_stdio_vsprintf                 0x0000394c   Section        0  am_util_stdio.o(i.am_util_stdio_vsprintf)
    i.am_watchdog_isr                        0x00003d00   Section        0  i2c_loopback.o(i.am_watchdog_isr)
    i.calc_velocity                          0x00003d58   Section        0  i2c_loopback.o(i.calc_velocity)
    i.decstr_to_int                          0x00003efc   Section        0  am_util_stdio.o(i.decstr_to_int)
    decstr_to_int                            0x00003efd   Thumb Code    66  am_util_stdio.o(i.decstr_to_int)
    i.display_init                           0x00003f40   Section        0  i2c_loopback.o(i.display_init)
    i.divu64_10                              0x000040c8   Section        0  am_util_stdio.o(i.divu64_10)
    divu64_10                                0x000040c9   Thumb Code   204  am_util_stdio.o(i.divu64_10)
    i.fabs                                   0x00004194   Section        0  fabs.o(i.fabs)
    i.ftoa                                   0x000041ac   Section        0  am_util_stdio.o(i.ftoa)
    ftoa                                     0x000041ad   Thumb Code   334  am_util_stdio.o(i.ftoa)
    i.i2c_pull_and_wait_scl_hi               0x00004300   Section        0  am_hal_i2c_bit_bang.o(i.i2c_pull_and_wait_scl_hi)
    i2c_pull_and_wait_scl_hi                 0x00004301   Thumb Code    54  am_hal_i2c_bit_bang.o(i.i2c_pull_and_wait_scl_hi)
    i.i2c_send_byte                          0x0000433c   Section        0  am_hal_i2c_bit_bang.o(i.i2c_send_byte)
    i2c_send_byte                            0x0000433d   Thumb Code   154  am_hal_i2c_bit_bang.o(i.i2c_send_byte)
    i.internal_iom_get_int_err               0x000043dc   Section        0  am_hal_iom.o(i.internal_iom_get_int_err)
    internal_iom_get_int_err                 0x000043dd   Thumb Code    58  am_hal_iom.o(i.internal_iom_get_int_err)
    i.iom_set_up                             0x00004418   Section        0  i2c_loopback.o(i.iom_set_up)
    iom_set_up                               0x00004419   Thumb Code   428  i2c_loopback.o(i.iom_set_up)
    i.itm_start                              0x000045d0   Section        0  i2c_loopback.o(i.itm_start)
    i.kalman_filter                          0x00004630   Section        0  i2c_loopback.o(i.kalman_filter)
    i.main                                   0x000047c0   Section        0  i2c_loopback.o(i.main)
    i.ndigits_in_hex                         0x00004828   Section        0  am_util_stdio.o(i.ndigits_in_hex)
    ndigits_in_hex                           0x00004829   Thumb Code    52  am_util_stdio.o(i.ndigits_in_hex)
    i.ndigits_in_i64                         0x0000485c   Section        0  am_util_stdio.o(i.ndigits_in_i64)
    ndigits_in_i64                           0x0000485d   Thumb Code    36  am_util_stdio.o(i.ndigits_in_i64)
    i.ndigits_in_u64                         0x00004880   Section        0  am_util_stdio.o(i.ndigits_in_u64)
    ndigits_in_u64                           0x00004881   Thumb Code    58  am_util_stdio.o(i.ndigits_in_u64)
    i.padbuffer                              0x000048ba   Section        0  am_util_stdio.o(i.padbuffer)
    padbuffer                                0x000048bb   Thumb Code    34  am_util_stdio.o(i.padbuffer)
    i.pressure_sensor_init                   0x000048dc   Section        0  i2c_loopback.o(i.pressure_sensor_init)
    i.pressure_sensor_read                   0x000049f8   Section        0  i2c_loopback.o(i.pressure_sensor_read)
    i.setBuckZX                              0x00004b54   Section        0  am_hal_sysctrl.o(i.setBuckZX)
    setBuckZX                                0x00004b55   Thumb Code   112  am_hal_sysctrl.o(i.setBuckZX)
    i.simple_strlen                          0x00004bcc   Section        0  am_util_stdio.o(i.simple_strlen)
    simple_strlen                            0x00004bcd   Thumb Code    24  am_util_stdio.o(i.simple_strlen)
    i.sqrt                                   0x00004be4   Section        0  sqrt.o(i.sqrt)
    i.stimer_init                            0x00004c54   Section        0  i2c_loopback.o(i.stimer_init)
    i.uint64_to_hexstr                       0x00004c94   Section        0  am_util_stdio.o(i.uint64_to_hexstr)
    uint64_to_hexstr                         0x00004c95   Thumb Code   138  am_util_stdio.o(i.uint64_to_hexstr)
    i.uint64_to_str                          0x00004d1e   Section        0  am_util_stdio.o(i.uint64_to_str)
    uint64_to_str                            0x00004d1f   Thumb Code   112  am_util_stdio.o(i.uint64_to_str)
    x$fpl$basic                              0x00004d8e   Section       24  basic.o(x$fpl$basic)
    $v0                                      0x00004d8e   Number         0  basic.o(x$fpl$basic)
    x$fpl$d2f                                0x00004da8   Section       98  d2f.o(x$fpl$d2f)
    $v0                                      0x00004da8   Number         0  d2f.o(x$fpl$d2f)
    x$fpl$dadd                               0x00004e0c   Section      336  daddsub_clz.o(x$fpl$dadd)
    $v0                                      0x00004e0c   Number         0  daddsub_clz.o(x$fpl$dadd)
    _dadd1                                   0x00004e1d   Thumb Code     0  daddsub_clz.o(x$fpl$dadd)
    x$fpl$dcheck1                            0x00004f5c   Section       16  dcheck1.o(x$fpl$dcheck1)
    $v0                                      0x00004f5c   Number         0  dcheck1.o(x$fpl$dcheck1)
    x$fpl$dcmpinf                            0x00004f6c   Section       24  dcmpi.o(x$fpl$dcmpinf)
    $v0                                      0x00004f6c   Number         0  dcmpi.o(x$fpl$dcmpinf)
    x$fpl$ddiv                               0x00004f84   Section      688  ddiv.o(x$fpl$ddiv)
    $v0                                      0x00004f84   Number         0  ddiv.o(x$fpl$ddiv)
    ddiv_entry                               0x00004f8b   Thumb Code     0  ddiv.o(x$fpl$ddiv)
    x$fpl$dfixu                              0x00005234   Section       90  dfixu.o(x$fpl$dfixu)
    $v0                                      0x00005234   Number         0  dfixu.o(x$fpl$dfixu)
    x$fpl$dflt                               0x0000528e   Section       46  dflt_clz.o(x$fpl$dflt)
    $v0                                      0x0000528e   Number         0  dflt_clz.o(x$fpl$dflt)
    x$fpl$dfltu                              0x000052bc   Section       38  dflt_clz.o(x$fpl$dfltu)
    $v0                                      0x000052bc   Number         0  dflt_clz.o(x$fpl$dfltu)
    x$fpl$dleqf                              0x000052e4   Section      120  dleqf.o(x$fpl$dleqf)
    $v0                                      0x000052e4   Number         0  dleqf.o(x$fpl$dleqf)
    x$fpl$dmul                               0x0000535c   Section      340  dmul.o(x$fpl$dmul)
    $v0                                      0x0000535c   Number         0  dmul.o(x$fpl$dmul)
    x$fpl$dnaninf                            0x000054b0   Section      156  dnaninf.o(x$fpl$dnaninf)
    $v0                                      0x000054b0   Number         0  dnaninf.o(x$fpl$dnaninf)
    x$fpl$dretinf                            0x0000554c   Section       12  dretinf.o(x$fpl$dretinf)
    $v0                                      0x0000554c   Number         0  dretinf.o(x$fpl$dretinf)
    x$fpl$drleqf                             0x00005558   Section      108  drleqf.o(x$fpl$drleqf)
    $v0                                      0x00005558   Number         0  drleqf.o(x$fpl$drleqf)
    x$fpl$drsb                               0x000055c4   Section       22  daddsub_clz.o(x$fpl$drsb)
    $v0                                      0x000055c4   Number         0  daddsub_clz.o(x$fpl$drsb)
    x$fpl$dsqrt                              0x000055dc   Section      408  dsqrt_umaal.o(x$fpl$dsqrt)
    $v0                                      0x000055dc   Number         0  dsqrt_umaal.o(x$fpl$dsqrt)
    x$fpl$dsub                               0x00005774   Section      468  daddsub_clz.o(x$fpl$dsub)
    $v0                                      0x00005774   Number         0  daddsub_clz.o(x$fpl$dsub)
    _dsub1                                   0x00005785   Thumb Code     0  daddsub_clz.o(x$fpl$dsub)
    x$fpl$f2d                                0x00005948   Section       86  f2d.o(x$fpl$f2d)
    $v0                                      0x00005948   Number         0  f2d.o(x$fpl$f2d)
    x$fpl$fnaninf                            0x0000599e   Section      140  fnaninf.o(x$fpl$fnaninf)
    $v0                                      0x0000599e   Number         0  fnaninf.o(x$fpl$fnaninf)
    x$fpl$fpinit                             0x00005a2a   Section       10  fpinit.o(x$fpl$fpinit)
    $v0                                      0x00005a2a   Number         0  fpinit.o(x$fpl$fpinit)
    x$fpl$fretinf                            0x00005a34   Section       10  fretinf.o(x$fpl$fretinf)
    $v0                                      0x00005a34   Number         0  fretinf.o(x$fpl$fretinf)
    x$fpl$retnan                             0x00005a3e   Section      100  retnan.o(x$fpl$retnan)
    $v0                                      0x00005a3e   Number         0  retnan.o(x$fpl$retnan)
    x$fpl$scalbn                             0x00005aa2   Section       92  scalbn.o(x$fpl$scalbn)
    $v0                                      0x00005aa2   Number         0  scalbn.o(x$fpl$scalbn)
    x$fpl$trapveneer                         0x00005afe   Section       48  trapv.o(x$fpl$trapveneer)
    $v0                                      0x00005afe   Number         0  trapv.o(x$fpl$trapveneer)
    x$fpl$usenofp                            0x00005b2e   Section        0  usenofp.o(x$fpl$usenofp)
    .constdata                               0x00005b30   Section      492  i2c_loopback.o(.constdata)
    ASCII                                    0x00005b30   Data         480  i2c_loopback.o(.constdata)
    .constdata                               0x00005d1c   Section       12  am_hal_cachectrl.o(.constdata)
    .constdata                               0x00005d28   Section       65  am_hal_iom.o(.constdata)
    .constdata                               0x00005d70   Section      136  pow.o(.constdata)
    bp                                       0x00005d70   Data          16  pow.o(.constdata)
    dp_h                                     0x00005d80   Data          16  pow.o(.constdata)
    dp_l                                     0x00005d90   Data          16  pow.o(.constdata)
    L                                        0x00005da0   Data          48  pow.o(.constdata)
    P                                        0x00005dd0   Data          40  pow.o(.constdata)
    .constdata                               0x00005df8   Section        8  qnan.o(.constdata)
    .data                                    0x10000000   Section      168  i2c_loopback.o(.data)
    g_sIOMI2cConfig_i2c                      0x1000009c   Data          12  i2c_loopback.o(.data)
    .data                                    0x100000a8   Section        5  am_util_stdio.o(.data)
    g_bTxtXlate                              0x100000ac   Data           1  am_util_stdio.o(.data)
    .data                                    0x100000b0   Section        4  am_hal_global.o(.data)
    .data                                    0x100000b4   Section       48  am_bsp.o(.data)
    g_SPIpins                                0x100000b4   Data          48  am_bsp.o(.data)
    .data                                    0x100000e4   Section       80  am_hal_flash.o(.data)
    .data                                    0x10000134   Section       18  am_hal_iom.o(.data)
    g_iom_error_status                       0x1000013f   Data           7  am_hal_iom.o(.data)
    .data                                    0x10000148   Section       28  am_hal_sysctrl.o(.data)
    g_bBuckRestoreComplete                   0x10000148   Data           1  am_hal_sysctrl.o(.data)
    g_ui32BuckTimer                          0x1000014c   Data           4  am_hal_sysctrl.o(.data)
    g_ui32BuckInputs                         0x10000150   Data           4  am_hal_sysctrl.o(.data)
    g_buckZX_chk                             0x10000154   Data           4  am_hal_sysctrl.o(.data)
    g_ui32SaveCoreBuckZX                     0x10000158   Data           4  am_hal_sysctrl.o(.data)
    g_ui32SaveMemBuckZX                      0x1000015c   Data           4  am_hal_sysctrl.o(.data)
    g_ui32CoreBuck                           0x10000160   Data           4  am_hal_sysctrl.o(.data)
    .bss                                     0x10000164   Section       72  i2c_loopback.o(.bss)
    .bss                                     0x100001ac   Section      256  am_util_stdio.o(.bss)
    g_prfbuf                                 0x100001ac   Data         256  am_util_stdio.o(.bss)
    .bss                                     0x100002ac   Section      408  am_hal_iom.o(.bss)
    .bss                                     0x10000444   Section       44  am_hal_i2c_bit_bang.o(.bss)
    am_hal_i2c_bit_bang_priv                 0x10000444   Data          44  am_hal_i2c_bit_bang.o(.bss)
    .bss                                     0x10000470   Section       96  libspace.o(.bss)
    HEAP                                     0x100004d0   Section        0  startup_keil.o(HEAP)
    STACK                                    0x100004d0   Section     4096  startup_keil.o(STACK)
    HeapMem                                  0x100004d0   Data           0  startup_keil.o(HEAP)
    StackMem                                 0x100004d0   Data           0  startup_keil.o(STACK)

    Global Symbols

    Symbol Name                              Value     Ov Type        Size  Object(Section)

    BuildAttributes$$THM_ISAv4$E$P$D$K$B$S$7EM$VFPi3$EXTD16$VFPS$VFMA$PE$A:L22UL41UL21$X:L11$S22US41US21$IEEE1$IW$USESV6$~STKCKD$USESV7$~SHL$OTIME$ROPI$IEEEX$EBA8$UX$STANDARDLIB$REQ8$EABIv2 0x00000000   Number         0  anon$$obj.o ABSOLUTE
    __ARM_use_no_argv                        0x00000000   Number         0  i2c_loopback.o ABSOLUTE
    __Vectors                                0x00000000   Data           0  startup_keil.o(RESET)
    __ARM_exceptions_init                     - Undefined Weak Reference
    __alloca_initialize                       - Undefined Weak Reference
    __arm_preinit_                            - Undefined Weak Reference
    __cpp_initialize__aeabi_                  - Undefined Weak Reference
    __cxa_finalize                            - Undefined Weak Reference
    __rt_locale                               - Undefined Weak Reference
    __sigvec_lookup                           - Undefined Weak Reference
    _atexit_init                              - Undefined Weak Reference
    _call_atexit_fns                          - Undefined Weak Reference
    _clock_init                               - Undefined Weak Reference
    _fp_trap_init                             - Undefined Weak Reference
    _fp_trap_shutdown                         - Undefined Weak Reference
    _get_lc_collate                           - Undefined Weak Reference
    _get_lc_ctype                             - Undefined Weak Reference
    _get_lc_monetary                          - Undefined Weak Reference
    _get_lc_numeric                           - Undefined Weak Reference
    _get_lc_time                              - Undefined Weak Reference
    _getenv_init                              - Undefined Weak Reference
    _handle_redirection                       - Undefined Weak Reference
    _init_alloc                               - Undefined Weak Reference
    _init_user_alloc                          - Undefined Weak Reference
    _initio                                   - Undefined Weak Reference
    _rand_init                                - Undefined Weak Reference
    _signal_finish                            - Undefined Weak Reference
    _signal_init                              - Undefined Weak Reference
    _terminate_alloc                          - Undefined Weak Reference
    _terminate_user_alloc                     - Undefined Weak Reference
    _terminateio                              - Undefined Weak Reference
    Reset_Handler                            0x000000c1   Thumb Code    28  startup_keil.o(RESET)
    am_nmi_isr                               0x000000dd   Thumb Code     2  startup_keil.o(RESET)
    am_memmanage_isr                         0x000000e1   Thumb Code     2  startup_keil.o(RESET)
    am_adc_isr                               0x000000e3   Thumb Code     0  startup_keil.o(RESET)
    am_brownout_isr                          0x000000e3   Thumb Code     0  startup_keil.o(RESET)
    am_clkgen_isr                            0x000000e3   Thumb Code     0  startup_keil.o(RESET)
    am_debugmon_isr                          0x000000e3   Thumb Code     0  startup_keil.o(RESET)
    am_flash_isr                             0x000000e3   Thumb Code     0  startup_keil.o(RESET)
    am_gpio_isr                              0x000000e3   Thumb Code     0  startup_keil.o(RESET)
    am_iomaster0_isr                         0x000000e3   Thumb Code     0  startup_keil.o(RESET)
    am_iomaster1_isr                         0x000000e3   Thumb Code     0  startup_keil.o(RESET)
    am_iomaster2_isr                         0x000000e3   Thumb Code     0  startup_keil.o(RESET)
    am_iomaster3_isr                         0x000000e3   Thumb Code     0  startup_keil.o(RESET)
    am_iomaster4_isr                         0x000000e3   Thumb Code     0  startup_keil.o(RESET)
    am_iomaster5_isr                         0x000000e3   Thumb Code     0  startup_keil.o(RESET)
    am_ioslave_acc_isr                       0x000000e3   Thumb Code     0  startup_keil.o(RESET)
    am_ioslave_ios_isr                       0x000000e3   Thumb Code     0  startup_keil.o(RESET)
    am_pdm_isr                               0x000000e3   Thumb Code     0  startup_keil.o(RESET)
    am_pendsv_isr                            0x000000e3   Thumb Code     0  startup_keil.o(RESET)
    am_software0_isr                         0x000000e3   Thumb Code     0  startup_keil.o(RESET)
    am_software1_isr                         0x000000e3   Thumb Code     0  startup_keil.o(RESET)
    am_software2_isr                         0x000000e3   Thumb Code     0  startup_keil.o(RESET)
    am_software3_isr                         0x000000e3   Thumb Code     0  startup_keil.o(RESET)
    am_stimer_cmpr2_isr                      0x000000e3   Thumb Code     0  startup_keil.o(RESET)
    am_stimer_cmpr3_isr                      0x000000e3   Thumb Code     0  startup_keil.o(RESET)
    am_stimer_cmpr4_isr                      0x000000e3   Thumb Code     0  startup_keil.o(RESET)
    am_stimer_cmpr5_isr                      0x000000e3   Thumb Code     0  startup_keil.o(RESET)
    am_stimer_cmpr6_isr                      0x000000e3   Thumb Code     0  startup_keil.o(RESET)
    am_stimer_cmpr7_isr                      0x000000e3   Thumb Code     0  startup_keil.o(RESET)
    am_stimer_isr                            0x000000e3   Thumb Code     0  startup_keil.o(RESET)
    am_svcall_isr                            0x000000e3   Thumb Code     0  startup_keil.o(RESET)
    am_systick_isr                           0x000000e3   Thumb Code     0  startup_keil.o(RESET)
    am_uart0_isr                             0x000000e3   Thumb Code     0  startup_keil.o(RESET)
    am_uart1_isr                             0x000000e3   Thumb Code     0  startup_keil.o(RESET)
    am_uart_isr                              0x000000e3   Thumb Code     0  startup_keil.o(RESET)
    am_vcomp_isr                             0x000000e3   Thumb Code     0  startup_keil.o(RESET)
    __main                                   0x000000e9   Thumb Code     8  __main.o(!!!main)
    __scatterload                            0x000000f1   Thumb Code     0  __scatter.o(!!!scatter)
    __scatterload_rt2                        0x000000f1   Thumb Code    44  __scatter.o(!!!scatter)
    __scatterload_rt2_thumb_only             0x000000f1   Thumb Code     0  __scatter.o(!!!scatter)
    __scatterload_null                       0x000000ff   Thumb Code     0  __scatter.o(!!!scatter)
    __decompress                             0x00000125   Thumb Code    90  __dczerorl2.o(!!dczerorl2)
    __decompress1                            0x00000125   Thumb Code     0  __dczerorl2.o(!!dczerorl2)
    __scatterload_zeroinit                   0x00000181   Thumb Code    28  __scatter_zi.o(!!handler_zi)
    __rt_lib_init                            0x0000019d   Thumb Code     0  libinit.o(.ARM.Collect$$libinit$$00000000)
    __rt_lib_init_fp_1                       0x0000019f   Thumb Code     0  libinit2.o(.ARM.Collect$$libinit$$00000001)
    __rt_lib_init_alloca_1                   0x000001a3   Thumb Code     0  libinit2.o(.ARM.Collect$$libinit$$0000002E)
    __rt_lib_init_argv_1                     0x000001a3   Thumb Code     0  libinit2.o(.ARM.Collect$$libinit$$0000002C)
    __rt_lib_init_atexit_1                   0x000001a3   Thumb Code     0  libinit2.o(.ARM.Collect$$libinit$$0000001B)
    __rt_lib_init_clock_1                    0x000001a3   Thumb Code     0  libinit2.o(.ARM.Collect$$libinit$$00000021)
    __rt_lib_init_cpp_1                      0x000001a3   Thumb Code     0  libinit2.o(.ARM.Collect$$libinit$$00000032)
    __rt_lib_init_exceptions_1               0x000001a3   Thumb Code     0  libinit2.o(.ARM.Collect$$libinit$$00000030)
    __rt_lib_init_fp_trap_1                  0x000001a3   Thumb Code     0  libinit2.o(.ARM.Collect$$libinit$$0000001F)
    __rt_lib_init_getenv_1                   0x000001a3   Thumb Code     0  libinit2.o(.ARM.Collect$$libinit$$00000023)
    __rt_lib_init_heap_1                     0x000001a3   Thumb Code     0  libinit2.o(.ARM.Collect$$libinit$$0000000A)
    __rt_lib_init_lc_collate_1               0x000001a3   Thumb Code     0  libinit2.o(.ARM.Collect$$libinit$$00000011)
    __rt_lib_init_lc_ctype_1                 0x000001a3   Thumb Code     0  libinit2.o(.ARM.Collect$$libinit$$00000013)
    __rt_lib_init_lc_monetary_1              0x000001a3   Thumb Code     0  libinit2.o(.ARM.Collect$$libinit$$00000015)
    __rt_lib_init_lc_numeric_1               0x000001a3   Thumb Code     0  libinit2.o(.ARM.Collect$$libinit$$00000017)
    __rt_lib_init_lc_time_1                  0x000001a3   Thumb Code     0  libinit2.o(.ARM.Collect$$libinit$$00000019)
    __rt_lib_init_preinit_1                  0x000001a3   Thumb Code     0  libinit2.o(.ARM.Collect$$libinit$$00000004)
    __rt_lib_init_rand_1                     0x000001a3   Thumb Code     0  libinit2.o(.ARM.Collect$$libinit$$0000000E)
    __rt_lib_init_return                     0x000001a3   Thumb Code     0  libinit2.o(.ARM.Collect$$libinit$$00000033)
    __rt_lib_init_signal_1                   0x000001a3   Thumb Code     0  libinit2.o(.ARM.Collect$$libinit$$0000001D)
    __rt_lib_init_stdio_1                    0x000001a3   Thumb Code     0  libinit2.o(.ARM.Collect$$libinit$$00000025)
    __rt_lib_init_user_alloc_1               0x000001a3   Thumb Code     0  libinit2.o(.ARM.Collect$$libinit$$0000000C)
    __rt_lib_shutdown                        0x000001a5   Thumb Code     0  libshutdown.o(.ARM.Collect$$libshutdown$$00000000)
    __rt_lib_shutdown_cpp_1                  0x000001a7   Thumb Code     0  libshutdown2.o(.ARM.Collect$$libshutdown$$00000002)
    __rt_lib_shutdown_fp_trap_1              0x000001a7   Thumb Code     0  libshutdown2.o(.ARM.Collect$$libshutdown$$00000007)
    __rt_lib_shutdown_heap_1                 0x000001a7   Thumb Code     0  libshutdown2.o(.ARM.Collect$$libshutdown$$0000000F)
    __rt_lib_shutdown_return                 0x000001a7   Thumb Code     0  libshutdown2.o(.ARM.Collect$$libshutdown$$00000010)
    __rt_lib_shutdown_signal_1               0x000001a7   Thumb Code     0  libshutdown2.o(.ARM.Collect$$libshutdown$$0000000A)
    __rt_lib_shutdown_stdio_1                0x000001a7   Thumb Code     0  libshutdown2.o(.ARM.Collect$$libshutdown$$00000004)
    __rt_lib_shutdown_user_alloc_1           0x000001a7   Thumb Code     0  libshutdown2.o(.ARM.Collect$$libshutdown$$0000000C)
    __rt_entry                               0x000001a9   Thumb Code     0  __rtentry.o(.ARM.Collect$$rtentry$$00000000)
    __rt_entry_presh_1                       0x000001a9   Thumb Code     0  __rtentry2.o(.ARM.Collect$$rtentry$$00000002)
    __rt_entry_sh                            0x000001a9   Thumb Code     0  __rtentry4.o(.ARM.Collect$$rtentry$$00000004)
    __rt_entry_li                            0x000001af   Thumb Code     0  __rtentry2.o(.ARM.Collect$$rtentry$$0000000A)
    __rt_entry_postsh_1                      0x000001af   Thumb Code     0  __rtentry2.o(.ARM.Collect$$rtentry$$00000009)
    __rt_entry_main                          0x000001b3   Thumb Code     0  __rtentry2.o(.ARM.Collect$$rtentry$$0000000D)
    __rt_entry_postli_1                      0x000001b3   Thumb Code     0  __rtentry2.o(.ARM.Collect$$rtentry$$0000000C)
    __rt_exit                                0x000001bb   Thumb Code     0  rtexit.o(.ARM.Collect$$rtexit$$00000000)
    __rt_exit_ls                             0x000001bd   Thumb Code     0  rtexit2.o(.ARM.Collect$$rtexit$$00000003)
    __rt_exit_prels_1                        0x000001bd   Thumb Code     0  rtexit2.o(.ARM.Collect$$rtexit$$00000002)
    __rt_exit_exit                           0x000001c1   Thumb Code     0  rtexit2.o(.ARM.Collect$$rtexit$$00000004)
    am_fault_isr                             0x000001c9   Thumb Code    12  am_util_faultisr.o(.emb_text)
    getStackedReg                            0x000001d5   Thumb Code     8  am_util_faultisr.o(.emb_text)
    am_hal_interrupt_master_enable           0x000001dd   Thumb Code     8  am_hal_interrupt.o(.emb_text)
    am_hal_interrupt_master_disable          0x000001e5   Thumb Code     8  am_hal_interrupt.o(.emb_text)
    am_hal_interrupt_master_set              0x000001ed   Thumb Code     6  am_hal_interrupt.o(.emb_text)
    __asm___12_am_hal_iom_c_97762dd2__iom_workaround_loop 0x000001f5   Thumb Code    32  am_hal_iom.o(.emb_text)
    __user_initial_stackheap                 0x00000219   Thumb Code    10  startup_keil.o(.text)
    __aeabi_memclr4                          0x00000231   Thumb Code     0  rt_memclr_w.o(.text)
    __aeabi_memclr8                          0x00000231   Thumb Code     0  rt_memclr_w.o(.text)
    __rt_memclr_w                            0x00000231   Thumb Code    78  rt_memclr_w.o(.text)
    _memset_w                                0x00000235   Thumb Code     0  rt_memclr_w.o(.text)
    __use_two_region_memory                  0x0000027f   Thumb Code     2  heapauxi.o(.text)
    __rt_heap_escrow$2region                 0x00000281   Thumb Code     2  heapauxi.o(.text)
    __rt_heap_expand$2region                 0x00000283   Thumb Code     2  heapauxi.o(.text)
    __read_errno                             0x00000285   Thumb Code    10  _rserrno.o(.text)
    __set_errno                              0x0000028f   Thumb Code    12  _rserrno.o(.text)
    __aeabi_errno_addr                       0x0000029d   Thumb Code     8  rt_errno_addr_intlibspace.o(.text)
    __errno$intlibspace                      0x0000029d   Thumb Code     0  rt_errno_addr_intlibspace.o(.text)
    __rt_errno_addr$intlibspace              0x0000029d   Thumb Code     0  rt_errno_addr_intlibspace.o(.text)
    __user_libspace                          0x000002a5   Thumb Code     8  libspace.o(.text)
    __user_perproc_libspace                  0x000002a5   Thumb Code     0  libspace.o(.text)
    __user_perthread_libspace                0x000002a5   Thumb Code     0  libspace.o(.text)
    __user_setup_stackheap                   0x000002ad   Thumb Code    74  sys_stackheap_outer.o(.text)
    exit                                     0x000002f7   Thumb Code    18  exit.o(.text)
    _sys_exit                                0x00000309   Thumb Code     8  sys_exit.o(.text)
    __I$use$semihosting                      0x00000315   Thumb Code     0  use_no_semi.o(.text)
    __use_no_semihosting_swi                 0x00000315   Thumb Code     2  use_no_semi.o(.text)
    __semihosting_library_function           0x00000317   Thumb Code     0  indicate_semi.o(.text)
    LcdString                                0x00000319   Thumb Code   154  i2c_loopback.o(i.LcdString)
    __ARM_fpclassify                         0x000003bd   Thumb Code    48  fpclassify.o(i.__ARM_fpclassify)
    __hardfp_pow                             0x000003f1   Thumb Code  3072  pow.o(i.__hardfp_pow)
    __kernel_poly                            0x00001041   Thumb Code   248  poly.o(i.__kernel_poly)
    __mathlib_dbl_divzero                    0x00001139   Thumb Code    28  dunder.o(i.__mathlib_dbl_divzero)
    __mathlib_dbl_infnan2                    0x00001169   Thumb Code    20  dunder.o(i.__mathlib_dbl_infnan2)
    __mathlib_dbl_invalid                    0x00001181   Thumb Code    24  dunder.o(i.__mathlib_dbl_invalid)
    __mathlib_dbl_overflow                   0x000011a1   Thumb Code    24  dunder.o(i.__mathlib_dbl_overflow)
    __mathlib_dbl_underflow                  0x000011c1   Thumb Code    24  dunder.o(i.__mathlib_dbl_underflow)
    am_bsp_debug_printf_enable               0x000011e1   Thumb Code    92  am_bsp.o(i.am_bsp_debug_printf_enable)
    am_bsp_iom_enable                        0x00001251   Thumb Code   208  am_bsp.o(i.am_bsp_iom_enable)
    am_bsp_itm_string_print                  0x0000132d   Thumb Code     4  am_bsp.o(i.am_bsp_itm_string_print)
    am_bsp_low_power_init                    0x00001331   Thumb Code    34  am_bsp.o(i.am_bsp_low_power_init)
    am_ctimer_isr                            0x00001355   Thumb Code    28  i2c_loopback.o(i.am_ctimer_isr)
    am_hal_cachectrl_enable                  0x00001379   Thumb Code   204  am_hal_cachectrl.o(i.am_hal_cachectrl_enable)
    am_hal_clkgen_osc_start                  0x00001449   Thumb Code    22  am_hal_clkgen.o(i.am_hal_clkgen_osc_start)
    am_hal_clkgen_osc_stop                   0x0000145f   Thumb Code    20  am_hal_clkgen.o(i.am_hal_clkgen_osc_stop)
    am_hal_clkgen_sysclk_get                 0x00001475   Thumb Code    28  am_hal_clkgen.o(i.am_hal_clkgen_sysclk_get)
    am_hal_clkgen_sysclk_select              0x00001499   Thumb Code    32  am_hal_clkgen.o(i.am_hal_clkgen_sysclk_select)
    am_hal_ctimer_clear                      0x00001505   Thumb Code    36  am_hal_ctimer.o(i.am_hal_ctimer_clear)
    am_hal_ctimer_int_clear                  0x0000152d   Thumb Code     8  am_hal_ctimer.o(i.am_hal_ctimer_int_clear)
    am_hal_ctimer_period_set                 0x00001539   Thumb Code   112  am_hal_ctimer.o(i.am_hal_ctimer_period_set)
    am_hal_ctimer_start                      0x000015b5   Thumb Code    42  am_hal_ctimer.o(i.am_hal_ctimer_start)
    am_hal_debug_error                       0x000015e5   Thumb Code     2  am_hal_debug.o(i.am_hal_debug_error)
    am_hal_flash_delay                       0x000015e9   Thumb Code     6  am_hal_flash.o(i.am_hal_flash_delay)
    am_hal_flash_delay_status_change         0x000015f5   Thumb Code    52  am_hal_flash.o(i.am_hal_flash_delay_status_change)
    am_hal_i2c_bit_bang_receive              0x0000162d   Thumb Code   470  am_hal_i2c_bit_bang.o(i.am_hal_i2c_bit_bang_receive)
    am_hal_i2c_bit_bang_send                 0x00001809   Thumb Code   198  am_hal_i2c_bit_bang.o(i.am_hal_i2c_bit_bang_send)
    am_hal_interrupt_enable                  0x000018d5   Thumb Code    70  am_hal_interrupt.o(i.am_hal_interrupt_enable)
    am_hal_iom_config                        0x00001921   Thumb Code   622  am_hal_iom.o(i.am_hal_iom_config)
    am_hal_iom_enable                        0x00001bad   Thumb Code    36  am_hal_iom.o(i.am_hal_iom_enable)
    am_hal_iom_fifo_read                     0x00001bd5   Thumb Code   144  am_hal_iom.o(i.am_hal_iom_fifo_read)
    am_hal_iom_fifo_write                    0x00001cad   Thumb Code   164  am_hal_iom.o(i.am_hal_iom_fifo_write)
    am_hal_iom_i2c_cmd_run                   0x00001d95   Thumb Code   340  am_hal_iom.o(i.am_hal_iom_i2c_cmd_run)
    am_hal_iom_i2c_read                      0x00001f01   Thumb Code   298  am_hal_iom.o(i.am_hal_iom_i2c_read)
    am_hal_iom_i2c_read_nb                   0x00002041   Thumb Code   226  am_hal_iom.o(i.am_hal_iom_i2c_read_nb)
    am_hal_iom_i2c_read_nq                   0x00002135   Thumb Code   324  am_hal_iom.o(i.am_hal_iom_i2c_read_nq)
    am_hal_iom_i2c_write                     0x0000228d   Thumb Code   296  am_hal_iom.o(i.am_hal_iom_i2c_write)
    am_hal_iom_i2c_write_nb                  0x000023c9   Thumb Code   274  am_hal_iom.o(i.am_hal_iom_i2c_write_nb)
    am_hal_iom_i2c_write_nq                  0x000024ed   Thumb Code   372  am_hal_iom.o(i.am_hal_iom_i2c_write_nq)
    am_hal_iom_int_enable                    0x00002675   Thumb Code    28  am_hal_iom.o(i.am_hal_iom_int_enable)
    am_hal_iom_pwrctrl_enable                0x00002691   Thumb Code    32  am_hal_iom.o(i.am_hal_iom_pwrctrl_enable)
    am_hal_iom_sleeping_queue_flush          0x000026f5   Thumb Code    78  am_hal_iom.o(i.am_hal_iom_sleeping_queue_flush)
    am_hal_iom_spi_write                     0x0000274d   Thumb Code   218  am_hal_iom.o(i.am_hal_iom_spi_write)
    am_hal_iom_spi_write_nb                  0x00002839   Thumb Code   264  am_hal_iom.o(i.am_hal_iom_spi_write_nb)
    am_hal_iom_spi_write_nq                  0x00002955   Thumb Code   328  am_hal_iom.o(i.am_hal_iom_spi_write_nq)
    am_hal_iom_workaround_word_write         0x00002ab5   Thumb Code  1188  am_hal_iom.o(i.am_hal_iom_workaround_word_write)
    am_hal_itm_enable                        0x00002f59   Thumb Code    56  am_hal_itm.o(i.am_hal_itm_enable)
    am_hal_itm_print                         0x00002fb1   Thumb Code    48  am_hal_itm.o(i.am_hal_itm_print)
    am_hal_mcuctrl_fault_status              0x00002fe1   Thumb Code    52  am_hal_mcuctrl.o(i.am_hal_mcuctrl_fault_status)
    am_hal_pwrctrl_bucks_disable             0x00003019   Thumb Code    68  am_hal_pwrctrl.o(i.am_hal_pwrctrl_bucks_disable)
    am_hal_pwrctrl_bucks_enable              0x00003065   Thumb Code    46  am_hal_pwrctrl.o(i.am_hal_pwrctrl_bucks_enable)
    am_hal_pwrctrl_bucks_init                0x00003099   Thumb Code    60  am_hal_pwrctrl.o(i.am_hal_pwrctrl_bucks_init)
    am_hal_pwrctrl_low_power_init            0x000030d9   Thumb Code    20  am_hal_pwrctrl.o(i.am_hal_pwrctrl_low_power_init)
    am_hal_pwrctrl_memory_enable             0x000030f1   Thumb Code   372  am_hal_pwrctrl.o(i.am_hal_pwrctrl_memory_enable)
    am_hal_pwrctrl_periph_enable             0x00003271   Thumb Code   114  am_hal_pwrctrl.o(i.am_hal_pwrctrl_periph_enable)
    am_hal_queue_item_add                    0x00003331   Thumb Code   158  am_hal_queue.o(i.am_hal_queue_item_add)
    am_hal_reset_status_clear                0x000033cf   Thumb Code     8  am_hal_reset.o(i.am_hal_reset_status_clear)
    am_hal_rtc_osc_disable                   0x000033d7   Thumb Code    14  am_hal_rtc.o(i.am_hal_rtc_osc_disable)
    am_hal_rtc_osc_select                    0x000033e5   Thumb Code    22  am_hal_rtc.o(i.am_hal_rtc_osc_select)
    am_hal_stimer_compare_delta_set          0x000033fd   Thumb Code    78  am_hal_stimer.o(i.am_hal_stimer_compare_delta_set)
    am_hal_stimer_config                     0x00003451   Thumb Code    58  am_hal_stimer.o(i.am_hal_stimer_config)
    am_hal_stimer_int_clear                  0x00003495   Thumb Code     8  am_hal_stimer.o(i.am_hal_stimer_int_clear)
    am_hal_stimer_int_enable                 0x000034a1   Thumb Code    14  am_hal_stimer.o(i.am_hal_stimer_int_enable)
    am_hal_sysctrl_sleep                     0x000034b5   Thumb Code   218  am_hal_sysctrl.o(i.am_hal_sysctrl_sleep)
    am_hal_tpiu_enable                       0x000035a1   Thumb Code   116  am_hal_tpiu.o(i.am_hal_tpiu_enable)
    am_hal_vcomp_disable                     0x00003629   Thumb Code     8  am_hal_vcomp.o(i.am_hal_vcomp_disable)
    am_hal_wdt_init                          0x00003635   Thumb Code   104  am_hal_wdt.o(i.am_hal_wdt_init)
    am_hal_wdt_int_clear                     0x000036a1   Thumb Code    10  am_hal_wdt.o(i.am_hal_wdt_int_clear)
    am_hal_wdt_start                         0x000036b1   Thumb Code    20  am_hal_wdt.o(i.am_hal_wdt_start)
    am_stimer_cmpr0_isr                      0x000036c9   Thumb Code    96  i2c_loopback.o(i.am_stimer_cmpr0_isr)
    am_stimer_cmpr1_isr                      0x00003739   Thumb Code   130  i2c_loopback.o(i.am_stimer_cmpr1_isr)
    am_util_delay_ms                         0x000037d9   Thumb Code    28  am_util_delay.o(i.am_util_delay_ms)
    am_util_delay_us                         0x000037f5   Thumb Code    26  am_util_delay.o(i.am_util_delay_us)
    am_util_faultisr_collect_data            0x00003815   Thumb Code   178  am_util_faultisr.o(i.am_util_faultisr_collect_data)
    am_util_stdio_printf                     0x000038cd   Thumb Code    40  am_util_stdio.o(i.am_util_stdio_printf)
    am_util_stdio_printf_init                0x000038fd   Thumb Code     6  am_util_stdio.o(i.am_util_stdio_printf_init)
    am_util_stdio_sprintf                    0x00003909   Thumb Code    34  am_util_stdio.o(i.am_util_stdio_sprintf)
    am_util_stdio_terminal_clear             0x0000392d   Thumb Code    10  am_util_stdio.o(i.am_util_stdio_terminal_clear)
    am_util_stdio_vsprintf                   0x0000394d   Thumb Code   932  am_util_stdio.o(i.am_util_stdio_vsprintf)
    am_watchdog_isr                          0x00003d01   Thumb Code    60  i2c_loopback.o(i.am_watchdog_isr)
    calc_velocity                            0x00003d59   Thumb Code   360  i2c_loopback.o(i.calc_velocity)
    display_init                             0x00003f41   Thumb Code   388  i2c_loopback.o(i.display_init)
    fabs                                     0x00004195   Thumb Code    24  fabs.o(i.fabs)
    itm_start                                0x000045d1   Thumb Code    82  i2c_loopback.o(i.itm_start)
    kalman_filter                            0x00004631   Thumb Code   376  i2c_loopback.o(i.kalman_filter)
    main                                     0x000047c1   Thumb Code    94  i2c_loopback.o(i.main)
    pressure_sensor_init                     0x000048dd   Thumb Code   186  i2c_loopback.o(i.pressure_sensor_init)
    pressure_sensor_read                     0x000049f9   Thumb Code   336  i2c_loopback.o(i.pressure_sensor_read)
    sqrt                                     0x00004be5   Thumb Code   110  sqrt.o(i.sqrt)
    stimer_init                              0x00004c55   Thumb Code    58  i2c_loopback.o(i.stimer_init)
    __aeabi_dneg                             0x00004d8f   Thumb Code     0  basic.o(x$fpl$basic)
    _dneg                                    0x00004d8f   Thumb Code     6  basic.o(x$fpl$basic)
    __aeabi_fneg                             0x00004d95   Thumb Code     0  basic.o(x$fpl$basic)
    _fneg                                    0x00004d95   Thumb Code     6  basic.o(x$fpl$basic)
    _dabs                                    0x00004d9b   Thumb Code     6  basic.o(x$fpl$basic)
    _fabs                                    0x00004da1   Thumb Code     6  basic.o(x$fpl$basic)
    __aeabi_d2f                              0x00004da9   Thumb Code     0  d2f.o(x$fpl$d2f)
    _d2f                                     0x00004da9   Thumb Code    98  d2f.o(x$fpl$d2f)
    __aeabi_dadd                             0x00004e0d   Thumb Code     0  daddsub_clz.o(x$fpl$dadd)
    _dadd                                    0x00004e0d   Thumb Code   332  daddsub_clz.o(x$fpl$dadd)
    __fpl_dcheck_NaN1                        0x00004f5d   Thumb Code    10  dcheck1.o(x$fpl$dcheck1)
    __fpl_dcmp_Inf                           0x00004f6d   Thumb Code    24  dcmpi.o(x$fpl$dcmpinf)
    __aeabi_ddiv                             0x00004f85   Thumb Code     0  ddiv.o(x$fpl$ddiv)
    _ddiv                                    0x00004f85   Thumb Code   552  ddiv.o(x$fpl$ddiv)
    __aeabi_d2uiz                            0x00005235   Thumb Code     0  dfixu.o(x$fpl$dfixu)
    _dfixu                                   0x00005235   Thumb Code    90  dfixu.o(x$fpl$dfixu)
    __aeabi_i2d                              0x0000528f   Thumb Code     0  dflt_clz.o(x$fpl$dflt)
    _dflt                                    0x0000528f   Thumb Code    46  dflt_clz.o(x$fpl$dflt)
    __aeabi_ui2d                             0x000052bd   Thumb Code     0  dflt_clz.o(x$fpl$dfltu)
    _dfltu                                   0x000052bd   Thumb Code    38  dflt_clz.o(x$fpl$dfltu)
    __aeabi_cdcmple                          0x000052e5   Thumb Code     0  dleqf.o(x$fpl$dleqf)
    _dcmple                                  0x000052e5   Thumb Code   120  dleqf.o(x$fpl$dleqf)
    __fpl_dcmple_InfNaN                      0x00005347   Thumb Code     0  dleqf.o(x$fpl$dleqf)
    __aeabi_dmul                             0x0000535d   Thumb Code     0  dmul.o(x$fpl$dmul)
    _dmul                                    0x0000535d   Thumb Code   332  dmul.o(x$fpl$dmul)
    __fpl_dnaninf                            0x000054b1   Thumb Code   156  dnaninf.o(x$fpl$dnaninf)
    __fpl_dretinf                            0x0000554d   Thumb Code    12  dretinf.o(x$fpl$dretinf)
    __aeabi_cdrcmple                         0x00005559   Thumb Code     0  drleqf.o(x$fpl$drleqf)
    _drcmple                                 0x00005559   Thumb Code   108  drleqf.o(x$fpl$drleqf)
    __aeabi_drsub                            0x000055c5   Thumb Code     0  daddsub_clz.o(x$fpl$drsb)
    _drsb                                    0x000055c5   Thumb Code    22  daddsub_clz.o(x$fpl$drsb)
    _dsqrt                                   0x000055dd   Thumb Code   404  dsqrt_umaal.o(x$fpl$dsqrt)
    __aeabi_dsub                             0x00005775   Thumb Code     0  daddsub_clz.o(x$fpl$dsub)
    _dsub                                    0x00005775   Thumb Code   464  daddsub_clz.o(x$fpl$dsub)
    __aeabi_f2d                              0x00005949   Thumb Code     0  f2d.o(x$fpl$f2d)
    _f2d                                     0x00005949   Thumb Code    86  f2d.o(x$fpl$f2d)
    __fpl_fnaninf                            0x0000599f   Thumb Code   140  fnaninf.o(x$fpl$fnaninf)
    _fp_init                                 0x00005a2b   Thumb Code    10  fpinit.o(x$fpl$fpinit)
    __fplib_config_fpu_vfp                   0x00005a33   Thumb Code     0  fpinit.o(x$fpl$fpinit)
    __fplib_config_pureend_doubles           0x00005a33   Thumb Code     0  fpinit.o(x$fpl$fpinit)
    __fpl_fretinf                            0x00005a35   Thumb Code    10  fretinf.o(x$fpl$fretinf)
    __fpl_return_NaN                         0x00005a3f   Thumb Code   100  retnan.o(x$fpl$retnan)
    __ARM_scalbn                             0x00005aa3   Thumb Code    92  scalbn.o(x$fpl$scalbn)
    __fpl_cmpreturn                          0x00005aff   Thumb Code    48  trapv.o(x$fpl$trapveneer)
    __I$use$fp                               0x00005b2e   Number         0  usenofp.o(x$fpl$usenofp)
    g_sIOMConfig_spi                         0x00005d10   Data          12  i2c_loopback.o(.constdata)
    am_hal_cachectrl_defaults                0x00005d1c   Data          12  am_hal_cachectrl.o(.constdata)
    i2c_bb_errmap                            0x00005d28   Data           5  am_hal_iom.o(.constdata)
    g_IOMPads                                0x00005d2d   Data          39  am_hal_iom.o(.constdata)
    g_I2CPads                                0x00005d54   Data          21  am_hal_iom.o(.constdata)
    __mathlib_zero                           0x00005df8   Data           8  qnan.o(.constdata)
    Region$$Table$$Base                      0x00005e00   Number         0  anon$$obj.o(Region$$Table)
    Region$$Table$$Limit                     0x00005e20   Number         0  anon$$obj.o(Region$$Table)
    BUZZER_BUZZER_WAKE_INTERVAL_IN_MS        0x10000000   Data           4  i2c_loopback.o(.data)
    BUZZER_XT_PERIOD                         0x10000004   Data           4  i2c_loopback.o(.data)
    BUZZER_WAKE_INTERVAL                     0x10000008   Data           4  i2c_loopback.o(.data)
    buzzer_small_frequency                   0x1000000c   Data           4  i2c_loopback.o(.data)
    buzzer_ctimer_counter                    0x10000010   Data           4  i2c_loopback.o(.data)
    buzzer_ctimer_duty_cycle                 0x10000014   Data           4  i2c_loopback.o(.data)
    toggle_bit                               0x10000018   Data           4  i2c_loopback.o(.data)
    old_speed_string_size                    0x1000001c   Data           4  i2c_loopback.o(.data)
    data_pressure                            0x10000020   Data           4  i2c_loopback.o(.data)
    data_temperature                         0x10000024   Data           4  i2c_loopback.o(.data)
    pressure_and_temperature                 0x10000028   Data           8  i2c_loopback.o(.data)
    velocity_array_counter                   0x10000030   Data           1  i2c_loopback.o(.data)
    dt                                       0x10000034   Data           4  i2c_loopback.o(.data)
    xt                                       0x10000038   Data           8  i2c_loopback.o(.data)
    P                                        0x10000040   Data          16  i2c_loopback.o(.data)
    A                                        0x10000050   Data          16  i2c_loopback.o(.data)
    H                                        0x10000060   Data           8  i2c_loopback.o(.data)
    R                                        0x10000068   Data           4  i2c_loopback.o(.data)
    Q                                        0x1000006c   Data          16  i2c_loopback.o(.data)
    eye                                      0x1000007c   Data          16  i2c_loopback.o(.data)
    g_ui8NumWatchdogInterrupts               0x1000008c   Data           1  i2c_loopback.o(.data)
    g_ui32ResetStatus                        0x10000090   Data           4  i2c_loopback.o(.data)
    g_sWatchdogConfig                        0x10000094   Data           8  i2c_loopback.o(.data)
    g_pfnCharPrint                           0x100000a8   Data           4  am_util_stdio.o(.data)
    g_ui32HALflags                           0x100000b0   Data           4  am_hal_global.o(.data)
    g_am_hal_flash                           0x100000e4   Data          80  am_hal_flash.o(.data)
    am_hal_iom_queue_flush                   0x10000134   Data           4  am_hal_iom.o(.data)
    g_bIomBusy                               0x10000138   Data           7  am_hal_iom.o(.data)
    coeff                                    0x10000164   Data          32  i2c_loopback.o(.bss)
    velocity_array                           0x10000184   Data          40  i2c_loopback.o(.bss)
    g_psIOMBuffers                           0x100002ac   Data         120  am_hal_iom.o(.bss)
    ui32StatusTimeout                        0x10000324   Data          24  am_hal_iom.o(.bss)
    g_psIOMQueue                             0x1000033c   Data         144  am_hal_iom.o(.bss)
    am_hal_iom_pwrsave                       0x100003cc   Data         120  am_hal_iom.o(.bss)
    __libspace_start                         0x10000470   Data          96  libspace.o(.bss)
    __temporary_stack_top$libspace           0x100004d0   Data           0  libspace.o(.bss)



==============================================================================

Memory Map of the image

  Image Entry point : 0x000000e9

  Load Region LR_1 (Base: 0x00000000, Size: 0x00005f84, Max: 0xffffffff, ABSOLUTE, COMPRESSED[0x00005ec4])

    Execution Region FLASH (Exec base: 0x00000000, Load base: 0x00000000, Size: 0x00005e20, Max: 0x00100000, ABSOLUTE)

    Exec Addr    Load Addr    Size         Type   Attr      Idx    E Section Name        Object

    0x00000000   0x00000000   0x000000e8   Code   RO          500    RESET               startup_keil.o
    0x000000e8   0x000000e8   0x00000008   Code   RO         1136  * !!!main             c_w.l(__main.o)
    0x000000f0   0x000000f0   0x00000034   Code   RO         1406    !!!scatter          c_w.l(__scatter.o)
    0x00000124   0x00000124   0x0000005a   Code   RO         1404    !!dczerorl2         c_w.l(__dczerorl2.o)
    0x0000017e   0x0000017e   0x00000002   PAD
    0x00000180   0x00000180   0x0000001c   Code   RO         1408    !!handler_zi        c_w.l(__scatter_zi.o)
    0x0000019c   0x0000019c   0x00000002   Code   RO         1271    .ARM.Collect$$libinit$$00000000  c_w.l(libinit.o)
    0x0000019e   0x0000019e   0x00000004   Code   RO         1278    .ARM.Collect$$libinit$$00000001  c_w.l(libinit2.o)
    0x000001a2   0x000001a2   0x00000000   Code   RO         1281    .ARM.Collect$$libinit$$00000004  c_w.l(libinit2.o)
    0x000001a2   0x000001a2   0x00000000   Code   RO         1284    .ARM.Collect$$libinit$$0000000A  c_w.l(libinit2.o)
    0x000001a2   0x000001a2   0x00000000   Code   RO         1286    .ARM.Collect$$libinit$$0000000C  c_w.l(libinit2.o)
    0x000001a2   0x000001a2   0x00000000   Code   RO         1288    .ARM.Collect$$libinit$$0000000E  c_w.l(libinit2.o)
    0x000001a2   0x000001a2   0x00000000   Code   RO         1291    .ARM.Collect$$libinit$$00000011  c_w.l(libinit2.o)
    0x000001a2   0x000001a2   0x00000000   Code   RO         1293    .ARM.Collect$$libinit$$00000013  c_w.l(libinit2.o)
    0x000001a2   0x000001a2   0x00000000   Code   RO         1295    .ARM.Collect$$libinit$$00000015  c_w.l(libinit2.o)
    0x000001a2   0x000001a2   0x00000000   Code   RO         1297    .ARM.Collect$$libinit$$00000017  c_w.l(libinit2.o)
    0x000001a2   0x000001a2   0x00000000   Code   RO         1299    .ARM.Collect$$libinit$$00000019  c_w.l(libinit2.o)
    0x000001a2   0x000001a2   0x00000000   Code   RO         1301    .ARM.Collect$$libinit$$0000001B  c_w.l(libinit2.o)
    0x000001a2   0x000001a2   0x00000000   Code   RO         1303    .ARM.Collect$$libinit$$0000001D  c_w.l(libinit2.o)
    0x000001a2   0x000001a2   0x00000000   Code   RO         1305    .ARM.Collect$$libinit$$0000001F  c_w.l(libinit2.o)
    0x000001a2   0x000001a2   0x00000000   Code   RO         1307    .ARM.Collect$$libinit$$00000021  c_w.l(libinit2.o)
    0x000001a2   0x000001a2   0x00000000   Code   RO         1309    .ARM.Collect$$libinit$$00000023  c_w.l(libinit2.o)
    0x000001a2   0x000001a2   0x00000000   Code   RO         1311    .ARM.Collect$$libinit$$00000025  c_w.l(libinit2.o)
    0x000001a2   0x000001a2   0x00000000   Code   RO         1315    .ARM.Collect$$libinit$$0000002C  c_w.l(libinit2.o)
    0x000001a2   0x000001a2   0x00000000   Code   RO         1317    .ARM.Collect$$libinit$$0000002E  c_w.l(libinit2.o)
    0x000001a2   0x000001a2   0x00000000   Code   RO         1319    .ARM.Collect$$libinit$$00000030  c_w.l(libinit2.o)
    0x000001a2   0x000001a2   0x00000000   Code   RO         1321    .ARM.Collect$$libinit$$00000032  c_w.l(libinit2.o)
    0x000001a2   0x000001a2   0x00000002   Code   RO         1322    .ARM.Collect$$libinit$$00000033  c_w.l(libinit2.o)
    0x000001a4   0x000001a4   0x00000002   Code   RO         1344    .ARM.Collect$$libshutdown$$00000000  c_w.l(libshutdown.o)
    0x000001a6   0x000001a6   0x00000000   Code   RO         1357    .ARM.Collect$$libshutdown$$00000002  c_w.l(libshutdown2.o)
    0x000001a6   0x000001a6   0x00000000   Code   RO         1359    .ARM.Collect$$libshutdown$$00000004  c_w.l(libshutdown2.o)
    0x000001a6   0x000001a6   0x00000000   Code   RO         1362    .ARM.Collect$$libshutdown$$00000007  c_w.l(libshutdown2.o)
    0x000001a6   0x000001a6   0x00000000   Code   RO         1365    .ARM.Collect$$libshutdown$$0000000A  c_w.l(libshutdown2.o)
    0x000001a6   0x000001a6   0x00000000   Code   RO         1367    .ARM.Collect$$libshutdown$$0000000C  c_w.l(libshutdown2.o)
    0x000001a6   0x000001a6   0x00000000   Code   RO         1370    .ARM.Collect$$libshutdown$$0000000F  c_w.l(libshutdown2.o)
    0x000001a6   0x000001a6   0x00000002   Code   RO         1371    .ARM.Collect$$libshutdown$$00000010  c_w.l(libshutdown2.o)
    0x000001a8   0x000001a8   0x00000000   Code   RO         1178    .ARM.Collect$$rtentry$$00000000  c_w.l(__rtentry.o)
    0x000001a8   0x000001a8   0x00000000   Code   RO         1234    .ARM.Collect$$rtentry$$00000002  c_w.l(__rtentry2.o)
    0x000001a8   0x000001a8   0x00000006   Code   RO         1246    .ARM.Collect$$rtentry$$00000004  c_w.l(__rtentry4.o)
    0x000001ae   0x000001ae   0x00000000   Code   RO         1236    .ARM.Collect$$rtentry$$00000009  c_w.l(__rtentry2.o)
    0x000001ae   0x000001ae   0x00000004   Code   RO         1237    .ARM.Collect$$rtentry$$0000000A  c_w.l(__rtentry2.o)
    0x000001b2   0x000001b2   0x00000000   Code   RO         1239    .ARM.Collect$$rtentry$$0000000C  c_w.l(__rtentry2.o)
    0x000001b2   0x000001b2   0x00000008   Code   RO         1240    .ARM.Collect$$rtentry$$0000000D  c_w.l(__rtentry2.o)
    0x000001ba   0x000001ba   0x00000002   Code   RO         1276    .ARM.Collect$$rtexit$$00000000  c_w.l(rtexit.o)
    0x000001bc   0x000001bc   0x00000000   Code   RO         1326    .ARM.Collect$$rtexit$$00000002  c_w.l(rtexit2.o)
    0x000001bc   0x000001bc   0x00000004   Code   RO         1327    .ARM.Collect$$rtexit$$00000003  c_w.l(rtexit2.o)
    0x000001c0   0x000001c0   0x00000006   Code   RO         1328    .ARM.Collect$$rtexit$$00000004  c_w.l(rtexit2.o)
    0x000001c6   0x000001c6   0x00000002   PAD
    0x000001c8   0x000001c8   0x00000014   Code   RO          478    .emb_text           am_util_faultisr.o
    0x000001dc   0x000001dc   0x00000016   Code   RO          703    .emb_text           libam_hal.lib(am_hal_interrupt.o)
    0x000001f2   0x000001f2   0x00000002   PAD
    0x000001f4   0x000001f4   0x00000024   Code   RO          715    .emb_text           libam_hal.lib(am_hal_iom.o)
    0x00000218   0x00000218   0x00000018   Code   RO          501    .text               startup_keil.o
    0x00000230   0x00000230   0x0000004e   Code   RO         1132    .text               c_w.l(rt_memclr_w.o)
    0x0000027e   0x0000027e   0x00000006   Code   RO         1134    .text               c_w.l(heapauxi.o)
    0x00000284   0x00000284   0x00000016   Code   RO         1179    .text               c_w.l(_rserrno.o)
    0x0000029a   0x0000029a   0x00000002   PAD
    0x0000029c   0x0000029c   0x00000008   Code   RO         1251    .text               c_w.l(rt_errno_addr_intlibspace.o)
    0x000002a4   0x000002a4   0x00000008   Code   RO         1259    .text               c_w.l(libspace.o)
    0x000002ac   0x000002ac   0x0000004a   Code   RO         1262    .text               c_w.l(sys_stackheap_outer.o)
    0x000002f6   0x000002f6   0x00000012   Code   RO         1264    .text               c_w.l(exit.o)
    0x00000308   0x00000308   0x0000000c   Code   RO         1336    .text               c_w.l(sys_exit.o)
    0x00000314   0x00000314   0x00000002   Code   RO         1347    .text               c_w.l(use_no_semi.o)
    0x00000316   0x00000316   0x00000000   Code   RO         1349    .text               c_w.l(indicate_semi.o)
    0x00000316   0x00000316   0x00000002   PAD
    0x00000318   0x00000318   0x000000a4   Code   RO            1    i.LcdString         i2c_loopback.o
    0x000003bc   0x000003bc   0x00000030   Code   RO         1216    i.__ARM_fpclassify  m_wm.l(fpclassify.o)
    0x000003ec   0x000003ec   0x00000004   PAD
    0x000003f0   0x000003f0   0x00000c50   Code   RO         1164    i.__hardfp_pow      m_wm.l(pow.o)
    0x00001040   0x00001040   0x000000f8   Code   RO         1218    i.__kernel_poly     m_wm.l(poly.o)
    0x00001138   0x00001138   0x00000030   Code   RO         1196    i.__mathlib_dbl_divzero  m_wm.l(dunder.o)
    0x00001168   0x00001168   0x00000014   Code   RO         1198    i.__mathlib_dbl_infnan2  m_wm.l(dunder.o)
    0x0000117c   0x0000117c   0x00000004   PAD
    0x00001180   0x00001180   0x00000020   Code   RO         1199    i.__mathlib_dbl_invalid  m_wm.l(dunder.o)
    0x000011a0   0x000011a0   0x00000020   Code   RO         1200    i.__mathlib_dbl_overflow  m_wm.l(dunder.o)
    0x000011c0   0x000011c0   0x00000020   Code   RO         1202    i.__mathlib_dbl_underflow  m_wm.l(dunder.o)
    0x000011e0   0x000011e0   0x00000070   Code   RO          510    i.am_bsp_debug_printf_enable  libam_bsp.lib(am_bsp.o)
    0x00001250   0x00001250   0x000000dc   Code   RO          512    i.am_bsp_iom_enable  libam_bsp.lib(am_bsp.o)
    0x0000132c   0x0000132c   0x00000004   Code   RO          519    i.am_bsp_itm_string_print  libam_bsp.lib(am_bsp.o)
    0x00001330   0x00001330   0x00000022   Code   RO          520    i.am_bsp_low_power_init  libam_bsp.lib(am_bsp.o)
    0x00001352   0x00001352   0x00000002   PAD
    0x00001354   0x00001354   0x00000024   Code   RO            2    i.am_ctimer_isr     i2c_loopback.o
    0x00001378   0x00001378   0x000000d0   Code   RO          548    i.am_hal_cachectrl_enable  libam_hal.lib(am_hal_cachectrl.o)
    0x00001448   0x00001448   0x00000016   Code   RO          574    i.am_hal_clkgen_osc_start  libam_hal.lib(am_hal_clkgen.o)
    0x0000145e   0x0000145e   0x00000014   Code   RO          575    i.am_hal_clkgen_osc_stop  libam_hal.lib(am_hal_clkgen.o)
    0x00001472   0x00001472   0x00000002   PAD
    0x00001474   0x00001474   0x00000024   Code   RO          576    i.am_hal_clkgen_sysclk_get  libam_hal.lib(am_hal_clkgen.o)
    0x00001498   0x00001498   0x0000006c   Code   RO          577    i.am_hal_clkgen_sysclk_select  libam_hal.lib(am_hal_clkgen.o)
    0x00001504   0x00001504   0x00000028   Code   RO          597    i.am_hal_ctimer_clear  libam_hal.lib(am_hal_ctimer.o)
    0x0000152c   0x0000152c   0x0000000c   Code   RO          601    i.am_hal_ctimer_int_clear  libam_hal.lib(am_hal_ctimer.o)
    0x00001538   0x00001538   0x0000007c   Code   RO          609    i.am_hal_ctimer_period_set  libam_hal.lib(am_hal_ctimer.o)
    0x000015b4   0x000015b4   0x00000030   Code   RO          614    i.am_hal_ctimer_start  libam_hal.lib(am_hal_ctimer.o)
    0x000015e4   0x000015e4   0x00000002   Code   RO          941    i.am_hal_debug_error  libam_hal.lib(am_hal_debug.o)
    0x000015e6   0x000015e6   0x00000002   PAD
    0x000015e8   0x000015e8   0x0000000c   Code   RO          645    i.am_hal_flash_delay  libam_hal.lib(am_hal_flash.o)
    0x000015f4   0x000015f4   0x00000038   Code   RO          646    i.am_hal_flash_delay_status_change  libam_hal.lib(am_hal_flash.o)
    0x0000162c   0x0000162c   0x000001dc   Code   RO          973    i.am_hal_i2c_bit_bang_receive  libam_hal.lib(am_hal_i2c_bit_bang.o)
    0x00001808   0x00001808   0x000000cc   Code   RO          974    i.am_hal_i2c_bit_bang_send  libam_hal.lib(am_hal_i2c_bit_bang.o)
    0x000018d4   0x000018d4   0x0000004c   Code   RO          705    i.am_hal_interrupt_enable  libam_hal.lib(am_hal_interrupt.o)
    0x00001920   0x00001920   0x0000028c   Code   RO          717    i.am_hal_iom_config  libam_hal.lib(am_hal_iom.o)
    0x00001bac   0x00001bac   0x00000028   Code   RO          719    i.am_hal_iom_enable  libam_hal.lib(am_hal_iom.o)
    0x00001bd4   0x00001bd4   0x000000d8   Code   RO          723    i.am_hal_iom_fifo_read  libam_hal.lib(am_hal_iom.o)
    0x00001cac   0x00001cac   0x000000e8   Code   RO          724    i.am_hal_iom_fifo_write  libam_hal.lib(am_hal_iom.o)
    0x00001d94   0x00001d94   0x0000016c   Code   RO          726    i.am_hal_iom_i2c_cmd_run  libam_hal.lib(am_hal_iom.o)
    0x00001f00   0x00001f00   0x00000140   Code   RO          727    i.am_hal_iom_i2c_read  libam_hal.lib(am_hal_iom.o)
    0x00002040   0x00002040   0x000000f4   Code   RO          728    i.am_hal_iom_i2c_read_nb  libam_hal.lib(am_hal_iom.o)
    0x00002134   0x00002134   0x00000158   Code   RO          729    i.am_hal_iom_i2c_read_nq  libam_hal.lib(am_hal_iom.o)
    0x0000228c   0x0000228c   0x0000013c   Code   RO          730    i.am_hal_iom_i2c_write  libam_hal.lib(am_hal_iom.o)
    0x000023c8   0x000023c8   0x00000124   Code   RO          731    i.am_hal_iom_i2c_write_nb  libam_hal.lib(am_hal_iom.o)
    0x000024ec   0x000024ec   0x00000188   Code   RO          732    i.am_hal_iom_i2c_write_nq  libam_hal.lib(am_hal_iom.o)
    0x00002674   0x00002674   0x0000001c   Code   RO          735    i.am_hal_iom_int_enable  libam_hal.lib(am_hal_iom.o)
    0x00002690   0x00002690   0x00000064   Code   RO          744    i.am_hal_iom_pwrctrl_enable  libam_hal.lib(am_hal_iom.o)
    0x000026f4   0x000026f4   0x00000058   Code   RO          753    i.am_hal_iom_sleeping_queue_flush  libam_hal.lib(am_hal_iom.o)
    0x0000274c   0x0000274c   0x000000ec   Code   RO          760    i.am_hal_iom_spi_write  libam_hal.lib(am_hal_iom.o)
    0x00002838   0x00002838   0x0000011c   Code   RO          761    i.am_hal_iom_spi_write_nb  libam_hal.lib(am_hal_iom.o)
    0x00002954   0x00002954   0x00000160   Code   RO          762    i.am_hal_iom_spi_write_nq  libam_hal.lib(am_hal_iom.o)
    0x00002ab4   0x00002ab4   0x000004a4   Code   RO          764    i.am_hal_iom_workaround_word_write  libam_hal.lib(am_hal_iom.o)
    0x00002f58   0x00002f58   0x00000058   Code   RO          823    i.am_hal_itm_enable  libam_hal.lib(am_hal_itm.o)
    0x00002fb0   0x00002fb0   0x00000030   Code   RO          825    i.am_hal_itm_print  libam_hal.lib(am_hal_itm.o)
    0x00002fe0   0x00002fe0   0x00000038   Code   RO          849    i.am_hal_mcuctrl_fault_status  libam_hal.lib(am_hal_mcuctrl.o)
    0x00003018   0x00003018   0x0000004c   Code   RO          983    i.am_hal_pwrctrl_bucks_disable  libam_hal.lib(am_hal_pwrctrl.o)
    0x00003064   0x00003064   0x00000034   Code   RO          984    i.am_hal_pwrctrl_bucks_enable  libam_hal.lib(am_hal_pwrctrl.o)
    0x00003098   0x00003098   0x00000040   Code   RO          985    i.am_hal_pwrctrl_bucks_init  libam_hal.lib(am_hal_pwrctrl.o)
    0x000030d8   0x000030d8   0x00000018   Code   RO          986    i.am_hal_pwrctrl_low_power_init  libam_hal.lib(am_hal_pwrctrl.o)
    0x000030f0   0x000030f0   0x00000180   Code   RO          987    i.am_hal_pwrctrl_memory_enable  libam_hal.lib(am_hal_pwrctrl.o)
    0x00003270   0x00003270   0x000000c0   Code   RO          989    i.am_hal_pwrctrl_periph_enable  libam_hal.lib(am_hal_pwrctrl.o)
    0x00003330   0x00003330   0x0000009e   Code   RO          998    i.am_hal_queue_item_add  libam_hal.lib(am_hal_queue.o)
    0x000033ce   0x000033ce   0x00000008   Code   RO          858    i.am_hal_reset_status_clear  libam_hal.lib(am_hal_reset.o)
    0x000033d6   0x000033d6   0x0000000e   Code   RO         1012    i.am_hal_rtc_osc_disable  libam_hal.lib(am_hal_rtc.o)
    0x000033e4   0x000033e4   0x00000016   Code   RO         1014    i.am_hal_rtc_osc_select  libam_hal.lib(am_hal_rtc.o)
    0x000033fa   0x000033fa   0x00000002   PAD
    0x000033fc   0x000033fc   0x00000054   Code   RO          868    i.am_hal_stimer_compare_delta_set  libam_hal.lib(am_hal_stimer.o)
    0x00003450   0x00003450   0x00000044   Code   RO          870    i.am_hal_stimer_config  libam_hal.lib(am_hal_stimer.o)
    0x00003494   0x00003494   0x0000000c   Code   RO          873    i.am_hal_stimer_int_clear  libam_hal.lib(am_hal_stimer.o)
    0x000034a0   0x000034a0   0x00000014   Code   RO          875    i.am_hal_stimer_int_enable  libam_hal.lib(am_hal_stimer.o)
    0x000034b4   0x000034b4   0x000000ec   Code   RO          902    i.am_hal_sysctrl_sleep  libam_hal.lib(am_hal_sysctrl.o)
    0x000035a0   0x000035a0   0x00000088   Code   RO         1037    i.am_hal_tpiu_enable  libam_hal.lib(am_hal_tpiu.o)
    0x00003628   0x00003628   0x0000000c   Code   RO         1108    i.am_hal_vcomp_disable  libam_hal.lib(am_hal_vcomp.o)
    0x00003634   0x00003634   0x0000006c   Code   RO          920    i.am_hal_wdt_init   libam_hal.lib(am_hal_wdt.o)
    0x000036a0   0x000036a0   0x00000010   Code   RO          921    i.am_hal_wdt_int_clear  libam_hal.lib(am_hal_wdt.o)
    0x000036b0   0x000036b0   0x00000018   Code   RO          928    i.am_hal_wdt_start  libam_hal.lib(am_hal_wdt.o)
    0x000036c8   0x000036c8   0x00000070   Code   RO            3    i.am_stimer_cmpr0_isr  i2c_loopback.o
    0x00003738   0x00003738   0x000000a0   Code   RO            4    i.am_stimer_cmpr1_isr  i2c_loopback.o
    0x000037d8   0x000037d8   0x0000001c   Code   RO          353    i.am_util_delay_ms  am_util_delay.o
    0x000037f4   0x000037f4   0x00000020   Code   RO          354    i.am_util_delay_us  am_util_delay.o
    0x00003814   0x00003814   0x000000b8   Code   RO          479    i.am_util_faultisr_collect_data  am_util_faultisr.o
    0x000038cc   0x000038cc   0x00000030   Code   RO          376    i.am_util_stdio_printf  am_util_stdio.o
    0x000038fc   0x000038fc   0x0000000c   Code   RO          377    i.am_util_stdio_printf_init  am_util_stdio.o
    0x00003908   0x00003908   0x00000022   Code   RO          378    i.am_util_stdio_sprintf  am_util_stdio.o
    0x0000392a   0x0000392a   0x00000002   PAD
    0x0000392c   0x0000392c   0x00000020   Code   RO          380    i.am_util_stdio_terminal_clear  am_util_stdio.o
    0x0000394c   0x0000394c   0x000003b4   Code   RO          382    i.am_util_stdio_vsprintf  am_util_stdio.o
    0x00003d00   0x00003d00   0x00000058   Code   RO            6    i.am_watchdog_isr   i2c_loopback.o
    0x00003d58   0x00003d58   0x000001a4   Code   RO            8    i.calc_velocity     i2c_loopback.o
    0x00003efc   0x00003efc   0x00000042   Code   RO          383    i.decstr_to_int     am_util_stdio.o
    0x00003f3e   0x00003f3e   0x00000002   PAD
    0x00003f40   0x00003f40   0x00000188   Code   RO            9    i.display_init      i2c_loopback.o
    0x000040c8   0x000040c8   0x000000cc   Code   RO          384    i.divu64_10         am_util_stdio.o
    0x00004194   0x00004194   0x00000018   Code   RO         1212    i.fabs              m_wm.l(fabs.o)
    0x000041ac   0x000041ac   0x00000154   Code   RO          385    i.ftoa              am_util_stdio.o
    0x00004300   0x00004300   0x0000003c   Code   RO          975    i.i2c_pull_and_wait_scl_hi  libam_hal.lib(am_hal_i2c_bit_bang.o)
    0x0000433c   0x0000433c   0x000000a0   Code   RO          976    i.i2c_send_byte     libam_hal.lib(am_hal_i2c_bit_bang.o)
    0x000043dc   0x000043dc   0x0000003a   Code   RO          765    i.internal_iom_get_int_err  libam_hal.lib(am_hal_iom.o)
    0x00004416   0x00004416   0x00000002   PAD
    0x00004418   0x00004418   0x000001b8   Code   RO           11    i.iom_set_up        i2c_loopback.o
    0x000045d0   0x000045d0   0x00000060   Code   RO           12    i.itm_start         i2c_loopback.o
    0x00004630   0x00004630   0x00000190   Code   RO           13    i.kalman_filter     i2c_loopback.o
    0x000047c0   0x000047c0   0x00000068   Code   RO           14    i.main              i2c_loopback.o
    0x00004828   0x00004828   0x00000034   Code   RO          386    i.ndigits_in_hex    am_util_stdio.o
    0x0000485c   0x0000485c   0x00000024   Code   RO          387    i.ndigits_in_i64    am_util_stdio.o
    0x00004880   0x00004880   0x0000003a   Code   RO          388    i.ndigits_in_u64    am_util_stdio.o
    0x000048ba   0x000048ba   0x00000022   Code   RO          389    i.padbuffer         am_util_stdio.o
    0x000048dc   0x000048dc   0x0000011c   Code   RO           15    i.pressure_sensor_init  i2c_loopback.o
    0x000049f8   0x000049f8   0x0000015c   Code   RO           16    i.pressure_sensor_read  i2c_loopback.o
    0x00004b54   0x00004b54   0x00000078   Code   RO          903    i.setBuckZX         libam_hal.lib(am_hal_sysctrl.o)
    0x00004bcc   0x00004bcc   0x00000018   Code   RO          390    i.simple_strlen     am_util_stdio.o
    0x00004be4   0x00004be4   0x0000006e   Code   RO         1223    i.sqrt              m_wm.l(sqrt.o)
    0x00004c52   0x00004c52   0x00000002   PAD
    0x00004c54   0x00004c54   0x00000040   Code   RO           17    i.stimer_init       i2c_loopback.o
    0x00004c94   0x00004c94   0x0000008a   Code   RO          391    i.uint64_to_hexstr  am_util_stdio.o
    0x00004d1e   0x00004d1e   0x00000070   Code   RO          392    i.uint64_to_str     am_util_stdio.o
    0x00004d8e   0x00004d8e   0x00000018   Code   RO         1181    x$fpl$basic         fz_wm.l(basic.o)
    0x00004da6   0x00004da6   0x00000002   PAD
    0x00004da8   0x00004da8   0x00000062   Code   RO         1138    x$fpl$d2f           fz_wm.l(d2f.o)
    0x00004e0a   0x00004e0a   0x00000002   PAD
    0x00004e0c   0x00004e0c   0x00000150   Code   RO         1140    x$fpl$dadd          fz_wm.l(daddsub_clz.o)
    0x00004f5c   0x00004f5c   0x00000010   Code   RO         1253    x$fpl$dcheck1       fz_wm.l(dcheck1.o)
    0x00004f6c   0x00004f6c   0x00000018   Code   RO         1272    x$fpl$dcmpinf       fz_wm.l(dcmpi.o)
    0x00004f84   0x00004f84   0x000002b0   Code   RO         1147    x$fpl$ddiv          fz_wm.l(ddiv.o)
    0x00005234   0x00005234   0x0000005a   Code   RO         1150    x$fpl$dfixu         fz_wm.l(dfixu.o)
    0x0000528e   0x0000528e   0x0000002e   Code   RO         1155    x$fpl$dflt          fz_wm.l(dflt_clz.o)
    0x000052bc   0x000052bc   0x00000026   Code   RO         1154    x$fpl$dfltu         fz_wm.l(dflt_clz.o)
    0x000052e2   0x000052e2   0x00000002   PAD
    0x000052e4   0x000052e4   0x00000078   Code   RO         1255    x$fpl$dleqf         fz_wm.l(dleqf.o)
    0x0000535c   0x0000535c   0x00000154   Code   RO         1160    x$fpl$dmul          fz_wm.l(dmul.o)
    0x000054b0   0x000054b0   0x0000009c   Code   RO         1183    x$fpl$dnaninf       fz_wm.l(dnaninf.o)
    0x0000554c   0x0000554c   0x0000000c   Code   RO         1185    x$fpl$dretinf       fz_wm.l(dretinf.o)
    0x00005558   0x00005558   0x0000006c   Code   RO         1187    x$fpl$drleqf        fz_wm.l(drleqf.o)
    0x000055c4   0x000055c4   0x00000016   Code   RO         1141    x$fpl$drsb          fz_wm.l(daddsub_clz.o)
    0x000055da   0x000055da   0x00000002   PAD
    0x000055dc   0x000055dc   0x00000198   Code   RO         1257    x$fpl$dsqrt         fz_wm.l(dsqrt_umaal.o)
    0x00005774   0x00005774   0x000001d4   Code   RO         1142    x$fpl$dsub          fz_wm.l(daddsub_clz.o)
    0x00005948   0x00005948   0x00000056   Code   RO         1162    x$fpl$f2d           fz_wm.l(f2d.o)
    0x0000599e   0x0000599e   0x0000008c   Code   RO         1189    x$fpl$fnaninf       fz_wm.l(fnaninf.o)
    0x00005a2a   0x00005a2a   0x0000000a   Code   RO         1334    x$fpl$fpinit        fz_wm.l(fpinit.o)
    0x00005a34   0x00005a34   0x0000000a   Code   RO         1191    x$fpl$fretinf       fz_wm.l(fretinf.o)
    0x00005a3e   0x00005a3e   0x00000064   Code   RO         1274    x$fpl$retnan        fz_wm.l(retnan.o)
    0x00005aa2   0x00005aa2   0x0000005c   Code   RO         1193    x$fpl$scalbn        fz_wm.l(scalbn.o)
    0x00005afe   0x00005afe   0x00000030   Code   RO         1323    x$fpl$trapveneer    fz_wm.l(trapv.o)
    0x00005b2e   0x00005b2e   0x00000000   Code   RO         1195    x$fpl$usenofp       fz_wm.l(usenofp.o)
    0x00005b2e   0x00005b2e   0x00000002   PAD
    0x00005b30   0x00005b30   0x000001ec   Data   RO           19    .constdata          i2c_loopback.o
    0x00005d1c   0x00005d1c   0x0000000c   Data   RO          553    .constdata          libam_hal.lib(am_hal_cachectrl.o)
    0x00005d28   0x00005d28   0x00000041   Data   RO          768    .constdata          libam_hal.lib(am_hal_iom.o)
    0x00005d69   0x00005d69   0x00000007   PAD
    0x00005d70   0x00005d70   0x00000088   Data   RO         1167    .constdata          m_wm.l(pow.o)
    0x00005df8   0x00005df8   0x00000008   Data   RO         1220    .constdata          m_wm.l(qnan.o)
    0x00005e00   0x00005e00   0x00000020   Data   RO         1402    Region$$Table       anon$$obj.o


    Execution Region SRAM (Exec base: 0x10000000, Load base: 0x00005e20, Size: 0x000014d0, Max: 0x00040000, ABSOLUTE, COMPRESSED[0x000000a4])

    Exec Addr    Load Addr    Size         Type   Attr      Idx    E Section Name        Object

    0x10000000   COMPRESSED   0x000000a8   Data   RW           20    .data               i2c_loopback.o
    0x100000a8   COMPRESSED   0x00000005   Data   RW          394    .data               am_util_stdio.o
    0x100000ad   COMPRESSED   0x00000003   PAD
    0x100000b0   COMPRESSED   0x00000004   Data   RW          508    .data               libam_hal.lib(am_hal_global.o)
    0x100000b4   COMPRESSED   0x00000030   Data   RW          527    .data               libam_bsp.lib(am_bsp.o)
    0x100000e4   COMPRESSED   0x00000050   Data   RW          671    .data               libam_hal.lib(am_hal_flash.o)
    0x10000134   COMPRESSED   0x00000012   Data   RW          769    .data               libam_hal.lib(am_hal_iom.o)
    0x10000146   COMPRESSED   0x00000002   PAD
    0x10000148   COMPRESSED   0x0000001c   Data   RW          905    .data               libam_hal.lib(am_hal_sysctrl.o)
    0x10000164        -       0x00000048   Zero   RW           18    .bss                i2c_loopback.o
    0x100001ac        -       0x00000100   Zero   RW          393    .bss                am_util_stdio.o
    0x100002ac        -       0x00000198   Zero   RW          767    .bss                libam_hal.lib(am_hal_iom.o)
    0x10000444        -       0x0000002c   Zero   RW          977    .bss                libam_hal.lib(am_hal_i2c_bit_bang.o)
    0x10000470        -       0x00000060   Zero   RW         1260    .bss                c_w.l(libspace.o)
    0x100004d0        -       0x00000000   Zero   RW          499    HEAP                startup_keil.o
    0x100004d0        -       0x00001000   Zero   RW          498    STACK               startup_keil.o


==============================================================================

Image component sizes


      Code (inc. data)   RO Data    RW Data    ZI Data      Debug   Object Name

        60          6          0          0          0       1262   am_util_delay.o
       204          6          0          0          0       2080   am_util_faultisr.o
      2138         58          0          5        256      13444   am_util_stdio.o
      3108        332        492        168         72      25126   i2c_loopback.o
       256        210          0          0       4096        996   startup_keil.o

    ----------------------------------------------------------------------
      5770        612        524        176       4424      42908   Object Totals
         0          0         32          0          0          0   (incl. Generated)
         4          0          0          3          0          0   (incl. Padding)

    ----------------------------------------------------------------------

      Code (inc. data)   RO Data    RW Data    ZI Data      Debug   Library Member Name

        90          0          0          0          0          0   __dczerorl2.o
         8          0          0          0          0         68   __main.o
         0          0          0          0          0          0   __rtentry.o
        12          0          0          0          0          0   __rtentry2.o
         6          0          0          0          0          0   __rtentry4.o
        52          8          0          0          0          0   __scatter.o
        28          0          0          0          0          0   __scatter_zi.o
        22          0          0          0          0        100   _rserrno.o
        18          0          0          0          0         80   exit.o
         6          0          0          0          0        152   heapauxi.o
         0          0          0          0          0          0   indicate_semi.o
         2          0          0          0          0          0   libinit.o
         6          0          0          0          0          0   libinit2.o
         2          0          0          0          0          0   libshutdown.o
         2          0          0          0          0          0   libshutdown2.o
         8          4          0          0         96         68   libspace.o
         8          4          0          0          0         68   rt_errno_addr_intlibspace.o
        78          0          0          0          0         80   rt_memclr_w.o
         2          0          0          0          0          0   rtexit.o
        10          0          0          0          0          0   rtexit2.o
        12          4          0          0          0         68   sys_exit.o
        74          0          0          0          0         80   sys_stackheap_outer.o
         2          0          0          0          0         68   use_no_semi.o
        24          0          0          0          0        164   basic.o
        98          4          0          0          0        140   d2f.o
       826         16          0          0          0        492   daddsub_clz.o
        16          4          0          0          0        116   dcheck1.o
        24          0          0          0          0        116   dcmpi.o
       688        140          0          0          0        256   ddiv.o
        90          4          0          0          0        140   dfixu.o
        84          0          0          0          0        232   dflt_clz.o
       120          4          0          0          0        140   dleqf.o
       340         12          0          0          0        152   dmul.o
       156          4          0          0          0        140   dnaninf.o
        12          0          0          0          0        116   dretinf.o
       108          0          0          0          0        128   drleqf.o
       408         56          0          0          0        168   dsqrt_umaal.o
        86          4          0          0          0        132   f2d.o
       140          4          0          0          0        132   fnaninf.o
        10          0          0          0          0        116   fpinit.o
        10          0          0          0          0        116   fretinf.o
       100          0          0          0          0        116   retnan.o
        92          0          0          0          0        116   scalbn.o
        48          0          0          0          0        116   trapv.o
         0          0          0          0          0          0   usenofp.o
       370         32          0         48          0        504   am_bsp.o
       208          4         12          0          0        128   am_hal_cachectrl.o
       186         84          0          0          0        472   am_hal_clkgen.o
       224         26          0          0          0        492   am_hal_ctimer.o
         2          0          0          0          0        116   am_hal_debug.o
        68         10          0         80          0        248   am_hal_flash.o
         0          0          0          4          0          0   am_hal_global.o
       900         24          0          0         44        540   am_hal_i2c_bit_bang.o
        98          6          0          0          0        264   am_hal_interrupt.o
      5782        652         65         18        408       2896   am_hal_iom.o
       136         32          0          0          0        232   am_hal_itm.o
        56          4          0          0          0        116   am_hal_mcuctrl.o
       792        112          0          0          0        728   am_hal_pwrctrl.o
       158          0          0          0          0        132   am_hal_queue.o
         8          0          0          0          0        116   am_hal_reset.o
        36          0          0          0          0        232   am_hal_rtc.o
       184         26          0          0          0        488   am_hal_stimer.o
       356         26          0         28          0        272   am_hal_sysctrl.o
       136         20          0          0          0        144   am_hal_tpiu.o
        12          4          0          0          0        116   am_hal_vcomp.o
       148         14          0          0          0        360   am_hal_wdt.o
       164         44          0          0          0        620   dunder.o
        24          0          0          0          0        124   fabs.o
        48          0          0          0          0        124   fpclassify.o
       248          0          0          0          0        152   poly.o
      3152        296        136          0          0        352   pow.o
         0          0          8          0          0          0   qnan.o
       110          0          0          0          0        148   sqrt.o

    ----------------------------------------------------------------------
     17574       1688        228        180        548      14292   Library Totals
        40          0          7          2          0          0   (incl. Padding)

    ----------------------------------------------------------------------

      Code (inc. data)   RO Data    RW Data    ZI Data      Debug   Library Name

       448         20          0          0         96        832   c_w.l
      3480        252          0          0          0       3344   fz_wm.l
       370         32          0         48          0        504   libam_bsp.lib
      9490       1044         77        130        452       8092   libam_hal.lib
      3746        340        144          0          0       1520   m_wm.l

    ----------------------------------------------------------------------
     17574       1688        228        180        548      14292   Library Totals

    ----------------------------------------------------------------------

==============================================================================


      Code (inc. data)   RO Data    RW Data    ZI Data      Debug   

     23344       2300        752        356       4972      44388   Grand Totals
     23344       2300        752        164       4972      44388   ELF Image Totals (compressed)
     23344       2300        752        164          0          0   ROM Totals

==============================================================================

    Total RO  Size (Code + RO Data)                24096 (  23.53kB)
    Total RW  Size (RW Data + ZI Data)              5328 (   5.20kB)
    Total ROM Size (Code + RO Data + RW Data)      24260 (  23.69kB)

==============================================================================

