Component: ARM Compiler 5.06 update 5 (build 528) Tool: armlink [4d35e2]

==============================================================================

Section Cross References

    i2c_loopback.o(i.LcdString) refers to am_hal_iom.o(i.am_hal_iom_spi_write) for am_hal_iom_spi_write
    i2c_loopback.o(i.LcdString) refers to i2c_loopback.o(.constdata) for ASCII
    i2c_loopback.o(i.am_ctimer_isr) refers to am_hal_ctimer.o(i.am_hal_ctimer_int_clear) for am_hal_ctimer_int_clear
    i2c_loopback.o(i.am_ctimer_isr) refers to am_hal_ctimer.o(i.am_hal_ctimer_period_set) for am_hal_ctimer_period_set
    i2c_loopback.o(i.am_ctimer_isr) refers to i2c_loopback.o(.data) for buzzer_ctimer_duty_cycle
    i2c_loopback.o(i.am_stimer_cmpr0_isr) refers to am_hal_stimer.o(i.am_hal_stimer_config) for am_hal_stimer_config
    i2c_loopback.o(i.am_stimer_cmpr0_isr) refers to am_hal_stimer.o(i.am_hal_stimer_int_clear) for am_hal_stimer_int_clear
    i2c_loopback.o(i.am_stimer_cmpr0_isr) refers to am_hal_stimer.o(i.am_hal_stimer_compare_delta_set) for am_hal_stimer_compare_delta_set
    i2c_loopback.o(i.am_stimer_cmpr0_isr) refers to i2c_loopback.o(i.pressure_sensor_read) for pressure_sensor_read
    i2c_loopback.o(i.am_stimer_cmpr0_isr) refers to i2c_loopback.o(i.kalman_filter) for kalman_filter
    i2c_loopback.o(i.am_stimer_cmpr0_isr) refers to i2c_loopback.o(i.calc_velocity) for calc_velocity
    i2c_loopback.o(i.am_stimer_cmpr0_isr) refers to i2c_loopback.o(.data) for data_pressure
    i2c_loopback.o(i.am_stimer_cmpr1_isr) refers to am_hal_stimer.o(i.am_hal_stimer_config) for am_hal_stimer_config
    i2c_loopback.o(i.am_stimer_cmpr1_isr) refers to dflt_clz.o(x$fpl$dfltu) for __aeabi_ui2d
    i2c_loopback.o(i.am_stimer_cmpr1_isr) refers to dmul_clz.o(x$fpl$dmul) for __aeabi_dmul
    i2c_loopback.o(i.am_stimer_cmpr1_isr) refers to dfixu.o(x$fpl$dfixu) for __aeabi_d2uiz
    i2c_loopback.o(i.am_stimer_cmpr1_isr) refers to am_hal_stimer.o(i.am_hal_stimer_int_clear) for am_hal_stimer_int_clear
    i2c_loopback.o(i.am_stimer_cmpr1_isr) refers to am_hal_stimer.o(i.am_hal_stimer_compare_delta_set) for am_hal_stimer_compare_delta_set
    i2c_loopback.o(i.am_stimer_cmpr1_isr) refers to am_hal_ctimer.o(i.am_hal_ctimer_start) for am_hal_ctimer_start
    i2c_loopback.o(i.am_stimer_cmpr1_isr) refers to am_hal_ctimer.o(i.am_hal_ctimer_clear) for am_hal_ctimer_clear
    i2c_loopback.o(i.am_stimer_cmpr1_isr) refers to i2c_loopback.o(.data) for BUZZER_XT_PERIOD
    i2c_loopback.o(i.am_watchdog_isr) refers to am_hal_wdt.o(i.am_hal_wdt_int_clear) for am_hal_wdt_int_clear
    i2c_loopback.o(i.am_watchdog_isr) refers to f2d.o(x$fpl$f2d) for __aeabi_f2d
    i2c_loopback.o(i.am_watchdog_isr) refers to am_util_stdio.o(i.am_util_stdio_printf) for am_util_stdio_printf
    i2c_loopback.o(i.am_watchdog_isr) refers to i2c_loopback.o(i.write_big_number) for write_big_number
    i2c_loopback.o(i.am_watchdog_isr) refers to am_util_stdio.o(i.am_util_stdio_sprintf) for am_util_stdio_sprintf
    i2c_loopback.o(i.am_watchdog_isr) refers to i2c_loopback.o(i.LcdString) for LcdString
    i2c_loopback.o(i.am_watchdog_isr) refers to fabs.o(i.__hardfp_fabs) for __hardfp_fabs
    i2c_loopback.o(i.am_watchdog_isr) refers to dfixu.o(x$fpl$dfixu) for __aeabi_d2uiz
    i2c_loopback.o(i.am_watchdog_isr) refers to i2c_loopback.o(i.buzzer_change_frequency) for buzzer_change_frequency
    i2c_loopback.o(i.am_watchdog_isr) refers to am_hal_ctimer.o(i.am_hal_ctimer_pin_disable) for am_hal_ctimer_pin_disable
    i2c_loopback.o(i.am_watchdog_isr) refers to i2c_loopback.o(.bss) for velocity_array
    i2c_loopback.o(i.am_watchdog_isr) refers to i2c_loopback.o(.data) for altitude
    i2c_loopback.o(i.buzzer_change_frequency) refers to am_hal_ctimer.o(i.am_hal_ctimer_pin_enable) for am_hal_ctimer_pin_enable
    i2c_loopback.o(i.buzzer_change_frequency) refers to i2c_loopback.o(.data) for BUZZER_WAKE_INTERVAL_IN_MS
    i2c_loopback.o(i.calc_velocity) refers to f2d.o(x$fpl$f2d) for __aeabi_f2d
    i2c_loopback.o(i.calc_velocity) refers to pow.o(i.__hardfp_pow) for __hardfp_pow
    i2c_loopback.o(i.calc_velocity) refers to daddsub_clz.o(x$fpl$drsb) for __aeabi_drsub
    i2c_loopback.o(i.calc_velocity) refers to dmul_clz.o(x$fpl$dmul) for __aeabi_dmul
    i2c_loopback.o(i.calc_velocity) refers to d2f_clz.o(x$fpl$d2f) for __aeabi_d2f
    i2c_loopback.o(i.calc_velocity) refers to am_util_stdio.o(i.am_util_stdio_printf) for am_util_stdio_printf
    i2c_loopback.o(i.calc_velocity) refers to i2c_loopback.o(.data) for altitude
    i2c_loopback.o(i.calc_velocity) refers to i2c_loopback.o(.bss) for velocity_array
    i2c_loopback.o(i.display_init) refers to am_util_delay.o(i.am_util_delay_ms) for am_util_delay_ms
    i2c_loopback.o(i.display_init) refers to am_hal_iom.o(i.am_hal_iom_spi_write) for am_hal_iom_spi_write
    i2c_loopback.o(i.display_init) refers to am_util_delay.o(i.am_util_delay_us) for am_util_delay_us
[...]
    i.am_hal_stimer_int_clear                0x00003c00   Section        0  am_hal_stimer.o(i.am_hal_stimer_int_clear)
    i.am_hal_stimer_int_enable               0x00003c0c   Section        0  am_hal_stimer.o(i.am_hal_stimer_int_enable)
    i.am_hal_sysctrl_sleep                   0x00003c20   Section        0  am_hal_sysctrl.o(i.am_hal_sysctrl_sleep)
    i.am_hal_tpiu_enable                     0x00003d0c   Section        0  am_hal_tpiu.o(i.am_hal_tpiu_enable)
    i.am_hal_vcomp_disable                   0x00003d94   Section        0  am_hal_vcomp.o(i.am_hal_vcomp_disable)
    i.am_hal_wdt_init                        0x00003da0   Section        0  am_hal_wdt.o(i.am_hal_wdt_init)
    i.am_hal_wdt_int_clear                   0x00003e0c   Section        0  am_hal_wdt.o(i.am_hal_wdt_int_clear)
    i.am_hal_wdt_start                       0x00003e1c   Section        0  am_hal_wdt.o(i.am_hal_wdt_start)
    i.am_stimer_cmpr0_isr                    0x00003e34   Section        0  i2c_loopback.o(i.am_stimer_cmpr0_isr)
    i.am_stimer_cmpr1_isr                    0x00003ec4   Section        0  i2c_loopback.o(i.am_stimer_cmpr1_isr)
    i.am_util_delay_ms                       0x00003f78   Section        0  am_util_delay.o(i.am_util_delay_ms)
    i.am_util_delay_us                       0x00003f94   Section        0  am_util_delay.o(i.am_util_delay_us)
    i.am_util_faultisr_collect_data          0x00003fb4   Section        0  am_util_faultisr.o(i.am_util_faultisr_collect_data)
    i.am_util_stdio_printf                   0x0000406c   Section        0  am_util_stdio.o(i.am_util_stdio_printf)
    i.am_util_stdio_printf_init              0x0000409c   Section        0  am_util_stdio.o(i.am_util_stdio_printf_init)
    i.am_util_stdio_sprintf                  0x000040a8   Section        0  am_util_stdio.o(i.am_util_stdio_sprintf)
    i.am_util_stdio_terminal_clear           0x000040cc   Section        0  am_util_stdio.o(i.am_util_stdio_terminal_clear)
    i.am_util_stdio_vsprintf                 0x000040ec   Section        0  am_util_stdio.o(i.am_util_stdio_vsprintf)
    i.am_watchdog_isr                        0x000044a0   Section        0  i2c_loopback.o(i.am_watchdog_isr)
    i.buzzer_change_frequency                0x000047a0   Section        0  i2c_loopback.o(i.buzzer_change_frequency)
    i.calc_velocity                          0x0000486c   Section        0  i2c_loopback.o(i.calc_velocity)
    i.decstr_to_int                          0x000049c4   Section        0  am_util_stdio.o(i.decstr_to_int)
    decstr_to_int                            0x000049c5   Thumb Code    66  am_util_stdio.o(i.decstr_to_int)
    i.display_init                           0x00004a08   Section        0  i2c_loopback.o(i.display_init)
    i.divu64_10                              0x00004bd8   Section        0  am_util_stdio.o(i.divu64_10)
    divu64_10                                0x00004bd9   Thumb Code   204  am_util_stdio.o(i.divu64_10)
    i.fabs                                   0x00004ca4   Section        0  fabs.o(i.fabs)
    i.ftoa                                   0x00004cbc   Section        0  am_util_stdio.o(i.ftoa)
    ftoa                                     0x00004cbd   Thumb Code   334  am_util_stdio.o(i.ftoa)
    i.i2c_pull_and_wait_scl_hi               0x00004e10   Section        0  am_hal_i2c_bit_bang.o(i.i2c_pull_and_wait_scl_hi)
    i2c_pull_and_wait_scl_hi                 0x00004e11   Thumb Code    54  am_hal_i2c_bit_bang.o(i.i2c_pull_and_wait_scl_hi)
    i.i2c_send_byte                          0x00004e4c   Section        0  am_hal_i2c_bit_bang.o(i.i2c_send_byte)
    i2c_send_byte                            0x00004e4d   Thumb Code   154  am_hal_i2c_bit_bang.o(i.i2c_send_byte)
    i.init_cTimer                            0x00004eec   Section        0  i2c_loopback.o(i.init_cTimer)
    i.init_watchdog                          0x00004f1c   Section        0  i2c_loopback.o(i.init_watchdog)
    i.internal_iom_get_int_err               0x00004f44   Section        0  am_hal_iom.o(i.internal_iom_get_int_err)
    internal_iom_get_int_err                 0x00004f45   Thumb Code    58  am_hal_iom.o(i.internal_iom_get_int_err)
    i.iom_set_up                             0x00004f80   Section        0  i2c_loopback.o(i.iom_set_up)
    iom_set_up                               0x00004f81   Thumb Code   414  i2c_loopback.o(i.iom_set_up)
    i.itm_start                              0x0000512c   Section        0  i2c_loopback.o(i.itm_start)
    i.kalman_filter                          0x0000518c   Section        0  i2c_loopback.o(i.kalman_filter)
    i.main                                   0x00005314   Section        0  i2c_loopback.o(i.main)
    i.ndigits_in_hex                         0x000053a8   Section        0  am_util_stdio.o(i.ndigits_in_hex)
    ndigits_in_hex                           0x000053a9   Thumb Code    52  am_util_stdio.o(i.ndigits_in_hex)
    i.ndigits_in_i64                         0x000053dc   Section        0  am_util_stdio.o(i.ndigits_in_i64)
    ndigits_in_i64                           0x000053dd   Thumb Code    36  am_util_stdio.o(i.ndigits_in_i64)
    i.ndigits_in_u64                         0x00005400   Section        0  am_util_stdio.o(i.ndigits_in_u64)
    ndigits_in_u64                           0x00005401   Thumb Code    58  am_util_stdio.o(i.ndigits_in_u64)
    i.padbuffer                              0x0000543a   Section        0  am_util_stdio.o(i.padbuffer)
    padbuffer                                0x0000543b   Thumb Code    34  am_util_stdio.o(i.padbuffer)
    i.pressure_sensor_init                   0x0000545c   Section        0  i2c_loopback.o(i.pressure_sensor_init)
    i.pressure_sensor_read                   0x00005564   Section        0  i2c_loopback.o(i.pressure_sensor_read)
    i.setBuckZX                              0x000056c0   Section        0  am_hal_sysctrl.o(i.setBuckZX)
    setBuckZX                                0x000056c1   Thumb Code   112  am_hal_sysctrl.o(i.setBuckZX)
    i.simple_strlen                          0x00005738   Section        0  am_util_stdio.o(i.simple_strlen)
    simple_strlen                            0x00005739   Thumb Code    24  am_util_stdio.o(i.simple_strlen)
    i.sqrt                                   0x00005750   Section        0  sqrt_full.o(i.sqrt)
    i.stimer_init                            0x000057c0   Section        0  i2c_loopback.o(i.stimer_init)
    i.uint64_to_hexstr                       0x00005800   Section        0  am_util_stdio.o(i.uint64_to_hexstr)
    uint64_to_hexstr                         0x00005801   Thumb Code   138  am_util_stdio.o(i.uint64_to_hexstr)
    i.uint64_to_str                          0x0000588a   Section        0  am_util_stdio.o(i.uint64_to_str)
    uint64_to_str                            0x0000588b   Thumb Code   112  am_util_stdio.o(i.uint64_to_str)
    i.write_big_number                       0x000058fc   Section        0  i2c_loopback.o(i.write_big_number)
    x$fpl$basic                              0x00005990   Section       24  basic.o(x$fpl$basic)
    $v0                                      0x00005990   Number         0  basic.o(x$fpl$basic)
    x$fpl$d2f                                0x000059a8   Section      708  d2f_clz.o(x$fpl$d2f)
    $v0                                      0x000059a8   Number         0  d2f_clz.o(x$fpl$d2f)
    x$fpl$dadd                               0x00005c6c   Section      588  daddsub_clz.o(x$fpl$dadd)
    $v0                                      0x00005c6c   Number         0  daddsub_clz.o(x$fpl$dadd)
    _dadd1                                   0x00005c97   Thumb Code     0  daddsub_clz.o(x$fpl$dadd)
    dadd_zerodenorm                          0x00005e37   Thumb Code     0  daddsub_clz.o(x$fpl$dadd)
    x$fpl$dcheck1                            0x00005eb8   Section       28  dcheck1.o(x$fpl$dcheck1)
    $v0                                      0x00005eb8   Number         0  dcheck1.o(x$fpl$dcheck1)
    x$fpl$dcmpinf                            0x00005ed4   Section       24  dcmpi.o(x$fpl$dcmpinf)
    $v0                                      0x00005ed4   Number         0  dcmpi.o(x$fpl$dcmpinf)
    x$fpl$ddiv                               0x00005eec   Section      892  ddiv_clz.o(x$fpl$ddiv)
    $v0                                      0x00005eec   Number         0  ddiv_clz.o(x$fpl$ddiv)
    ddiv_entry                               0x00005ef3   Thumb Code     0  ddiv_clz.o(x$fpl$ddiv)
    x$fpl$dfixu                              0x00006268   Section      220  dfixu.o(x$fpl$dfixu)
    $v0                                      0x00006268   Number         0  dfixu.o(x$fpl$dfixu)
    x$fpl$dflt                               0x00006344   Section       46  dflt_clz.o(x$fpl$dflt)
    $v0                                      0x00006344   Number         0  dflt_clz.o(x$fpl$dflt)
    x$fpl$dfltn                              0x00006372   Section       26  dflt_clz.o(x$fpl$dfltn)
    $v0                                      0x00006372   Number         0  dflt_clz.o(x$fpl$dfltn)
    x$fpl$dfltu                              0x0000638c   Section       38  dflt_clz.o(x$fpl$dfltu)
    $v0                                      0x0000638c   Number         0  dflt_clz.o(x$fpl$dfltu)
    x$fpl$dleqf                              0x000063b4   Section      120  dleqf.o(x$fpl$dleqf)
    $v0                                      0x000063b4   Number         0  dleqf.o(x$fpl$dleqf)
    x$fpl$dmul                               0x0000642c   Section      448  dmul_clz.o(x$fpl$dmul)
    $v0                                      0x0000642c   Number         0  dmul_clz.o(x$fpl$dmul)
    x$fpl$dnaninf                            0x000065ec   Section      258  dnaninf.o(x$fpl$dnaninf)
    $v0                                      0x000065ec   Number         0  dnaninf.o(x$fpl$dnaninf)
    x$fpl$drenorm                            0x000066ee   Section      112  drenorm_clz.o(x$fpl$drenorm)
    $v0                                      0x000066ee   Number         0  drenorm_clz.o(x$fpl$drenorm)
    x$fpl$dretinf                            0x0000675e   Section       12  dretinf.o(x$fpl$dretinf)
    $v0                                      0x0000675e   Number         0  dretinf.o(x$fpl$dretinf)
    x$fpl$drleqf                             0x0000676a   Section       98  drleqf.o(x$fpl$drleqf)
    $v0                                      0x0000676a   Number         0  drleqf.o(x$fpl$drleqf)
    x$fpl$drsb                               0x000067cc   Section       80  daddsub_clz.o(x$fpl$drsb)
    $v0                                      0x000067cc   Number         0  daddsub_clz.o(x$fpl$drsb)
    x$fpl$dsqrt                              0x0000681c   Section      520  dsqrt_umaalclz.o(x$fpl$dsqrt)
    $v0                                      0x0000681c   Number         0  dsqrt_umaalclz.o(x$fpl$dsqrt)
    x$fpl$dsub                               0x00006a24   Section      668  daddsub_clz.o(x$fpl$dsub)
    $v0                                      0x00006a24   Number         0  daddsub_clz.o(x$fpl$dsub)
    _dsub1                                   0x00006a4f   Thumb Code     0  daddsub_clz.o(x$fpl$dsub)
    daddsub_denorm                           0x00006c13   Thumb Code     0  daddsub_clz.o(x$fpl$dsub)
    dsub_uncommon_first                      0x00006c27   Thumb Code     0  daddsub_clz.o(x$fpl$dsub)
    dsub_zerodenorm                          0x00006c45   Thumb Code     0  daddsub_clz.o(x$fpl$dsub)
    x$fpl$dunder                             0x00006cc0   Section      378  dunder_clz.o(x$fpl$dunder)
    $v0                                      0x00006cc0   Number         0  dunder_clz.o(x$fpl$dunder)
    x$fpl$exception                          0x00006e3c   Section      492  except.o(x$fpl$exception)
    $v0                                      0x00006e3c   Number         0  except.o(x$fpl$exception)
    x$fpl$f2d                                0x00007028   Section      122  f2d.o(x$fpl$f2d)
    $v0                                      0x00007028   Number         0  f2d.o(x$fpl$f2d)
    x$fpl$fnaninf                            0x000070a2   Section      242  fnaninf.o(x$fpl$fnaninf)
    $v0                                      0x000070a2   Number         0  fnaninf.o(x$fpl$fnaninf)
    x$fpl$fpinit                             0x00007194   Section       10  fpinit.o(x$fpl$fpinit)
    $v0                                      0x00007194   Number         0  fpinit.o(x$fpl$fpinit)
    x$fpl$fretinf                            0x0000719e   Section       10  fretinf.o(x$fpl$fretinf)
    $v0                                      0x0000719e   Number         0  fretinf.o(x$fpl$fretinf)
    x$fpl$funder                             0x000071a8   Section      316  funder_clz.o(x$fpl$funder)
    $v0                                      0x000071a8   Number         0  funder_clz.o(x$fpl$funder)
    x$fpl$retnan                             0x000072e4   Section      178  retnan.o(x$fpl$retnan)
    $v0                                      0x000072e4   Number         0  retnan.o(x$fpl$retnan)
    x$fpl$scalbn                             0x00007398   Section      276  scalbn_clz.o(x$fpl$scalbn)
    $v0                                      0x00007398   Number         0  scalbn_clz.o(x$fpl$scalbn)
    x$fpl$trapveneer                         0x000074ac   Section      126  trapv.o(x$fpl$trapveneer)
    $v0                                      0x000074ac   Number         0  trapv.o(x$fpl$trapveneer)
    x$fpl$usenofp                            0x0000752a   Section        0  usenofp.o(x$fpl$usenofp)
    .constdata                               0x0000752c   Section     1676  i2c_loopback.o(.constdata)
    ASCII                                    0x0000752c   Data         490  i2c_loopback.o(.constdata)
    ASCII_BIG                                0x00007716   Data         585  i2c_loopback.o(.constdata)
    para_picture                             0x0000795f   Data         504  i2c_loopback.o(.constdata)
    .constdata                               0x00007bb8   Section       12  am_hal_cachectrl.o(.constdata)
    .constdata                               0x00007bc4   Section       65  am_hal_iom.o(.constdata)
    .constdata                               0x00007c08   Section      136  pow.o(.constdata)
    bp                                       0x00007c08   Data          16  pow.o(.constdata)
    dp_h                                     0x00007c18   Data          16  pow.o(.constdata)
    dp_l                                     0x00007c28   Data          16  pow.o(.constdata)
    L                                        0x00007c38   Data          48  pow.o(.constdata)
    P                                        0x00007c68   Data          40  pow.o(.constdata)
    .constdata                               0x00007c90   Section        8  qnan.o(.constdata)
    .data                                    0x10000000   Section      180  i2c_loopback.o(.data)
    g_sIOMI2cConfig_i2c                      0x100000a8   Data          12  i2c_loopback.o(.data)
    .data                                    0x100000b4   Section        5  am_util_stdio.o(.data)
    g_bTxtXlate                              0x100000b8   Data           1  am_util_stdio.o(.data)
    .data                                    0x100000bc   Section        4  am_hal_global.o(.data)
    .data                                    0x100000c0   Section       48  am_bsp.o(.data)
    g_SPIpins                                0x100000c0   Data          48  am_bsp.o(.data)
    .data                                    0x100000f0   Section       80  am_hal_flash.o(.data)
    .data                                    0x10000140   Section       18  am_hal_iom.o(.data)
    g_iom_error_status                       0x1000014b   Data           7  am_hal_iom.o(.data)
    .data                                    0x10000154   Section       28  am_hal_sysctrl.o(.data)
    g_bBuckRestoreComplete                   0x10000154   Data           1  am_hal_sysctrl.o(.data)
    g_ui32BuckTimer                          0x10000158   Data           4  am_hal_sysctrl.o(.data)
    g_ui32BuckInputs                         0x1000015c   Data           4  am_hal_sysctrl.o(.data)
    g_buckZX_chk                             0x10000160   Data           4  am_hal_sysctrl.o(.data)
    g_ui32SaveCoreBuckZX                     0x10000164   Data           4  am_hal_sysctrl.o(.data)
    g_ui32SaveMemBuckZX                      0x10000168   Data           4  am_hal_sysctrl.o(.data)
    g_ui32CoreBuck                           0x1000016c   Data           4  am_hal_sysctrl.o(.data)
    .bss                                     0x10000170   Section       72  i2c_loopback.o(.bss)
    .bss                                     0x100001b8   Section      256  am_util_stdio.o(.bss)
    g_prfbuf                                 0x100001b8   Data         256  am_util_stdio.o(.bss)
    .bss                                     0x100002b8   Section      408  am_hal_iom.o(.bss)
    .bss                                     0x10000450   Section       44  am_hal_i2c_bit_bang.o(.bss)
    am_hal_i2c_bit_bang_priv                 0x10000450   Data          44  am_hal_i2c_bit_bang.o(.bss)
    .bss                                     0x1000047c   Section       96  libspace.o(.bss)
    HEAP                                     0x100004e0   Section        0  startup_keil.o(HEAP)
    STACK                                    0x100004e0   Section     4096  startup_keil.o(STACK)
    HeapMem                                  0x100004e0   Data           0  startup_keil.o(HEAP)
    StackMem                                 0x100004e0   Data           0  startup_keil.o(STACK)

    Global Symbols

    Symbol Name                              Value     Ov Type        Size  Object(Section)

    BuildAttributes$$THM_ISAv4$E$P$D$K$B$S$7EM$VFPi3$EXTD16$VFPS$VFMA$PE$A:L22UL41UL21$X:L11$S22US41US21$IEEE1$IW$USESV6$~STKCKD$USESV7$~SHL$OTIME$ROPI$IEEEX$EBA8$UX$STANDARDLIB$REQ8$EABIv2 0x00000000   Number         0  anon$$obj.o ABSOLUTE
    __ARM_use_no_argv                        0x00000000   Number         0  i2c_loopback.o ABSOLUTE
    __Vectors                                0x00000000   Data           0  startup_keil.o(RESET)
    __ARM_exceptions_init                     - Undefined Weak Reference
    __alloca_initialize                       - Undefined Weak Reference
    __arm_preinit_                            - Undefined Weak Reference
    __cpp_initialize__aeabi_                  - Undefined Weak Reference
    __cxa_finalize                            - Undefined Weak Reference
    __rt_locale                               - Undefined Weak Reference
    __sigvec_lookup                           - Undefined Weak Reference
    _atexit_init                              - Undefined Weak Reference
    _call_atexit_fns                          - Undefined Weak Reference
    _clock_init                               - Undefined Weak Reference
    _fp_trap_big                              - Undefined Weak Reference
    _fp_trap_init                             - Undefined Weak Reference
    _fp_trap_shutdown                         - Undefined Weak Reference
    _get_lc_collate                           - Undefined Weak Reference
    _get_lc_ctype                             - Undefined Weak Reference
    _get_lc_monetary                          - Undefined Weak Reference
    _get_lc_numeric                           - Undefined Weak Reference
    _get_lc_time                              - Undefined Weak Reference
    _getenv_init                              - Undefined Weak Reference
    _handle_redirection                       - Undefined Weak Reference
    _init_alloc                               - Undefined Weak Reference
    _init_user_alloc                          - Undefined Weak Reference
    _initio                                   - Undefined Weak Reference
    _rand_init                                - Undefined Weak Reference
    _signal_finish                            - Undefined Weak Reference
    _signal_init                              - Undefined Weak Reference
    _terminate_alloc                          - Undefined Weak Reference
    _terminate_user_alloc                     - Undefined Weak Reference
    _terminateio                              - Undefined Weak Reference
    Reset_Handler                            0x000000c1   Thumb Code    28  startup_keil.o(RESET)
    am_nmi_isr                               0x000000dd   Thumb Code     2  startup_keil.o(RESET)
    am_memmanage_isr                         0x000000e1   Thumb Code     2  startup_keil.o(RESET)
    am_adc_isr                               0x000000e3   Thumb Code     0  startup_keil.o(RESET)
    am_brownout_isr                          0x000000e3   Thumb Code     0  startup_keil.o(RESET)
    am_clkgen_isr                            0x000000e3   Thumb Code     0  startup_keil.o(RESET)
    am_debugmon_isr                          0x000000e3   Thumb Code     0  startup_keil.o(RESET)
    am_flash_isr                             0x000000e3   Thumb Code     0  startup_keil.o(RESET)
    am_gpio_isr                              0x000000e3   Thumb Code     0  startup_keil.o(RESET)
    am_iomaster0_isr                         0x000000e3   Thumb Code     0  startup_keil.o(RESET)
    am_iomaster1_isr                         0x000000e3   Thumb Code     0  startup_keil.o(RESET)
    am_iomaster2_isr                         0x000000e3   Thumb Code     0  startup_keil.o(RESET)
    am_iomaster3_isr                         0x000000e3   Thumb Code     0  startup_keil.o(RESET)
    am_iomaster4_isr                         0x000000e3   Thumb Code     0  startup_keil.o(RESET)
    am_iomaster5_isr                         0x000000e3   Thumb Code     0  startup_keil.o(RESET)
    am_ioslave_acc_isr                       0x000000e3   Thumb Code     0  startup_keil.o(RESET)
    am_ioslave_ios_isr                       0x000000e3   Thumb Code     0  startup_keil.o(RESET)
    am_pdm_isr                               0x000000e3   Thumb Code     0  startup_keil.o(RESET)
    am_pendsv_isr                            0x000000e3   Thumb Code     0  startup_keil.o(RESET)
    am_software0_isr                         0x000000e3   Thumb Code     0  startup_keil.o(RESET)
    am_software1_isr                         0x000000e3   Thumb Code     0  startup_keil.o(RESET)
    am_software2_isr                         0x000000e3   Thumb Code     0  startup_keil.o(RESET)
    am_software3_isr                         0x000000e3   Thumb Code     0  startup_keil.o(RESET)
    am_stimer_cmpr2_isr                      0x000000e3   Thumb Code     0  startup_keil.o(RESET)
    am_stimer_cmpr3_isr                      0x000000e3   Thumb Code     0  startup_keil.o(RESET)
    am_stimer_cmpr4_isr                      0x000000e3   Thumb Code     0  startup_keil.o(RESET)
    am_stimer_cmpr5_isr                      0x000000e3   Thumb Code     0  startup_keil.o(RESET)
    am_stimer_cmpr6_isr                      0x000000e3   Thumb Code     0  startup_keil.o(RESET)
    am_stimer_cmpr7_isr                      0x000000e3   Thumb Code     0  startup_keil.o(RESET)
    am_stimer_isr                            0x000000e3   Thumb Code     0  startup_keil.o(RESET)
    am_svcall_isr                            0x000000e3   Thumb Code     0  startup_keil.o(RESET)
    am_systick_isr                           0x000000e3   Thumb Code     0  startup_keil.o(RESET)
    am_uart0_isr                             0x000000e3   Thumb Code     0  startup_keil.o(RESET)
    am_uart1_isr                             0x000000e3   Thumb Code     0  startup_keil.o(RESET)
    am_uart_isr                              0x000000e3   Thumb Code     0  startup_keil.o(RESET)
    am_vcomp_isr                             0x000000e3   Thumb Code     0  startup_keil.o(RESET)
    __main                                   0x000000e9   Thumb Code     8  __main.o(!!!main)
    __scatterload                            0x000000f1   Thumb Code     0  __scatter.o(!!!scatter)
    __scatterload_rt2                        0x000000f1   Thumb Code    44  __scatter.o(!!!scatter)
    __scatterload_rt2_thumb_only             0x000000f1   Thumb Code     0  __scatter.o(!!!scatter)
    __scatterload_null                       0x000000ff   Thumb Code     0  __scatter.o(!!!scatter)
    __decompress                             0x00000125   Thumb Code    90  __dczerorl2.o(!!dczerorl2)
    __decompress1                            0x00000125   Thumb Code     0  __dczerorl2.o(!!dczerorl2)
    __scatterload_zeroinit                   0x00000181   Thumb Code    28  __scatter_zi.o(!!handler_zi)
    __rt_lib_init                            0x0000019d   Thumb Code     0  libinit.o(.ARM.Collect$$libinit$$00000000)
    __rt_lib_init_fp_1                       0x0000019f   Thumb Code     0  libinit2.o(.ARM.Collect$$libinit$$00000001)
    __rt_lib_init_alloca_1                   0x000001a3   Thumb Code     0  libinit2.o(.ARM.Collect$$libinit$$0000002E)
    __rt_lib_init_argv_1                     0x000001a3   Thumb Code     0  libinit2.o(.ARM.Collect$$libinit$$0000002C)
    __rt_lib_init_atexit_1                   0x000001a3   Thumb Code     0  libinit2.o(.ARM.Collect$$libinit$$0000001B)
    __rt_lib_init_clock_1                    0x000001a3   Thumb Code     0  libinit2.o(.ARM.Collect$$libinit$$00000021)
    __rt_lib_init_cpp_1                      0x000001a3   Thumb Code     0  libinit2.o(.ARM.Collect$$libinit$$00000032)
    __rt_lib_init_exceptions_1               0x000001a3   Thumb Code     0  libinit2.o(.ARM.Collect$$libinit$$00000030)
    __rt_lib_init_fp_trap_1                  0x000001a3   Thumb Code     0  libinit2.o(.ARM.Collect$$libinit$$0000001F)
    __rt_lib_init_getenv_1                   0x000001a3   Thumb Code     0  libinit2.o(.ARM.Collect$$libinit$$00000023)
    __rt_lib_init_heap_1                     0x000001a3   Thumb Code     0  libinit2.o(.ARM.Collect$$libinit$$0000000A)
    __rt_lib_init_lc_collate_1               0x000001a3   Thumb Code     0  libinit2.o(.ARM.Collect$$libinit$$00000011)
    __rt_lib_init_lc_ctype_1                 0x000001a3   Thumb Code     0  libinit2.o(.ARM.Collect$$libinit$$00000013)
    __rt_lib_init_lc_monetary_1              0x000001a3   Thumb Code     0  libinit2.o(.ARM.Collect$$libinit$$00000015)
    __rt_lib_init_lc_numeric_1               0x000001a3   Thumb Code     0  libinit2.o(.ARM.Collect$$libinit$$00000017)
    __rt_lib_init_lc_time_1                  0x000001a3   Thumb Code     0  libinit2.o(.ARM.Collect$$libinit$$00000019)
    __rt_lib_init_preinit_1                  0x000001a3   Thumb Code     0  libinit2.o(.ARM.Collect$$libinit$$00000004)
    __rt_lib_init_rand_1                     0x000001a3   Thumb Code     0  libinit2.o(.ARM.Collect$$libinit$$0000000E)
    __rt_lib_init_return                     0x000001a3   Thumb Code     0  libinit2.o(.ARM.Collect$$libinit$$00000033)
    __rt_lib_init_signal_1                   0x000001a3   Thumb Code     0  libinit2.o(.ARM.Collect$$libinit$$0000001D)
    __rt_lib_init_stdio_1                    0x000001a3   Thumb Code     0  libinit2.o(.ARM.Collect$$libinit$$00000025)
    __rt_lib_init_user_alloc_1               0x000001a3   Thumb Code     0  libinit2.o(.ARM.Collect$$libinit$$0000000C)
    __rt_lib_shutdown                        0x000001a5   Thumb Code     0  libshutdown.o(.ARM.Collect$$libshutdown$$00000000)
    __rt_lib_shutdown_cpp_1                  0x000001a7   Thumb Code     0  libshutdown2.o(.ARM.Collect$$libshutdown$$00000002)
    __rt_lib_shutdown_fp_trap_1              0x000001a7   Thumb Code     0  libshutdown2.o(.ARM.Collect$$libshutdown$$00000007)
    __rt_lib_shutdown_heap_1                 0x000001a7   Thumb Code     0  libshutdown2.o(.ARM.Collect$$libshutdown$$0000000F)
    __rt_lib_shutdown_return                 0x000001a7   Thumb Code     0  libshutdown2.o(.ARM.Collect$$libshutdown$$00000010)
    __rt_lib_shutdown_signal_1               0x000001a7   Thumb Code     0  libshutdown2.o(.ARM.Collect$$libshutdown$$0000000A)
    __rt_lib_shutdown_stdio_1                0x000001a7   Thumb Code     0  libshutdown2.o(.ARM.Collect$$libshutdown$$00000004)
    __rt_lib_shutdown_user_alloc_1           0x000001a7   Thumb Code     0  libshutdown2.o(.ARM.Collect$$libshutdown$$0000000C)
    __rt_entry                               0x000001a9   Thumb Code     0  __rtentry.o(.ARM.Collect$$rtentry$$00000000)
    __rt_entry_presh_1                       0x000001a9   Thumb Code     0  __rtentry2.o(.ARM.Collect$$rtentry$$00000002)
    __rt_entry_sh                            0x000001a9   Thumb Code     0  __rtentry4.o(.ARM.Collect$$rtentry$$00000004)
    __rt_entry_li                            0x000001af   Thumb Code     0  __rtentry2.o(.ARM.Collect$$rtentry$$0000000A)
    __rt_entry_postsh_1                      0x000001af   Thumb Code     0  __rtentry2.o(.ARM.Collect$$rtentry$$00000009)
    __rt_entry_main                          0x000001b3   Thumb Code     0  __rtentry2.o(.ARM.Collect$$rtentry$$0000000D)
    __rt_entry_postli_1                      0x000001b3   Thumb Code     0  __rtentry2.o(.ARM.Collect$$rtentry$$0000000C)
    __rt_exit                                0x000001bb   Thumb Code     0  rtexit.o(.ARM.Collect$$rtexit$$00000000)
    __rt_exit_ls                             0x000001bd   Thumb Code     0  rtexit2.o(.ARM.Collect$$rtexit$$00000003)
    __rt_exit_prels_1                        0x000001bd   Thumb Code     0  rtexit2.o(.ARM.Collect$$rtexit$$00000002)
    __rt_exit_exit                           0x000001c1   Thumb Code     0  rtexit2.o(.ARM.Collect$$rtexit$$00000004)
    am_fault_isr                             0x000001c9   Thumb Code    12  am_util_faultisr.o(.emb_text)
    getStackedReg                            0x000001d5   Thumb Code     8  am_util_faultisr.o(.emb_text)
    am_hal_interrupt_master_enable           0x000001dd   Thumb Code     8  am_hal_interrupt.o(.emb_text)
    am_hal_interrupt_master_disable          0x000001e5   Thumb Code     8  am_hal_interrupt.o(.emb_text)
    am_hal_interrupt_master_set              0x000001ed   Thumb Code     6  am_hal_interrupt.o(.emb_text)
    __asm___12_am_hal_iom_c_97762dd2__iom_workaround_loop 0x000001f5   Thumb Code    32  am_hal_iom.o(.emb_text)
    __user_initial_stackheap                 0x00000219   Thumb Code    10  startup_keil.o(.text)
    arm_mat_add_f32                          0x00000231   Thumb Code   264  arm_mat_add_f32.o(.text)
    arm_mat_mult_f32                         0x00000339   Thumb Code   312  arm_mat_mult_f32.o(.text)
    arm_mat_scale_f32                        0x00000475   Thumb Code   208  arm_mat_scale_f32.o(.text)
    arm_mat_sub_f32                          0x00000545   Thumb Code   264  arm_mat_sub_f32.o(.text)
    arm_mat_trans_f32                        0x0000064d   Thumb Code   276  arm_mat_trans_f32.o(.text)
    __aeabi_memclr4                          0x00000761   Thumb Code     0  rt_memclr_w.o(.text)
    __aeabi_memclr8                          0x00000761   Thumb Code     0  rt_memclr_w.o(.text)
    __rt_memclr_w                            0x00000761   Thumb Code    78  rt_memclr_w.o(.text)
    _memset_w                                0x00000765   Thumb Code     0  rt_memclr_w.o(.text)
    __use_two_region_memory                  0x000007af   Thumb Code     2  heapauxi.o(.text)
    __rt_heap_escrow$2region                 0x000007b1   Thumb Code     2  heapauxi.o(.text)
    __rt_heap_expand$2region                 0x000007b3   Thumb Code     2  heapauxi.o(.text)
    __read_errno                             0x000007b5   Thumb Code    10  _rserrno.o(.text)
    __set_errno                              0x000007bf   Thumb Code    12  _rserrno.o(.text)
    __aeabi_errno_addr                       0x000007cd   Thumb Code     8  rt_errno_addr_intlibspace.o(.text)
    __errno$intlibspace                      0x000007cd   Thumb Code     0  rt_errno_addr_intlibspace.o(.text)
    __rt_errno_addr$intlibspace              0x000007cd   Thumb Code     0  rt_errno_addr_intlibspace.o(.text)
    _fp_trap                                 0x000007d5   Thumb Code    44  _fptrap.o(.text)
    __user_libspace                          0x00000805   Thumb Code     8  libspace.o(.text)
    __user_perproc_libspace                  0x00000805   Thumb Code     0  libspace.o(.text)
    __user_perthread_libspace                0x00000805   Thumb Code     0  libspace.o(.text)
    __user_setup_stackheap                   0x0000080d   Thumb Code    74  sys_stackheap_outer.o(.text)
    exit                                     0x00000857   Thumb Code    18  exit.o(.text)
    __rt_SIGFPE                              0x00000869   Thumb Code    14  defsig_fpe_outer.o(.text)
    __sig_exit                               0x00000877   Thumb Code    10  defsig_exit.o(.text)
    __rt_SIGFPE_inner                        0x00000881   Thumb Code    62  defsig_fpe_inner.o(.text)
    _sys_exit                                0x0000092d   Thumb Code     8  sys_exit.o(.text)
    __default_signal_display                 0x00000939   Thumb Code    50  defsig_general.o(.text)
    _ttywrch                                 0x0000096b   Thumb Code    14  sys_wrch.o(.text)
    __I$use$semihosting                      0x00000979   Thumb Code     0  use_no_semi.o(.text)
    __use_no_semihosting_swi                 0x00000979   Thumb Code     2  use_no_semi.o(.text)
    __semihosting_library_function           0x0000097b   Thumb Code     0  indicate_semi.o(.text)
    LcdString                                0x0000097d   Thumb Code   154  i2c_loopback.o(i.LcdString)
    __ARM_fpclassify                         0x00000a21   Thumb Code    48  fpclassify.o(i.__ARM_fpclassify)
    __hardfp_fabs                            0x00000a51   Thumb Code    20  fabs.o(i.__hardfp_fabs)
    __hardfp_pow                             0x00000a69   Thumb Code  3072  pow.o(i.__hardfp_pow)
    __kernel_poly                            0x000016b9   Thumb Code   248  poly.o(i.__kernel_poly)
    __mathlib_dbl_divzero                    0x000017b1   Thumb Code    28  dunder.o(i.__mathlib_dbl_divzero)
    __mathlib_dbl_infnan2                    0x000017e1   Thumb Code    20  dunder.o(i.__mathlib_dbl_infnan2)
    __mathlib_dbl_invalid                    0x000017f9   Thumb Code    24  dunder.o(i.__mathlib_dbl_invalid)
    __mathlib_dbl_overflow                   0x00001819   Thumb Code    24  dunder.o(i.__mathlib_dbl_overflow)
    __mathlib_dbl_underflow                  0x00001839   Thumb Code    24  dunder.o(i.__mathlib_dbl_underflow)
    am_bsp_debug_printf_enable               0x00001859   Thumb Code    92  am_bsp.o(i.am_bsp_debug_printf_enable)
    am_bsp_iom_enable                        0x000018c9   Thumb Code   208  am_bsp.o(i.am_bsp_iom_enable)
    am_bsp_itm_string_print                  0x000019a5   Thumb Code     4  am_bsp.o(i.am_bsp_itm_string_print)
    am_bsp_low_power_init                    0x000019a9   Thumb Code    34  am_bsp.o(i.am_bsp_low_power_init)
    am_ctimer_isr                            0x000019cd   Thumb Code    28  i2c_loopback.o(i.am_ctimer_isr)
    am_hal_cachectrl_enable                  0x000019f1   Thumb Code   204  am_hal_cachectrl.o(i.am_hal_cachectrl_enable)
    am_hal_clkgen_osc_start                  0x00001ac1   Thumb Code    22  am_hal_clkgen.o(i.am_hal_clkgen_osc_start)
    am_hal_clkgen_osc_stop                   0x00001ad7   Thumb Code    20  am_hal_clkgen.o(i.am_hal_clkgen_osc_stop)
    am_hal_clkgen_sysclk_get                 0x00001aed   Thumb Code    28  am_hal_clkgen.o(i.am_hal_clkgen_sysclk_get)
    am_hal_clkgen_sysclk_select              0x00001b11   Thumb Code    32  am_hal_clkgen.o(i.am_hal_clkgen_sysclk_select)
    am_hal_ctimer_clear                      0x00001b7d   Thumb Code    36  am_hal_ctimer.o(i.am_hal_ctimer_clear)
    am_hal_ctimer_config_single              0x00001ba5   Thumb Code   140  am_hal_ctimer.o(i.am_hal_ctimer_config_single)
    am_hal_ctimer_int_clear                  0x00001c3d   Thumb Code     8  am_hal_ctimer.o(i.am_hal_ctimer_int_clear)
    am_hal_ctimer_int_enable                 0x00001c49   Thumb Code    32  am_hal_ctimer.o(i.am_hal_ctimer_int_enable)
    am_hal_ctimer_period_set                 0x00001c6d   Thumb Code   112  am_hal_ctimer.o(i.am_hal_ctimer_period_set)
    am_hal_ctimer_pin_disable                0x00001ce9   Thumb Code    38  am_hal_ctimer.o(i.am_hal_ctimer_pin_disable)
    am_hal_ctimer_pin_enable                 0x00001d15   Thumb Code    36  am_hal_ctimer.o(i.am_hal_ctimer_pin_enable)
    am_hal_ctimer_start                      0x00001d3d   Thumb Code    42  am_hal_ctimer.o(i.am_hal_ctimer_start)
    am_hal_debug_error                       0x00001d6d   Thumb Code     2  am_hal_debug.o(i.am_hal_debug_error)
    am_hal_flash_delay                       0x00001d71   Thumb Code     6  am_hal_flash.o(i.am_hal_flash_delay)
    am_hal_flash_delay_status_change         0x00001d7d   Thumb Code    52  am_hal_flash.o(i.am_hal_flash_delay_status_change)
    am_hal_i2c_bit_bang_receive              0x00001db5   Thumb Code   470  am_hal_i2c_bit_bang.o(i.am_hal_i2c_bit_bang_receive)
    am_hal_i2c_bit_bang_send                 0x00001f91   Thumb Code   198  am_hal_i2c_bit_bang.o(i.am_hal_i2c_bit_bang_send)
    am_hal_interrupt_enable                  0x0000205d   Thumb Code    70  am_hal_interrupt.o(i.am_hal_interrupt_enable)
    am_hal_iom_config                        0x000020a9   Thumb Code   622  am_hal_iom.o(i.am_hal_iom_config)
    am_hal_iom_enable                        0x00002335   Thumb Code    36  am_hal_iom.o(i.am_hal_iom_enable)
    am_hal_iom_fifo_read                     0x0000235d   Thumb Code   144  am_hal_iom.o(i.am_hal_iom_fifo_read)
    am_hal_iom_fifo_write                    0x00002435   Thumb Code   164  am_hal_iom.o(i.am_hal_iom_fifo_write)
    am_hal_iom_i2c_cmd_run                   0x0000251d   Thumb Code   340  am_hal_iom.o(i.am_hal_iom_i2c_cmd_run)
    am_hal_iom_i2c_read                      0x00002689   Thumb Code   298  am_hal_iom.o(i.am_hal_iom_i2c_read)
    am_hal_iom_i2c_read_nb                   0x000027c9   Thumb Code   226  am_hal_iom.o(i.am_hal_iom_i2c_read_nb)
    am_hal_iom_i2c_read_nq                   0x000028bd   Thumb Code   324  am_hal_iom.o(i.am_hal_iom_i2c_read_nq)
    am_hal_iom_i2c_write                     0x00002a15   Thumb Code   296  am_hal_iom.o(i.am_hal_iom_i2c_write)
    am_hal_iom_i2c_write_nb                  0x00002b51   Thumb Code   274  am_hal_iom.o(i.am_hal_iom_i2c_write_nb)
    am_hal_iom_i2c_write_nq                  0x00002c75   Thumb Code   372  am_hal_iom.o(i.am_hal_iom_i2c_write_nq)
    am_hal_iom_pwrctrl_enable                0x00002dfd   Thumb Code    32  am_hal_iom.o(i.am_hal_iom_pwrctrl_enable)
    am_hal_iom_sleeping_queue_flush          0x00002e61   Thumb Code    78  am_hal_iom.o(i.am_hal_iom_sleeping_queue_flush)
    am_hal_iom_spi_write                     0x00002eb9   Thumb Code   218  am_hal_iom.o(i.am_hal_iom_spi_write)
    am_hal_iom_spi_write_nb                  0x00002fa5   Thumb Code   264  am_hal_iom.o(i.am_hal_iom_spi_write_nb)
    am_hal_iom_spi_write_nq                  0x000030c1   Thumb Code   328  am_hal_iom.o(i.am_hal_iom_spi_write_nq)
    am_hal_iom_workaround_word_write         0x00003221   Thumb Code  1188  am_hal_iom.o(i.am_hal_iom_workaround_word_write)
    am_hal_itm_enable                        0x000036c5   Thumb Code    56  am_hal_itm.o(i.am_hal_itm_enable)
    am_hal_itm_print                         0x0000371d   Thumb Code    48  am_hal_itm.o(i.am_hal_itm_print)
    am_hal_mcuctrl_fault_status              0x0000374d   Thumb Code    52  am_hal_mcuctrl.o(i.am_hal_mcuctrl_fault_status)
    am_hal_pwrctrl_bucks_disable             0x00003785   Thumb Code    68  am_hal_pwrctrl.o(i.am_hal_pwrctrl_bucks_disable)
    am_hal_pwrctrl_bucks_enable              0x000037d1   Thumb Code    46  am_hal_pwrctrl.o(i.am_hal_pwrctrl_bucks_enable)
    am_hal_pwrctrl_bucks_init                0x00003805   Thumb Code    60  am_hal_pwrctrl.o(i.am_hal_pwrctrl_bucks_init)
    am_hal_pwrctrl_low_power_init            0x00003845   Thumb Code    20  am_hal_pwrctrl.o(i.am_hal_pwrctrl_low_power_init)
    am_hal_pwrctrl_memory_enable             0x0000385d   Thumb Code   372  am_hal_pwrctrl.o(i.am_hal_pwrctrl_memory_enable)
    am_hal_pwrctrl_periph_enable             0x000039dd   Thumb Code   114  am_hal_pwrctrl.o(i.am_hal_pwrctrl_periph_enable)
    am_hal_queue_item_add                    0x00003a9d   Thumb Code   158  am_hal_queue.o(i.am_hal_queue_item_add)
    am_hal_reset_status_clear                0x00003b3b   Thumb Code     8  am_hal_reset.o(i.am_hal_reset_status_clear)
    am_hal_rtc_osc_disable                   0x00003b43   Thumb Code    14  am_hal_rtc.o(i.am_hal_rtc_osc_disable)
    am_hal_rtc_osc_select                    0x00003b51   Thumb Code    22  am_hal_rtc.o(i.am_hal_rtc_osc_select)
    am_hal_stimer_compare_delta_set          0x00003b69   Thumb Code    78  am_hal_stimer.o(i.am_hal_stimer_compare_delta_set)
    am_hal_stimer_config                     0x00003bbd   Thumb Code    58  am_hal_stimer.o(i.am_hal_stimer_config)
    am_hal_stimer_int_clear                  0x00003c01   Thumb Code     8  am_hal_stimer.o(i.am_hal_stimer_int_clear)
    am_hal_stimer_int_enable                 0x00003c0d   Thumb Code    14  am_hal_stimer.o(i.am_hal_stimer_int_enable)
    am_hal_sysctrl_sleep                     0x00003c21   Thumb Code   218  am_hal_sysctrl.o(i.am_hal_sysctrl_sleep)
    am_hal_tpiu_enable                       0x00003d0d   Thumb Code   116  am_hal_tpiu.o(i.am_hal_tpiu_enable)
    am_hal_vcomp_disable                     0x00003d95   Thumb Code     8  am_hal_vcomp.o(i.am_hal_vcomp_disable)
    am_hal_wdt_init                          0x00003da1   Thumb Code   104  am_hal_wdt.o(i.am_hal_wdt_init)
    am_hal_wdt_int_clear                     0x00003e0d   Thumb Code    10  am_hal_wdt.o(i.am_hal_wdt_int_clear)
    am_hal_wdt_start                         0x00003e1d   Thumb Code    20  am_hal_wdt.o(i.am_hal_wdt_start)
    am_stimer_cmpr0_isr                      0x00003e35   Thumb Code   118  i2c_loopback.o(i.am_stimer_cmpr0_isr)
    am_stimer_cmpr1_isr                      0x00003ec5   Thumb Code   148  i2c_loopback.o(i.am_stimer_cmpr1_isr)
    am_util_delay_ms                         0x00003f79   Thumb Code    28  am_util_delay.o(i.am_util_delay_ms)
    am_util_delay_us                         0x00003f95   Thumb Code    26  am_util_delay.o(i.am_util_delay_us)
    am_util_faultisr_collect_data            0x00003fb5   Thumb Code   178  am_util_faultisr.o(i.am_util_faultisr_collect_data)
    am_util_stdio_printf                     0x0000406d   Thumb Code    40  am_util_stdio.o(i.am_util_stdio_printf)
    am_util_stdio_printf_init                0x0000409d   Thumb Code     6  am_util_stdio.o(i.am_util_stdio_printf_init)
    am_util_stdio_sprintf                    0x000040a9   Thumb Code    34  am_util_stdio.o(i.am_util_stdio_sprintf)
    am_util_stdio_terminal_clear             0x000040cd   Thumb Code    10  am_util_stdio.o(i.am_util_stdio_terminal_clear)
    am_util_stdio_vsprintf                   0x000040ed   Thumb Code   932  am_util_stdio.o(i.am_util_stdio_vsprintf)
    am_watchdog_isr                          0x000044a1   Thumb Code   714  i2c_loopback.o(i.am_watchdog_isr)
    buzzer_change_frequency                  0x000047a1   Thumb Code   178  i2c_loopback.o(i.buzzer_change_frequency)
    calc_velocity                            0x0000486d   Thumb Code   242  i2c_loopback.o(i.calc_velocity)
    display_init                             0x00004a09   Thumb Code   452  i2c_loopback.o(i.display_init)
    fabs                                     0x00004ca5   Thumb Code    24  fabs.o(i.fabs)
    init_cTimer                              0x00004eed   Thumb Code    48  i2c_loopback.o(i.init_cTimer)
    init_watchdog                            0x00004f1d   Thumb Code    34  i2c_loopback.o(i.init_watchdog)
    itm_start                                0x0000512d   Thumb Code    82  i2c_loopback.o(i.itm_start)
    kalman_filter                            0x0000518d   Thumb Code   354  i2c_loopback.o(i.kalman_filter)
    main                                     0x00005315   Thumb Code   138  i2c_loopback.o(i.main)
    pressure_sensor_init                     0x0000545d   Thumb Code   204  i2c_loopback.o(i.pressure_sensor_init)
    pressure_sensor_read                     0x00005565   Thumb Code   336  i2c_loopback.o(i.pressure_sensor_read)
    sqrt                                     0x00005751   Thumb Code   110  sqrt_full.o(i.sqrt)
    stimer_init                              0x000057c1   Thumb Code    58  i2c_loopback.o(i.stimer_init)
    write_big_number                         0x000058fd   Thumb Code   140  i2c_loopback.o(i.write_big_number)
    __aeabi_dneg                             0x00005991   Thumb Code     0  basic.o(x$fpl$basic)
    _dneg                                    0x00005991   Thumb Code     6  basic.o(x$fpl$basic)
    __aeabi_fneg                             0x00005997   Thumb Code     0  basic.o(x$fpl$basic)
    _fneg                                    0x00005997   Thumb Code     6  basic.o(x$fpl$basic)
    _dabs                                    0x0000599d   Thumb Code     6  basic.o(x$fpl$basic)
    _fabs                                    0x000059a3   Thumb Code     6  basic.o(x$fpl$basic)
    __aeabi_d2f                              0x000059a9   Thumb Code     0  d2f_clz.o(x$fpl$d2f)
    _d2f                                     0x000059a9   Thumb Code   700  d2f_clz.o(x$fpl$d2f)
    __aeabi_dadd                             0x00005c6d   Thumb Code     0  daddsub_clz.o(x$fpl$dadd)
    _dadd                                    0x00005c6d   Thumb Code   580  daddsub_clz.o(x$fpl$dadd)
    __fpl_dcheck_NaN1                        0x00005eb9   Thumb Code    28  dcheck1.o(x$fpl$dcheck1)
    __fpl_dcmp_Inf                           0x00005ed5   Thumb Code    24  dcmpi.o(x$fpl$dcmpinf)
    __aeabi_ddiv                             0x00005eed   Thumb Code     0  ddiv_clz.o(x$fpl$ddiv)
    _ddiv                                    0x00005eed   Thumb Code   748  ddiv_clz.o(x$fpl$ddiv)
    __aeabi_d2uiz                            0x00006269   Thumb Code     0  dfixu.o(x$fpl$dfixu)
    _dfixu                                   0x00006269   Thumb Code   212  dfixu.o(x$fpl$dfixu)
    __aeabi_i2d                              0x00006345   Thumb Code     0  dflt_clz.o(x$fpl$dflt)
    _dflt                                    0x00006345   Thumb Code    46  dflt_clz.o(x$fpl$dflt)
    __dflt_normalise                         0x00006373   Thumb Code    26  dflt_clz.o(x$fpl$dfltn)
    __aeabi_ui2d                             0x0000638d   Thumb Code     0  dflt_clz.o(x$fpl$dfltu)
    _dfltu                                   0x0000638d   Thumb Code    38  dflt_clz.o(x$fpl$dfltu)
    __aeabi_cdcmple                          0x000063b5   Thumb Code     0  dleqf.o(x$fpl$dleqf)
    _dcmple                                  0x000063b5   Thumb Code   120  dleqf.o(x$fpl$dleqf)
    __fpl_dcmple_InfNaN                      0x0000640d   Thumb Code     0  dleqf.o(x$fpl$dleqf)
    __aeabi_dmul                             0x0000642d   Thumb Code     0  dmul_clz.o(x$fpl$dmul)
    _dmul                                    0x0000642d   Thumb Code   440  dmul_clz.o(x$fpl$dmul)
    __fpl_dnaninf                            0x000065ed   Thumb Code   258  dnaninf.o(x$fpl$dnaninf)
    __fpl_drenorm2                           0x000066ef   Thumb Code   106  drenorm_clz.o(x$fpl$drenorm)
    __fpl_drenorm1                           0x00006759   Thumb Code     6  drenorm_clz.o(x$fpl$drenorm)
    __fpl_dretinf                            0x0000675f   Thumb Code    12  dretinf.o(x$fpl$dretinf)
    __aeabi_cdrcmple                         0x0000676b   Thumb Code     0  drleqf.o(x$fpl$drleqf)
    _drcmple                                 0x0000676b   Thumb Code    98  drleqf.o(x$fpl$drleqf)
    __aeabi_drsub                            0x000067cd   Thumb Code     0  daddsub_clz.o(x$fpl$drsb)
    _drsb                                    0x000067cd   Thumb Code    74  daddsub_clz.o(x$fpl$drsb)
    _dsqrt                                   0x0000681d   Thumb Code   520  dsqrt_umaalclz.o(x$fpl$dsqrt)
    __aeabi_dsub                             0x00006a25   Thumb Code     0  daddsub_clz.o(x$fpl$dsub)
    _dsub                                    0x00006a25   Thumb Code   664  daddsub_clz.o(x$fpl$dsub)
    __dunder                                 0x00006cc1   Thumb Code   314  dunder_clz.o(x$fpl$dunder)
    __dunder_d                               0x00006dfb   Thumb Code    64  dunder_clz.o(x$fpl$dunder)
    __fpl_exception                          0x00006e3d   Thumb Code   454  except.o(x$fpl$exception)
    __aeabi_f2d                              0x00007029   Thumb Code     0  f2d.o(x$fpl$f2d)
    _f2d                                     0x00007029   Thumb Code   122  f2d.o(x$fpl$f2d)
    __fpl_fnaninf                            0x000070a3   Thumb Code   242  fnaninf.o(x$fpl$fnaninf)
    _fp_init                                 0x00007195   Thumb Code    10  fpinit.o(x$fpl$fpinit)
    __fplib_config_fpu_vfp                   0x0000719d   Thumb Code     0  fpinit.o(x$fpl$fpinit)
    __fplib_config_pureend_doubles           0x0000719d   Thumb Code     0  fpinit.o(x$fpl$fpinit)
    __fpl_fretinf                            0x0000719f   Thumb Code    10  fretinf.o(x$fpl$fretinf)
    __funder                                 0x000071a9   Thumb Code   254  funder_clz.o(x$fpl$funder)
    __funder_d                               0x000072a7   Thumb Code    62  funder_clz.o(x$fpl$funder)
    __fpl_return_NaN                         0x000072e5   Thumb Code   178  retnan.o(x$fpl$retnan)
    __ARM_scalbn                             0x00007399   Thumb Code   270  scalbn_clz.o(x$fpl$scalbn)
    _fp_trapveneer                           0x000074ad   Thumb Code    36  trapv.o(x$fpl$trapveneer)
    __fpl_cmpreturn                          0x000074d1   Thumb Code    90  trapv.o(x$fpl$trapveneer)
    __I$use$fp                               0x0000752a   Number         0  usenofp.o(x$fpl$usenofp)
    A_init                                   0x00007b58   Data          16  i2c_loopback.o(.constdata)
    H_init                                   0x00007b68   Data           8  i2c_loopback.o(.constdata)
    Q_init                                   0x00007b70   Data          16  i2c_loopback.o(.constdata)
    R                                        0x00007b80   Data           4  i2c_loopback.o(.constdata)
    eye_init                                 0x00007b84   Data          16  i2c_loopback.o(.constdata)
    g_sIOMConfig_spi                         0x00007b94   Data          12  i2c_loopback.o(.constdata)
    am_hal_cachectrl_defaults                0x00007bb8   Data          12  am_hal_cachectrl.o(.constdata)
    i2c_bb_errmap                            0x00007bc4   Data           5  am_hal_iom.o(.constdata)
    g_IOMPads                                0x00007bc9   Data          39  am_hal_iom.o(.constdata)
    g_I2CPads                                0x00007bf0   Data          21  am_hal_iom.o(.constdata)
    __mathlib_zero                           0x00007c90   Data           8  qnan.o(.constdata)
    Region$$Table$$Base                      0x00007c98   Number         0  anon$$obj.o(Region$$Table)
    Region$$Table$$Limit                     0x00007cb8   Number         0  anon$$obj.o(Region$$Table)
    BUZZER_WAKE_INTERVAL_IN_MS               0x10000000   Data           4  i2c_loopback.o(.data)
    BUZZER_XT_PERIOD                         0x10000004   Data           4  i2c_loopback.o(.data)
    BUZZER_WAKE_INTERVAL                     0x10000008   Data           4  i2c_loopback.o(.data)
    buzzer_small_frequency                   0x1000000c   Data           4  i2c_loopback.o(.data)
    buzzer_ctimer_counter                    0x10000010   Data           4  i2c_loopback.o(.data)
    buzzer_ctimer_duty_cycle                 0x10000014   Data           4  i2c_loopback.o(.data)
    big_frequency                            0x10000018   Data           4  i2c_loopback.o(.data)
    toggle_bit                               0x1000001c   Data           4  i2c_loopback.o(.data)
    constantSink                             0x10000020   Data           4  i2c_loopback.o(.data)
    old_speed_string_size                    0x10000024   Data           4  i2c_loopback.o(.data)
    data_pressure                            0x10000028   Data           4  i2c_loopback.o(.data)
    data_temperature                         0x1000002c   Data           4  i2c_loopback.o(.data)
    altitude                                 0x10000030   Data           4  i2c_loopback.o(.data)
    pressure_and_temperature                 0x10000034   Data           8  i2c_loopback.o(.data)
    pressure_old                             0x1000003c   Data           4  i2c_loopback.o(.data)
    altitude_old                             0x10000040   Data           4  i2c_loopback.o(.data)
    velocity_array_counter                   0x10000044   Data           1  i2c_loopback.o(.data)
    P_init                                   0x10000048   Data          16  i2c_loopback.o(.data)
    K_init                                   0x10000058   Data           8  i2c_loopback.o(.data)
    xt_init                                  0x10000060   Data           8  i2c_loopback.o(.data)
    P                                        0x10000068   Data           8  i2c_loopback.o(.data)
    A                                        0x10000070   Data           8  i2c_loopback.o(.data)
    H                                        0x10000078   Data           8  i2c_loopback.o(.data)
    Q                                        0x10000080   Data           8  i2c_loopback.o(.data)
    K                                        0x10000088   Data           8  i2c_loopback.o(.data)
    xt                                       0x10000090   Data           8  i2c_loopback.o(.data)
    eye                                      0x10000098   Data           8  i2c_loopback.o(.data)
    g_sWatchdogConfig                        0x100000a0   Data           8  i2c_loopback.o(.data)
    g_pfnCharPrint                           0x100000b4   Data           4  am_util_stdio.o(.data)
    g_ui32HALflags                           0x100000bc   Data           4  am_hal_global.o(.data)
    g_am_hal_flash                           0x100000f0   Data          80  am_hal_flash.o(.data)
    am_hal_iom_queue_flush                   0x10000140   Data           4  am_hal_iom.o(.data)
    g_bIomBusy                               0x10000144   Data           7  am_hal_iom.o(.data)
    coeff                                    0x10000170   Data          32  i2c_loopback.o(.bss)
    velocity_array                           0x10000190   Data          40  i2c_loopback.o(.bss)
    g_psIOMBuffers                           0x100002b8   Data         120  am_hal_iom.o(.bss)
    ui32StatusTimeout                        0x10000330   Data          24  am_hal_iom.o(.bss)
    g_psIOMQueue                             0x10000348   Data         144  am_hal_iom.o(.bss)
    am_hal_iom_pwrsave                       0x100003d8   Data         120  am_hal_iom.o(.bss)
    __libspace_start                         0x1000047c   Data          96  libspace.o(.bss)
    __temporary_stack_top$libspace           0x100004dc   Data           0  libspace.o(.bss)



==============================================================================

Memory Map of the image

  Image Entry point : 0x000000e9

  Load Region LR_1 (Base: 0x00000000, Size: 0x00007e28, Max: 0xffffffff, ABSOLUTE, COMPRESSED[0x00007d54])

    Execution Region FLASH (Exec base: 0x00000000, Load base: 0x00000000, Size: 0x00007cb8, Max: 0x00100000, ABSOLUTE)

    Exec Addr    Load Addr    Size         Type   Attr      Idx    E Section Name        Object

    0x00000000   0x00000000   0x000000e8   Code   RO          533    RESET               startup_keil.o
    0x000000e8   0x000000e8   0x00000008   Code   RO         1311  * !!!main             c_w.l(__main.o)
    0x000000f0   0x000000f0   0x00000034   Code   RO         1595    !!!scatter          c_w.l(__scatter.o)
    0x00000124   0x00000124   0x0000005a   Code   RO         1593    !!dczerorl2         c_w.l(__dczerorl2.o)
    0x0000017e   0x0000017e   0x00000002   PAD
    0x00000180   0x00000180   0x0000001c   Code   RO         1597    !!handler_zi        c_w.l(__scatter_zi.o)
    0x0000019c   0x0000019c   0x00000002   Code   RO         1464    .ARM.Collect$$libinit$$00000000  c_w.l(libinit.o)
    0x0000019e   0x0000019e   0x00000004   Code   RO         1475    .ARM.Collect$$libinit$$00000001  c_w.l(libinit2.o)
    0x000001a2   0x000001a2   0x00000000   Code   RO         1478    .ARM.Collect$$libinit$$00000004  c_w.l(libinit2.o)
    0x000001a2   0x000001a2   0x00000000   Code   RO         1481    .ARM.Collect$$libinit$$0000000A  c_w.l(libinit2.o)
    0x000001a2   0x000001a2   0x00000000   Code   RO         1483    .ARM.Collect$$libinit$$0000000C  c_w.l(libinit2.o)
    0x000001a2   0x000001a2   0x00000000   Code   RO         1485    .ARM.Collect$$libinit$$0000000E  c_w.l(libinit2.o)
    0x000001a2   0x000001a2   0x00000000   Code   RO         1488    .ARM.Collect$$libinit$$00000011  c_w.l(libinit2.o)
    0x000001a2   0x000001a2   0x00000000   Code   RO         1490    .ARM.Collect$$libinit$$00000013  c_w.l(libinit2.o)
    0x000001a2   0x000001a2   0x00000000   Code   RO         1492    .ARM.Collect$$libinit$$00000015  c_w.l(libinit2.o)
    0x000001a2   0x000001a2   0x00000000   Code   RO         1494    .ARM.Collect$$libinit$$00000017  c_w.l(libinit2.o)
    0x000001a2   0x000001a2   0x00000000   Code   RO         1496    .ARM.Collect$$libinit$$00000019  c_w.l(libinit2.o)
    0x000001a2   0x000001a2   0x00000000   Code   RO         1498    .ARM.Collect$$libinit$$0000001B  c_w.l(libinit2.o)
    0x000001a2   0x000001a2   0x00000000   Code   RO         1500    .ARM.Collect$$libinit$$0000001D  c_w.l(libinit2.o)
    0x000001a2   0x000001a2   0x00000000   Code   RO         1502    .ARM.Collect$$libinit$$0000001F  c_w.l(libinit2.o)
    0x000001a2   0x000001a2   0x00000000   Code   RO         1504    .ARM.Collect$$libinit$$00000021  c_w.l(libinit2.o)
    0x000001a2   0x000001a2   0x00000000   Code   RO         1506    .ARM.Collect$$libinit$$00000023  c_w.l(libinit2.o)
    0x000001a2   0x000001a2   0x00000000   Code   RO         1508    .ARM.Collect$$libinit$$00000025  c_w.l(libinit2.o)
    0x000001a2   0x000001a2   0x00000000   Code   RO         1512    .ARM.Collect$$libinit$$0000002C  c_w.l(libinit2.o)
    0x000001a2   0x000001a2   0x00000000   Code   RO         1514    .ARM.Collect$$libinit$$0000002E  c_w.l(libinit2.o)
    0x000001a2   0x000001a2   0x00000000   Code   RO         1516    .ARM.Collect$$libinit$$00000030  c_w.l(libinit2.o)
    0x000001a2   0x000001a2   0x00000000   Code   RO         1518    .ARM.Collect$$libinit$$00000032  c_w.l(libinit2.o)
    0x000001a2   0x000001a2   0x00000002   Code   RO         1519    .ARM.Collect$$libinit$$00000033  c_w.l(libinit2.o)
    0x000001a4   0x000001a4   0x00000002   Code   RO         1550    .ARM.Collect$$libshutdown$$00000000  c_w.l(libshutdown.o)
    0x000001a6   0x000001a6   0x00000000   Code   RO         1576    .ARM.Collect$$libshutdown$$00000002  c_w.l(libshutdown2.o)
    0x000001a6   0x000001a6   0x00000000   Code   RO         1578    .ARM.Collect$$libshutdown$$00000004  c_w.l(libshutdown2.o)
    0x000001a6   0x000001a6   0x00000000   Code   RO         1581    .ARM.Collect$$libshutdown$$00000007  c_w.l(libshutdown2.o)
    0x000001a6   0x000001a6   0x00000000   Code   RO         1584    .ARM.Collect$$libshutdown$$0000000A  c_w.l(libshutdown2.o)
    0x000001a6   0x000001a6   0x00000000   Code   RO         1586    .ARM.Collect$$libshutdown$$0000000C  c_w.l(libshutdown2.o)
    0x000001a6   0x000001a6   0x00000000   Code   RO         1589    .ARM.Collect$$libshutdown$$0000000F  c_w.l(libshutdown2.o)
    0x000001a6   0x000001a6   0x00000002   Code   RO         1590    .ARM.Collect$$libshutdown$$00000010  c_w.l(libshutdown2.o)
    0x000001a8   0x000001a8   0x00000000   Code   RO         1355    .ARM.Collect$$rtentry$$00000000  c_w.l(__rtentry.o)
    0x000001a8   0x000001a8   0x00000000   Code   RO         1419    .ARM.Collect$$rtentry$$00000002  c_w.l(__rtentry2.o)
    0x000001a8   0x000001a8   0x00000006   Code   RO         1431    .ARM.Collect$$rtentry$$00000004  c_w.l(__rtentry4.o)
    0x000001ae   0x000001ae   0x00000000   Code   RO         1421    .ARM.Collect$$rtentry$$00000009  c_w.l(__rtentry2.o)
    0x000001ae   0x000001ae   0x00000004   Code   RO         1422    .ARM.Collect$$rtentry$$0000000A  c_w.l(__rtentry2.o)
    0x000001b2   0x000001b2   0x00000000   Code   RO         1424    .ARM.Collect$$rtentry$$0000000C  c_w.l(__rtentry2.o)
    0x000001b2   0x000001b2   0x00000008   Code   RO         1425    .ARM.Collect$$rtentry$$0000000D  c_w.l(__rtentry2.o)
    0x000001ba   0x000001ba   0x00000002   Code   RO         1467    .ARM.Collect$$rtexit$$00000000  c_w.l(rtexit.o)
    0x000001bc   0x000001bc   0x00000000   Code   RO         1523    .ARM.Collect$$rtexit$$00000002  c_w.l(rtexit2.o)
    0x000001bc   0x000001bc   0x00000004   Code   RO         1524    .ARM.Collect$$rtexit$$00000003  c_w.l(rtexit2.o)
    0x000001c0   0x000001c0   0x00000006   Code   RO         1525    .ARM.Collect$$rtexit$$00000004  c_w.l(rtexit2.o)
    0x000001c6   0x000001c6   0x00000002   PAD
    0x000001c8   0x000001c8   0x00000014   Code   RO          512    .emb_text           am_util_faultisr.o
    0x000001dc   0x000001dc   0x00000016   Code   RO          736    .emb_text           libam_hal.lib(am_hal_interrupt.o)
    0x000001f2   0x000001f2   0x00000002   PAD
    0x000001f4   0x000001f4   0x00000024   Code   RO          748    .emb_text           libam_hal.lib(am_hal_iom.o)
    0x00000218   0x00000218   0x00000018   Code   RO          534    .text               startup_keil.o
    0x00000230   0x00000230   0x00000108   Code   RO          977    .text               arm_cortexM4lf_math.lib(arm_mat_add_f32.o)
    0x00000338   0x00000338   0x0000013c   Code   RO         1023    .text               arm_cortexM4lf_math.lib(arm_mat_mult_f32.o)
    0x00000474   0x00000474   0x000000d0   Code   RO         1047    .text               arm_cortexM4lf_math.lib(arm_mat_scale_f32.o)
    0x00000544   0x00000544   0x00000108   Code   RO         1071    .text               arm_cortexM4lf_math.lib(arm_mat_sub_f32.o)
    0x0000064c   0x0000064c   0x00000114   Code   RO         1095    .text               arm_cortexM4lf_math.lib(arm_mat_trans_f32.o)
    0x00000760   0x00000760   0x0000004e   Code   RO         1307    .text               c_w.l(rt_memclr_w.o)
    0x000007ae   0x000007ae   0x00000006   Code   RO         1309    .text               c_w.l(heapauxi.o)
    0x000007b4   0x000007b4   0x00000016   Code   RO         1356    .text               c_w.l(_rserrno.o)
    0x000007ca   0x000007ca   0x00000002   PAD
    0x000007cc   0x000007cc   0x00000008   Code   RO         1436    .text               c_w.l(rt_errno_addr_intlibspace.o)
    0x000007d4   0x000007d4   0x00000030   Code   RO         1438    .text               c_w.l(_fptrap.o)
    0x00000804   0x00000804   0x00000008   Code   RO         1448    .text               c_w.l(libspace.o)
    0x0000080c   0x0000080c   0x0000004a   Code   RO         1451    .text               c_w.l(sys_stackheap_outer.o)
    0x00000856   0x00000856   0x00000012   Code   RO         1453    .text               c_w.l(exit.o)
    0x00000868   0x00000868   0x0000000e   Code   RO         1455    .text               c_w.l(defsig_fpe_outer.o)
    0x00000876   0x00000876   0x0000000a   Code   RO         1471    .text               c_w.l(defsig_exit.o)
    0x00000880   0x00000880   0x000000ac   Code   RO         1473    .text               c_w.l(defsig_fpe_inner.o)
    0x0000092c   0x0000092c   0x0000000c   Code   RO         1520    .text               c_w.l(sys_exit.o)
    0x00000938   0x00000938   0x00000032   Code   RO         1531    .text               c_w.l(defsig_general.o)
    0x0000096a   0x0000096a   0x0000000e   Code   RO         1537    .text               c_w.l(sys_wrch.o)
    0x00000978   0x00000978   0x00000002   Code   RO         1539    .text               c_w.l(use_no_semi.o)
    0x0000097a   0x0000097a   0x00000000   Code   RO         1541    .text               c_w.l(indicate_semi.o)
    0x0000097a   0x0000097a   0x00000002   PAD
    0x0000097c   0x0000097c   0x000000a4   Code   RO            4    i.LcdString         i2c_loopback.o
    0x00000a20   0x00000a20   0x00000030   Code   RO         1401    i.__ARM_fpclassify  m_wm.l(fpclassify.o)
    0x00000a50   0x00000a50   0x00000014   Code   RO         1335    i.__hardfp_fabs     m_wm.l(fabs.o)
    0x00000a64   0x00000a64   0x00000004   PAD
    0x00000a68   0x00000a68   0x00000c50   Code   RO         1341    i.__hardfp_pow      m_wm.l(pow.o)
    0x000016b8   0x000016b8   0x000000f8   Code   RO         1403    i.__kernel_poly     m_wm.l(poly.o)
    0x000017b0   0x000017b0   0x00000030   Code   RO         1387    i.__mathlib_dbl_divzero  m_wm.l(dunder.o)
    0x000017e0   0x000017e0   0x00000014   Code   RO         1389    i.__mathlib_dbl_infnan2  m_wm.l(dunder.o)
    0x000017f4   0x000017f4   0x00000004   PAD
    0x000017f8   0x000017f8   0x00000020   Code   RO         1390    i.__mathlib_dbl_invalid  m_wm.l(dunder.o)
    0x00001818   0x00001818   0x00000020   Code   RO         1391    i.__mathlib_dbl_overflow  m_wm.l(dunder.o)
    0x00001838   0x00001838   0x00000020   Code   RO         1393    i.__mathlib_dbl_underflow  m_wm.l(dunder.o)
    0x00001858   0x00001858   0x00000070   Code   RO          543    i.am_bsp_debug_printf_enable  libam_bsp.lib(am_bsp.o)
    0x000018c8   0x000018c8   0x000000dc   Code   RO          545    i.am_bsp_iom_enable  libam_bsp.lib(am_bsp.o)
    0x000019a4   0x000019a4   0x00000004   Code   RO          552    i.am_bsp_itm_string_print  libam_bsp.lib(am_bsp.o)
    0x000019a8   0x000019a8   0x00000022   Code   RO          553    i.am_bsp_low_power_init  libam_bsp.lib(am_bsp.o)
    0x000019ca   0x000019ca   0x00000002   PAD
    0x000019cc   0x000019cc   0x00000024   Code   RO            5    i.am_ctimer_isr     i2c_loopback.o
    0x000019f0   0x000019f0   0x000000d0   Code   RO          581    i.am_hal_cachectrl_enable  libam_hal.lib(am_hal_cachectrl.o)
    0x00001ac0   0x00001ac0   0x00000016   Code   RO          607    i.am_hal_clkgen_osc_start  libam_hal.lib(am_hal_clkgen.o)
    0x00001ad6   0x00001ad6   0x00000014   Code   RO          608    i.am_hal_clkgen_osc_stop  libam_hal.lib(am_hal_clkgen.o)
    0x00001aea   0x00001aea   0x00000002   PAD
    0x00001aec   0x00001aec   0x00000024   Code   RO          609    i.am_hal_clkgen_sysclk_get  libam_hal.lib(am_hal_clkgen.o)
    0x00001b10   0x00001b10   0x0000006c   Code   RO          610    i.am_hal_clkgen_sysclk_select  libam_hal.lib(am_hal_clkgen.o)
    0x00001b7c   0x00001b7c   0x00000028   Code   RO          630    i.am_hal_ctimer_clear  libam_hal.lib(am_hal_ctimer.o)
    0x00001ba4   0x00001ba4   0x00000098   Code   RO          633    i.am_hal_ctimer_config_single  libam_hal.lib(am_hal_ctimer.o)
    0x00001c3c   0x00001c3c   0x0000000c   Code   RO          634    i.am_hal_ctimer_int_clear  libam_hal.lib(am_hal_ctimer.o)
    0x00001c48   0x00001c48   0x00000024   Code   RO          636    i.am_hal_ctimer_int_enable  libam_hal.lib(am_hal_ctimer.o)
    0x00001c6c   0x00001c6c   0x0000007c   Code   RO          642    i.am_hal_ctimer_period_set  libam_hal.lib(am_hal_ctimer.o)
    0x00001ce8   0x00001ce8   0x0000002c   Code   RO          643    i.am_hal_ctimer_pin_disable  libam_hal.lib(am_hal_ctimer.o)
    0x00001d14   0x00001d14   0x00000028   Code   RO          644    i.am_hal_ctimer_pin_enable  libam_hal.lib(am_hal_ctimer.o)
    0x00001d3c   0x00001d3c   0x00000030   Code   RO          647    i.am_hal_ctimer_start  libam_hal.lib(am_hal_ctimer.o)
    0x00001d6c   0x00001d6c   0x00000002   Code   RO         1116    i.am_hal_debug_error  libam_hal.lib(am_hal_debug.o)
    0x00001d6e   0x00001d6e   0x00000002   PAD
    0x00001d70   0x00001d70   0x0000000c   Code   RO          678    i.am_hal_flash_delay  libam_hal.lib(am_hal_flash.o)
    0x00001d7c   0x00001d7c   0x00000038   Code   RO          679    i.am_hal_flash_delay_status_change  libam_hal.lib(am_hal_flash.o)
    0x00001db4   0x00001db4   0x000001dc   Code   RO         1148    i.am_hal_i2c_bit_bang_receive  libam_hal.lib(am_hal_i2c_bit_bang.o)
    0x00001f90   0x00001f90   0x000000cc   Code   RO         1149    i.am_hal_i2c_bit_bang_send  libam_hal.lib(am_hal_i2c_bit_bang.o)
    0x0000205c   0x0000205c   0x0000004c   Code   RO          738    i.am_hal_interrupt_enable  libam_hal.lib(am_hal_interrupt.o)
    0x000020a8   0x000020a8   0x0000028c   Code   RO          750    i.am_hal_iom_config  libam_hal.lib(am_hal_iom.o)
    0x00002334   0x00002334   0x00000028   Code   RO          752    i.am_hal_iom_enable  libam_hal.lib(am_hal_iom.o)
    0x0000235c   0x0000235c   0x000000d8   Code   RO          756    i.am_hal_iom_fifo_read  libam_hal.lib(am_hal_iom.o)
    0x00002434   0x00002434   0x000000e8   Code   RO          757    i.am_hal_iom_fifo_write  libam_hal.lib(am_hal_iom.o)
    0x0000251c   0x0000251c   0x0000016c   Code   RO          759    i.am_hal_iom_i2c_cmd_run  libam_hal.lib(am_hal_iom.o)
    0x00002688   0x00002688   0x00000140   Code   RO          760    i.am_hal_iom_i2c_read  libam_hal.lib(am_hal_iom.o)
    0x000027c8   0x000027c8   0x000000f4   Code   RO          761    i.am_hal_iom_i2c_read_nb  libam_hal.lib(am_hal_iom.o)
    0x000028bc   0x000028bc   0x00000158   Code   RO          762    i.am_hal_iom_i2c_read_nq  libam_hal.lib(am_hal_iom.o)
    0x00002a14   0x00002a14   0x0000013c   Code   RO          763    i.am_hal_iom_i2c_write  libam_hal.lib(am_hal_iom.o)
    0x00002b50   0x00002b50   0x00000124   Code   RO          764    i.am_hal_iom_i2c_write_nb  libam_hal.lib(am_hal_iom.o)
    0x00002c74   0x00002c74   0x00000188   Code   RO          765    i.am_hal_iom_i2c_write_nq  libam_hal.lib(am_hal_iom.o)
    0x00002dfc   0x00002dfc   0x00000064   Code   RO          777    i.am_hal_iom_pwrctrl_enable  libam_hal.lib(am_hal_iom.o)
    0x00002e60   0x00002e60   0x00000058   Code   RO          786    i.am_hal_iom_sleeping_queue_flush  libam_hal.lib(am_hal_iom.o)
    0x00002eb8   0x00002eb8   0x000000ec   Code   RO          793    i.am_hal_iom_spi_write  libam_hal.lib(am_hal_iom.o)
    0x00002fa4   0x00002fa4   0x0000011c   Code   RO          794    i.am_hal_iom_spi_write_nb  libam_hal.lib(am_hal_iom.o)
    0x000030c0   0x000030c0   0x00000160   Code   RO          795    i.am_hal_iom_spi_write_nq  libam_hal.lib(am_hal_iom.o)
    0x00003220   0x00003220   0x000004a4   Code   RO          797    i.am_hal_iom_workaround_word_write  libam_hal.lib(am_hal_iom.o)
    0x000036c4   0x000036c4   0x00000058   Code   RO          856    i.am_hal_itm_enable  libam_hal.lib(am_hal_itm.o)
    0x0000371c   0x0000371c   0x00000030   Code   RO          858    i.am_hal_itm_print  libam_hal.lib(am_hal_itm.o)
    0x0000374c   0x0000374c   0x00000038   Code   RO          882    i.am_hal_mcuctrl_fault_status  libam_hal.lib(am_hal_mcuctrl.o)
    0x00003784   0x00003784   0x0000004c   Code   RO         1158    i.am_hal_pwrctrl_bucks_disable  libam_hal.lib(am_hal_pwrctrl.o)
    0x000037d0   0x000037d0   0x00000034   Code   RO         1159    i.am_hal_pwrctrl_bucks_enable  libam_hal.lib(am_hal_pwrctrl.o)
    0x00003804   0x00003804   0x00000040   Code   RO         1160    i.am_hal_pwrctrl_bucks_init  libam_hal.lib(am_hal_pwrctrl.o)
    0x00003844   0x00003844   0x00000018   Code   RO         1161    i.am_hal_pwrctrl_low_power_init  libam_hal.lib(am_hal_pwrctrl.o)
    0x0000385c   0x0000385c   0x00000180   Code   RO         1162    i.am_hal_pwrctrl_memory_enable  libam_hal.lib(am_hal_pwrctrl.o)
    0x000039dc   0x000039dc   0x000000c0   Code   RO         1164    i.am_hal_pwrctrl_periph_enable  libam_hal.lib(am_hal_pwrctrl.o)
    0x00003a9c   0x00003a9c   0x0000009e   Code   RO         1173    i.am_hal_queue_item_add  libam_hal.lib(am_hal_queue.o)
    0x00003b3a   0x00003b3a   0x00000008   Code   RO          891    i.am_hal_reset_status_clear  libam_hal.lib(am_hal_reset.o)
    0x00003b42   0x00003b42   0x0000000e   Code   RO         1187    i.am_hal_rtc_osc_disable  libam_hal.lib(am_hal_rtc.o)
    0x00003b50   0x00003b50   0x00000016   Code   RO         1189    i.am_hal_rtc_osc_select  libam_hal.lib(am_hal_rtc.o)
    0x00003b66   0x00003b66   0x00000002   PAD
    0x00003b68   0x00003b68   0x00000054   Code   RO          901    i.am_hal_stimer_compare_delta_set  libam_hal.lib(am_hal_stimer.o)
    0x00003bbc   0x00003bbc   0x00000044   Code   RO          903    i.am_hal_stimer_config  libam_hal.lib(am_hal_stimer.o)
    0x00003c00   0x00003c00   0x0000000c   Code   RO          906    i.am_hal_stimer_int_clear  libam_hal.lib(am_hal_stimer.o)
    0x00003c0c   0x00003c0c   0x00000014   Code   RO          908    i.am_hal_stimer_int_enable  libam_hal.lib(am_hal_stimer.o)
    0x00003c20   0x00003c20   0x000000ec   Code   RO          935    i.am_hal_sysctrl_sleep  libam_hal.lib(am_hal_sysctrl.o)
    0x00003d0c   0x00003d0c   0x00000088   Code   RO         1212    i.am_hal_tpiu_enable  libam_hal.lib(am_hal_tpiu.o)
    0x00003d94   0x00003d94   0x0000000c   Code   RO         1283    i.am_hal_vcomp_disable  libam_hal.lib(am_hal_vcomp.o)
    0x00003da0   0x00003da0   0x0000006c   Code   RO          953    i.am_hal_wdt_init   libam_hal.lib(am_hal_wdt.o)
    0x00003e0c   0x00003e0c   0x00000010   Code   RO          954    i.am_hal_wdt_int_clear  libam_hal.lib(am_hal_wdt.o)
    0x00003e1c   0x00003e1c   0x00000018   Code   RO          961    i.am_hal_wdt_start  libam_hal.lib(am_hal_wdt.o)
    0x00003e34   0x00003e34   0x00000090   Code   RO            6    i.am_stimer_cmpr0_isr  i2c_loopback.o
    0x00003ec4   0x00003ec4   0x000000b4   Code   RO            7    i.am_stimer_cmpr1_isr  i2c_loopback.o
    0x00003f78   0x00003f78   0x0000001c   Code   RO          387    i.am_util_delay_ms  am_util_delay.o
    0x00003f94   0x00003f94   0x00000020   Code   RO          388    i.am_util_delay_us  am_util_delay.o
    0x00003fb4   0x00003fb4   0x000000b8   Code   RO          513    i.am_util_faultisr_collect_data  am_util_faultisr.o
    0x0000406c   0x0000406c   0x00000030   Code   RO          410    i.am_util_stdio_printf  am_util_stdio.o
    0x0000409c   0x0000409c   0x0000000c   Code   RO          411    i.am_util_stdio_printf_init  am_util_stdio.o
    0x000040a8   0x000040a8   0x00000022   Code   RO          412    i.am_util_stdio_sprintf  am_util_stdio.o
    0x000040ca   0x000040ca   0x00000002   PAD
    0x000040cc   0x000040cc   0x00000020   Code   RO          414    i.am_util_stdio_terminal_clear  am_util_stdio.o
    0x000040ec   0x000040ec   0x000003b4   Code   RO          416    i.am_util_stdio_vsprintf  am_util_stdio.o
    0x000044a0   0x000044a0   0x00000300   Code   RO            8    i.am_watchdog_isr   i2c_loopback.o
    0x000047a0   0x000047a0   0x000000cc   Code   RO            9    i.buzzer_change_frequency  i2c_loopback.o
    0x0000486c   0x0000486c   0x00000158   Code   RO           10    i.calc_velocity     i2c_loopback.o
    0x000049c4   0x000049c4   0x00000042   Code   RO          417    i.decstr_to_int     am_util_stdio.o
    0x00004a06   0x00004a06   0x00000002   PAD
    0x00004a08   0x00004a08   0x000001d0   Code   RO           11    i.display_init      i2c_loopback.o
    0x00004bd8   0x00004bd8   0x000000cc   Code   RO          418    i.divu64_10         am_util_stdio.o
    0x00004ca4   0x00004ca4   0x00000018   Code   RO         1337    i.fabs              m_wm.l(fabs.o)
    0x00004cbc   0x00004cbc   0x00000154   Code   RO          419    i.ftoa              am_util_stdio.o
    0x00004e10   0x00004e10   0x0000003c   Code   RO         1150    i.i2c_pull_and_wait_scl_hi  libam_hal.lib(am_hal_i2c_bit_bang.o)
    0x00004e4c   0x00004e4c   0x000000a0   Code   RO         1151    i.i2c_send_byte     libam_hal.lib(am_hal_i2c_bit_bang.o)
    0x00004eec   0x00004eec   0x00000030   Code   RO           12    i.init_cTimer       i2c_loopback.o
    0x00004f1c   0x00004f1c   0x00000028   Code   RO           13    i.init_watchdog     i2c_loopback.o
    0x00004f44   0x00004f44   0x0000003a   Code   RO          798    i.internal_iom_get_int_err  libam_hal.lib(am_hal_iom.o)
    0x00004f7e   0x00004f7e   0x00000002   PAD
    0x00004f80   0x00004f80   0x000001ac   Code   RO           14    i.iom_set_up        i2c_loopback.o
    0x0000512c   0x0000512c   0x00000060   Code   RO           15    i.itm_start         i2c_loopback.o
    0x0000518c   0x0000518c   0x00000188   Code   RO           16    i.kalman_filter     i2c_loopback.o
    0x00005314   0x00005314   0x00000094   Code   RO           17    i.main              i2c_loopback.o
    0x000053a8   0x000053a8   0x00000034   Code   RO          420    i.ndigits_in_hex    am_util_stdio.o
    0x000053dc   0x000053dc   0x00000024   Code   RO          421    i.ndigits_in_i64    am_util_stdio.o
    0x00005400   0x00005400   0x0000003a   Code   RO          422    i.ndigits_in_u64    am_util_stdio.o
    0x0000543a   0x0000543a   0x00000022   Code   RO          423    i.padbuffer         am_util_stdio.o
    0x0000545c   0x0000545c   0x00000108   Code   RO           18    i.pressure_sensor_init  i2c_loopback.o
    0x00005564   0x00005564   0x0000015c   Code   RO           19    i.pressure_sensor_read  i2c_loopback.o
    0x000056c0   0x000056c0   0x00000078   Code   RO          936    i.setBuckZX         libam_hal.lib(am_hal_sysctrl.o)
    0x00005738   0x00005738   0x00000018   Code   RO          424    i.simple_strlen     am_util_stdio.o
    0x00005750   0x00005750   0x0000006e   Code   RO         1408    i.sqrt              m_wm.l(sqrt_full.o)
    0x000057be   0x000057be   0x00000002   PAD
    0x000057c0   0x000057c0   0x00000040   Code   RO           20    i.stimer_init       i2c_loopback.o
    0x00005800   0x00005800   0x0000008a   Code   RO          425    i.uint64_to_hexstr  am_util_stdio.o
    0x0000588a   0x0000588a   0x00000070   Code   RO          426    i.uint64_to_str     am_util_stdio.o
    0x000058fa   0x000058fa   0x00000002   PAD
    0x000058fc   0x000058fc   0x00000094   Code   RO           21    i.write_big_number  i2c_loopback.o
    0x00005990   0x00005990   0x00000018   Code   RO         1358    x$fpl$basic         g_wm.l(basic.o)
    0x000059a8   0x000059a8   0x000002c4   Code   RO         1313    x$fpl$d2f           g_wm.l(d2f_clz.o)
    0x00005c6c   0x00005c6c   0x0000024c   Code   RO         1315    x$fpl$dadd          g_wm.l(daddsub_clz.o)
    0x00005eb8   0x00005eb8   0x0000001c   Code   RO         1440    x$fpl$dcheck1       g_wm.l(dcheck1.o)
    0x00005ed4   0x00005ed4   0x00000018   Code   RO         1465    x$fpl$dcmpinf       g_wm.l(dcmpi.o)
    0x00005eec   0x00005eec   0x0000037c   Code   RO         1361    x$fpl$ddiv          g_wm.l(ddiv_clz.o)
    0x00006268   0x00006268   0x000000dc   Code   RO         1321    x$fpl$dfixu         g_wm.l(dfixu.o)
    0x00006344   0x00006344   0x0000002e   Code   RO         1326    x$fpl$dflt          g_wm.l(dflt_clz.o)
    0x00006372   0x00006372   0x0000001a   Code   RO         1327    x$fpl$dfltn         g_wm.l(dflt_clz.o)
    0x0000638c   0x0000638c   0x00000026   Code   RO         1325    x$fpl$dfltu         g_wm.l(dflt_clz.o)
    0x000063b2   0x000063b2   0x00000002   PAD
    0x000063b4   0x000063b4   0x00000078   Code   RO         1442    x$fpl$dleqf         g_wm.l(dleqf.o)
    0x0000642c   0x0000642c   0x000001c0   Code   RO         1331    x$fpl$dmul          g_wm.l(dmul_clz.o)
    0x000065ec   0x000065ec   0x00000102   Code   RO         1364    x$fpl$dnaninf       g_wm.l(dnaninf.o)
    0x000066ee   0x000066ee   0x00000070   Code   RO         1366    x$fpl$drenorm       g_wm.l(drenorm_clz.o)
    0x0000675e   0x0000675e   0x0000000c   Code   RO         1368    x$fpl$dretinf       g_wm.l(dretinf.o)
    0x0000676a   0x0000676a   0x00000062   Code   RO         1370    x$fpl$drleqf        g_wm.l(drleqf.o)
    0x000067cc   0x000067cc   0x00000050   Code   RO         1316    x$fpl$drsb          g_wm.l(daddsub_clz.o)
    0x0000681c   0x0000681c   0x00000208   Code   RO         1444    x$fpl$dsqrt         g_wm.l(dsqrt_umaalclz.o)
    0x00006a24   0x00006a24   0x0000029c   Code   RO         1317    x$fpl$dsub          g_wm.l(daddsub_clz.o)
    0x00006cc0   0x00006cc0   0x0000017a   Code   RO         1372    x$fpl$dunder        g_wm.l(dunder_clz.o)
    0x00006e3a   0x00006e3a   0x00000002   PAD
    0x00006e3c   0x00006e3c   0x000001ec   Code   RO         1374    x$fpl$exception     g_wm.l(except.o)
    0x00007028   0x00007028   0x0000007a   Code   RO         1333    x$fpl$f2d           g_wm.l(f2d.o)
    0x000070a2   0x000070a2   0x000000f2   Code   RO         1376    x$fpl$fnaninf       g_wm.l(fnaninf.o)
    0x00007194   0x00007194   0x0000000a   Code   RO         1535    x$fpl$fpinit        g_wm.l(fpinit.o)
    0x0000719e   0x0000719e   0x0000000a   Code   RO         1378    x$fpl$fretinf       g_wm.l(fretinf.o)
    0x000071a8   0x000071a8   0x0000013c   Code   RO         1380    x$fpl$funder        g_wm.l(funder_clz.o)
    0x000072e4   0x000072e4   0x000000b2   Code   RO         1446    x$fpl$retnan        g_wm.l(retnan.o)
    0x00007396   0x00007396   0x00000002   PAD
    0x00007398   0x00007398   0x00000114   Code   RO         1382    x$fpl$scalbn        g_wm.l(scalbn_clz.o)
    0x000074ac   0x000074ac   0x0000007e   Code   RO         1384    x$fpl$trapveneer    g_wm.l(trapv.o)
    0x0000752a   0x0000752a   0x00000000   Code   RO         1386    x$fpl$usenofp       g_wm.l(usenofp.o)
    0x0000752a   0x0000752a   0x00000002   PAD
    0x0000752c   0x0000752c   0x0000068c   Data   RO           23    .constdata          i2c_loopback.o
    0x00007bb8   0x00007bb8   0x0000000c   Data   RO          586    .constdata          libam_hal.lib(am_hal_cachectrl.o)
    0x00007bc4   0x00007bc4   0x00000041   Data   RO          801    .constdata          libam_hal.lib(am_hal_iom.o)
    0x00007c05   0x00007c05   0x00000003   PAD
    0x00007c08   0x00007c08   0x00000088   Data   RO         1344    .constdata          m_wm.l(pow.o)
    0x00007c90   0x00007c90   0x00000008   Data   RO         1405    .constdata          m_wm.l(qnan.o)
    0x00007c98   0x00007c98   0x00000020   Data   RO         1591    Region$$Table       anon$$obj.o


    Execution Region SRAM (Exec base: 0x10000000, Load base: 0x00007cb8, Size: 0x000014e0, Max: 0x00040000, ABSOLUTE, COMPRESSED[0x0000009c])

    Exec Addr    Load Addr    Size         Type   Attr      Idx    E Section Name        Object

    0x10000000   COMPRESSED   0x000000b4   Data   RW           24    .data               i2c_loopback.o
    0x100000b4   COMPRESSED   0x00000005   Data   RW          428    .data               am_util_stdio.o
    0x100000b9   COMPRESSED   0x00000003   PAD
    0x100000bc   COMPRESSED   0x00000004   Data   RW          541    .data               libam_hal.lib(am_hal_global.o)
    0x100000c0   COMPRESSED   0x00000030   Data   RW          560    .data               libam_bsp.lib(am_bsp.o)
    0x100000f0   COMPRESSED   0x00000050   Data   RW          704    .data               libam_hal.lib(am_hal_flash.o)
    0x10000140   COMPRESSED   0x00000012   Data   RW          802    .data               libam_hal.lib(am_hal_iom.o)
    0x10000152   COMPRESSED   0x00000002   PAD
    0x10000154   COMPRESSED   0x0000001c   Data   RW          938    .data               libam_hal.lib(am_hal_sysctrl.o)
    0x10000170        -       0x00000048   Zero   RW           22    .bss                i2c_loopback.o
    0x100001b8        -       0x00000100   Zero   RW          427    .bss                am_util_stdio.o
    0x100002b8        -       0x00000198   Zero   RW          800    .bss                libam_hal.lib(am_hal_iom.o)
    0x10000450        -       0x0000002c   Zero   RW         1152    .bss                libam_hal.lib(am_hal_i2c_bit_bang.o)
    0x1000047c        -       0x00000060   Zero   RW         1449    .bss                c_w.l(libspace.o)
    0x100004dc   COMPRESSED   0x00000004   PAD
    0x100004e0        -       0x00000000   Zero   RW          532    HEAP                startup_keil.o
    0x100004e0        -       0x00001000   Zero   RW          531    STACK               startup_keil.o


==============================================================================

Image component sizes


      Code (inc. data)   RO Data    RW Data    ZI Data      Debug   Object Name

        60          6          0          0          0       1262   am_util_delay.o
       204          6          0          0          0       2048   am_util_faultisr.o
      2138         58          0          5        256      13444   am_util_stdio.o
      4280        438       1676        180         72      43518   i2c_loopback.o
       256        210          0          0       4096        996   startup_keil.o

    ----------------------------------------------------------------------
      6944        718       1708        188       4424      61268   Object Totals
         0          0         32          0          0          0   (incl. Generated)
         6          0          0          3          0          0   (incl. Padding)

    ----------------------------------------------------------------------

      Code (inc. data)   RO Data    RW Data    ZI Data      Debug   Library Member Name

       264          0          0          0          0      18250   arm_mat_add_f32.o
       316          4          0          0          0       2375   arm_mat_mult_f32.o
       208          0          0          0          0       1804   arm_mat_scale_f32.o
       264          0          0          0          0       1826   arm_mat_sub_f32.o
       276          0          0          0          0       2240   arm_mat_trans_f32.o
        90          0          0          0          0          0   __dczerorl2.o
         8          0          0          0          0         68   __main.o
         0          0          0          0          0          0   __rtentry.o
        12          0          0          0          0          0   __rtentry2.o
         6          0          0          0          0          0   __rtentry4.o
        52          8          0          0          0          0   __scatter.o
        28          0          0          0          0          0   __scatter_zi.o
        48          4          0          0          0         84   _fptrap.o
        22          0          0          0          0        100   _rserrno.o
        10          0          0          0          0         68   defsig_exit.o
       172        110          0          0          0         76   defsig_fpe_inner.o
        14          0          0          0          0         80   defsig_fpe_outer.o
        50          0          0          0          0         88   defsig_general.o
        18          0          0          0          0         80   exit.o
         6          0          0          0          0        152   heapauxi.o
         0          0          0          0          0          0   indicate_semi.o
         2          0          0          0          0          0   libinit.o
         6          0          0          0          0          0   libinit2.o
         2          0          0          0          0          0   libshutdown.o
         2          0          0          0          0          0   libshutdown2.o
         8          4          0          0         96         68   libspace.o
         8          4          0          0          0         68   rt_errno_addr_intlibspace.o
        78          0          0          0          0         80   rt_memclr_w.o
         2          0          0          0          0          0   rtexit.o
        10          0          0          0          0          0   rtexit2.o
        12          4          0          0          0         68   sys_exit.o
        74          0          0          0          0         80   sys_stackheap_outer.o
        14          0          0          0          0         76   sys_wrch.o
         2          0          0          0          0         68   use_no_semi.o
        24          0          0          0          0        164   basic.o
       708         16          0          0          0        140   d2f_clz.o
      1336         32          0          0          0        532   daddsub_clz.o
        28          0          0          0          0        116   dcheck1.o
        24          0          0          0          0        116   dcmpi.o
       892        152          0          0          0        292   ddiv_clz.o
       220         16          0          0          0        192   dfixu.o
       110          0          0          0          0        348   dflt_clz.o
       120          8          0          0          0        140   dleqf.o
       448         16          0          0          0        164   dmul_clz.o
       258          4          0          0          0        156   dnaninf.o
       112          0          0          0          0        160   drenorm_clz.o
        12          0          0          0          0        116   dretinf.o
        98          0          0          0          0        128   drleqf.o
       520         56          0          0          0        180   dsqrt_umaalclz.o
       378          0          0          0          0        168   dunder_clz.o
       492         36          0          0          0        148   except.o
       122          8          0          0          0        132   f2d.o
       242          4          0          0          0        144   fnaninf.o
        10          0          0          0          0        116   fpinit.o
        10          0          0          0          0        116   fretinf.o
       316          0          0          0          0        132   funder_clz.o
       178          0          0          0          0        116   retnan.o
       276          4          0          0          0        124   scalbn_clz.o
       126          0          0          0          0        148   trapv.o
         0          0          0          0          0          0   usenofp.o
       370         32          0         48          0        504   am_bsp.o
       208          4         12          0          0        128   am_hal_cachectrl.o
       186         84          0          0          0        472   am_hal_clkgen.o
       496         52          0          0          0        992   am_hal_ctimer.o
         2          0          0          0          0        116   am_hal_debug.o
        68         10          0         80          0        248   am_hal_flash.o
         0          0          0          4          0          0   am_hal_global.o
       900         24          0          0         44        540   am_hal_i2c_bit_bang.o
        98          6          0          0          0        264   am_hal_interrupt.o
      5754        652         65         18        408       2780   am_hal_iom.o
       136         32          0          0          0        232   am_hal_itm.o
        56          4          0          0          0        116   am_hal_mcuctrl.o
       792        112          0          0          0        728   am_hal_pwrctrl.o
       158          0          0          0          0        132   am_hal_queue.o
         8          0          0          0          0        116   am_hal_reset.o
        36          0          0          0          0        232   am_hal_rtc.o
       184         26          0          0          0        488   am_hal_stimer.o
       356         26          0         28          0        272   am_hal_sysctrl.o
       136         20          0          0          0        144   am_hal_tpiu.o
        12          4          0          0          0        116   am_hal_vcomp.o
       148         14          0          0          0        360   am_hal_wdt.o
       164         44          0          0          0        620   dunder.o
        44          0          0          0          0        248   fabs.o
        48          0          0          0          0        124   fpclassify.o
       248          0          0          0          0        152   poly.o
      3152        296        136          0          0        352   pow.o
         0          0          8          0          0          0   qnan.o
       110          0          0          0          0        148   sqrt_full.o

    ----------------------------------------------------------------------
     23052       1932        224        180        552      42711   Library Totals
        38          0          3          2          4          0   (incl. Padding)

    ----------------------------------------------------------------------

      Code (inc. data)   RO Data    RW Data    ZI Data      Debug   Library Name

      1328          4          0          0          0      26495   arm_cortexM4lf_math.lib
       756        134          0          0         96       1304   c_w.l
      7060        352          0          0          0       4288   g_wm.l
       370         32          0         48          0        504   libam_bsp.lib
      9734       1070         77        130        452       8476   libam_hal.lib
      3766        340        144          0          0       1644   m_wm.l

    ----------------------------------------------------------------------
     23052       1932        224        180        552      42711   Library Totals

    ----------------------------------------------------------------------

==============================================================================


      Code (inc. data)   RO Data    RW Data    ZI Data      Debug   

     29996       2650       1932        368       4976      89255   Grand Totals
     29996       2650       1932        156       4976      89255   ELF Image Totals (compressed)
     29996       2650       1932        156          0          0   ROM Totals

==============================================================================

    Total RO  Size (Code + RO Data)                31928 (  31.18kB)
    Total RW  Size (RW Data + ZI Data)              5344 (   5.22kB)
    Total ROM Size (Code + RO Data + RW Data)      32084 (  31.33kB)

==============================================================================

