Component: ARM Compiler 5.06 update 5 (build 528) Tool: armlink [4d35e2]

==============================================================================

Section Cross References

    i2c_loopback.o(i.LcdString) refers to am_hal_iom.o(i.am_hal_iom_spi_write) for am_hal_iom_spi_write
    i2c_loopback.o(i.LcdString) refers to i2c_loopback.o(.constdata) for ASCII
    i2c_loopback.o(i.am_stimer_cmpr0_isr) refers to am_hal_stimer.o(i.am_hal_stimer_int_clear) for am_hal_stimer_int_clear
    i2c_loopback.o(i.am_stimer_cmpr0_isr) refers to am_hal_stimer.o(i.am_hal_stimer_compare_delta_set) for am_hal_stimer_compare_delta_set
    i2c_loopback.o(i.am_stimer_cmpr0_isr) refers to i2c_loopback.o(i.pressure_sensor_read) for pressure_sensor_read
    i2c_loopback.o(i.am_stimer_cmpr0_isr) refers to i2c_loopback.o(i.kalman_filter) for kalman_filter
    i2c_loopback.o(i.am_stimer_cmpr0_isr) refers to f2d.o(x$fpl$f2d) for __aeabi_f2d
    i2c_loopback.o(i.am_stimer_cmpr0_isr) refers to am_util_stdio.o(i.am_util_stdio_printf) for am_util_stdio_printf
    i2c_loopback.o(i.am_stimer_cmpr0_isr) refers to i2c_loopback.o(i.calc_velocity) for calc_velocity
    i2c_loopback.o(i.am_stimer_cmpr0_isr) refers to i2c_loopback.o(.data) for xt
    i2c_loopback.o(i.calc_velocity) refers to f2d.o(x$fpl$f2d) for __aeabi_f2d
    i2c_loopback.o(i.calc_velocity) refers to pow.o(i.__hardfp_pow) for __hardfp_pow
    i2c_loopback.o(i.calc_velocity) refers to daddsub_clz.o(x$fpl$drsb) for __aeabi_drsub
    i2c_loopback.o(i.calc_velocity) refers to dmul.o(x$fpl$dmul) for __aeabi_dmul
    i2c_loopback.o(i.calc_velocity) refers to d2f.o(x$fpl$d2f) for __aeabi_d2f
    i2c_loopback.o(i.calc_velocity) refers to am_util_stdio.o(i.am_util_stdio_printf) for am_util_stdio_printf
    i2c_loopback.o(i.display_init) refers to am_util_delay.o(i.am_util_delay_ms) for am_util_delay_ms
    i2c_loopback.o(i.display_init) refers to am_hal_iom.o(i.am_hal_iom_spi_write) for am_hal_iom_spi_write
    i2c_loopback.o(i.display_init) refers to am_util_delay.o(i.am_util_delay_us) for am_util_delay_us
    i2c_loopback.o(i.iom_set_up) refers to am_hal_iom.o(i.am_hal_iom_pwrctrl_enable) for am_hal_iom_pwrctrl_enable
    i2c_loopback.o(i.iom_set_up) refers to am_hal_iom.o(i.am_hal_iom_config) for am_hal_iom_config
    i2c_loopback.o(i.iom_set_up) refers to am_hal_iom.o(i.am_hal_iom_int_enable) for am_hal_iom_int_enable
    i2c_loopback.o(i.iom_set_up) refers to am_hal_interrupt.o(i.am_hal_interrupt_enable) for am_hal_interrupt_enable
    i2c_loopback.o(i.iom_set_up) refers to am_bsp.o(i.am_bsp_iom_enable) for am_bsp_iom_enable
    i2c_loopback.o(i.iom_set_up) refers to i2c_loopback.o(.data) for g_sIOMI2cConfig_i2c
    i2c_loopback.o(i.iom_set_up) refers to i2c_loopback.o(.constdata) for g_sIOMConfig_spi
    i2c_loopback.o(i.itm_start) refers to am_util_stdio.o(i.am_util_stdio_printf_init) for am_util_stdio_printf_init
    i2c_loopback.o(i.itm_start) refers to am_hal_itm.o(i.am_hal_itm_enable) for am_hal_itm_enable
    i2c_loopback.o(i.itm_start) refers to am_bsp.o(i.am_bsp_debug_printf_enable) for am_bsp_debug_printf_enable
    i2c_loopback.o(i.itm_start) refers to am_util_stdio.o(i.am_util_stdio_terminal_clear) for am_util_stdio_terminal_clear
    i2c_loopback.o(i.itm_start) refers to am_bsp.o(i.am_bsp_itm_string_print) for am_bsp_itm_string_print
    i2c_loopback.o(i.kalman_filter) refers to i2c_loopback.o(.data) for xt
    i2c_loopback.o(i.main) refers to am_hal_clkgen.o(i.am_hal_clkgen_sysclk_select) for am_hal_clkgen_sysclk_select
    i2c_loopback.o(i.main) refers to am_hal_cachectrl.o(i.am_hal_cachectrl_enable) for am_hal_cachectrl_enable
    i2c_loopback.o(i.main) refers to am_bsp.o(i.am_bsp_low_power_init) for am_bsp_low_power_init
    i2c_loopback.o(i.main) refers to i2c_loopback.o(i.itm_start) for itm_start
    i2c_loopback.o(i.main) refers to am_util_stdio.o(i.am_util_stdio_terminal_clear) for am_util_stdio_terminal_clear
    i2c_loopback.o(i.main) refers to am_util_delay.o(i.am_util_delay_ms) for am_util_delay_ms
    i2c_loopback.o(i.main) refers to am_hal_interrupt.o(.emb_text) for am_hal_interrupt_master_enable
    i2c_loopback.o(i.main) refers to i2c_loopback.o(i.iom_set_up) for iom_set_up
    i2c_loopback.o(i.main) refers to i2c_loopback.o(i.stimer_init) for stimer_init
    i2c_loopback.o(i.main) refers to pwm_stuff.o(i.stimer_init) for stimer_init
    i2c_loopback.o(i.main) refers to i2c_loopback.o(i.pressure_sensor_init) for pressure_sensor_init
    i2c_loopback.o(i.main) refers to i2c_loopback.o(i.display_init) for display_init
    i2c_loopback.o(i.main) refers to i2c_loopback.o(i.LcdString) for LcdString
    i2c_loopback.o(i.main) refers to am_hal_sysctrl.o(i.am_hal_sysctrl_sleep) for am_hal_sysctrl_sleep
    i2c_loopback.o(i.main) refers to am_hal_cachectrl.o(.constdata) for am_hal_cachectrl_defaults
    i2c_loopback.o(i.pressure_sensor_init) refers to am_util_stdio.o(i.am_util_stdio_printf) for am_util_stdio_printf
    i2c_loopback.o(i.pressure_sensor_init) refers to am_hal_iom.o(i.am_hal_iom_i2c_write) for am_hal_iom_i2c_write
    i2c_loopback.o(i.pressure_sensor_init) refers to rt_memclr_w.o(.text) for __aeabi_memclr4
    i2c_loopback.o(i.pressure_sensor_init) refers to am_util_delay.o(i.am_util_delay_ms) for am_util_delay_ms
    i2c_loopback.o(i.pressure_sensor_init) refers to am_hal_iom.o(i.am_hal_iom_i2c_read) for am_hal_iom_i2c_read
    i2c_loopback.o(i.pressure_sensor_init) refers to i2c_loopback.o(.bss) for coeff
    i2c_loopback.o(i.pressure_sensor_read) refers to am_hal_iom.o(i.am_hal_iom_i2c_write) for am_hal_iom_i2c_write
    i2c_loopback.o(i.pressure_sensor_read) refers to am_util_delay.o(i.am_util_delay_ms) for am_util_delay_ms
    i2c_loopback.o(i.pressure_sensor_read) refers to am_hal_iom.o(i.am_hal_iom_i2c_read) for am_hal_iom_i2c_read
    i2c_loopback.o(i.pressure_sensor_read) refers to i2c_loopback.o(.data) for data_pressure
    i2c_loopback.o(i.pressure_sensor_read) refers to i2c_loopback.o(.bss) for coeff
    i2c_loopback.o(i.stimer_init) refers to am_hal_stimer.o(i.am_hal_stimer_int_enable) for am_hal_stimer_int_enable
    i2c_loopback.o(i.stimer_init) refers to am_hal_interrupt.o(i.am_hal_interrupt_enable) for am_hal_interrupt_enable
    i2c_loopback.o(i.stimer_init) refers to am_hal_stimer.o(i.am_hal_stimer_config) for am_hal_stimer_config
    i2c_loopback.o(i.stimer_init) refers to am_hal_stimer.o(i.am_hal_stimer_compare_delta_set) for am_hal_stimer_compare_delta_set
    pwm_stuff.o(i.am_ctimer_isr) refers to am_hal_ctimer.o(i.am_hal_ctimer_int_clear) for am_hal_ctimer_int_clear
    pwm_stuff.o(i.am_ctimer_isr) refers to am_hal_ctimer.o(i.am_hal_ctimer_period_set) for am_hal_ctimer_period_set
    pwm_stuff.o(i.am_ctimer_isr) refers to pwm_stuff.o(.data) for buzzer_duty_cycle
    pwm_stuff.o(i.am_stimer_cmpr1_isr) refers to am_hal_stimer.o(i.am_hal_stimer_int_clear) for am_hal_stimer_int_clear
    pwm_stuff.o(i.am_stimer_cmpr1_isr) refers to am_hal_stimer.o(i.am_hal_stimer_compare_delta_set) for am_hal_stimer_compare_delta_set
    pwm_stuff.o(i.am_stimer_cmpr1_isr) refers to am_hal_ctimer.o(i.am_hal_ctimer_start) for am_hal_ctimer_start
    pwm_stuff.o(i.am_stimer_cmpr1_isr) refers to am_hal_ctimer.o(i.am_hal_ctimer_clear) for am_hal_ctimer_clear
    pwm_stuff.o(i.am_stimer_cmpr1_isr) refers to pwm_stuff.o(.data) for toggle_bit
    pwm_stuff.o(i.init_cTimer) refers to am_util_stdio.o(i.am_util_stdio_terminal_clear) for am_util_stdio_terminal_clear
    pwm_stuff.o(i.init_cTimer) refers to am_util_stdio.o(i.am_util_stdio_printf) for am_util_stdio_printf
    pwm_stuff.o(i.init_cTimer) refers to am_util_delay.o(i.am_util_delay_ms) for am_util_delay_ms
    pwm_stuff.o(i.init_cTimer) refers to am_hal_ctimer.o(i.am_hal_ctimer_config_single) for am_hal_ctimer_config_single
    pwm_stuff.o(i.init_cTimer) refers to am_hal_ctimer.o(i.am_hal_ctimer_period_set) for am_hal_ctimer_period_set
    pwm_stuff.o(i.init_cTimer) refers to am_hal_ctimer.o(i.am_hal_ctimer_int_enable) for am_hal_ctimer_int_enable
    pwm_stuff.o(i.init_cTimer) refers to am_hal_interrupt.o(i.am_hal_interrupt_enable) for am_hal_interrupt_enable
    pwm_stuff.o(i.init_cTimer) refers to am_hal_interrupt.o(.emb_text) for am_hal_interrupt_master_enable
    pwm_stuff.o(i.init_cTimer) refers to pwm_stuff.o(.data) for buzzer_frequency
    pwm_stuff.o(i.main) refers to am_hal_clkgen.o(i.am_hal_clkgen_sysclk_select) for am_hal_clkgen_sysclk_select
    pwm_stuff.o(i.main) refers to am_hal_cachectrl.o(i.am_hal_cachectrl_enable) for am_hal_cachectrl_enable
    pwm_stuff.o(i.main) refers to am_bsp.o(i.am_bsp_low_power_init) for am_bsp_low_power_init
    pwm_stuff.o(i.main) refers to am_util_stdio.o(i.am_util_stdio_printf_init) for am_util_stdio_printf_init
    pwm_stuff.o(i.main) refers to am_hal_itm.o(i.am_hal_itm_enable) for am_hal_itm_enable
    pwm_stuff.o(i.main) refers to am_bsp.o(i.am_bsp_debug_printf_enable) for am_bsp_debug_printf_enable
    pwm_stuff.o(i.main) refers to am_util_stdio.o(i.am_util_stdio_terminal_clear) for am_util_stdio_terminal_clear
    pwm_stuff.o(i.main) refers to am_util_stdio.o(i.am_util_stdio_printf) for am_util_stdio_printf
    pwm_stuff.o(i.main) refers to am_util_delay.o(i.am_util_delay_ms) for am_util_delay_ms
    pwm_stuff.o(i.main) refers to i2c_loopback.o(i.stimer_init) for stimer_init
    pwm_stuff.o(i.main) refers to pwm_stuff.o(i.stimer_init) for stimer_init
    pwm_stuff.o(i.main) refers to am_hal_interrupt.o(.emb_text) for am_hal_interrupt_master_enable
    pwm_stuff.o(i.main) refers to pwm_stuff.o(i.init_cTimer) for init_cTimer
    pwm_stuff.o(i.main) refers to am_hal_sysctrl.o(i.am_hal_sysctrl_sleep) for am_hal_sysctrl_sleep
    pwm_stuff.o(i.main) refers to am_hal_cachectrl.o(.constdata) for am_hal_cachectrl_defaults
    pwm_stuff.o(i.main) refers to am_bsp.o(.data) for am_bsp_psLEDs
    pwm_stuff.o(i.main) refers to am_bsp.o(i.am_bsp_itm_string_print) for am_bsp_itm_string_print
    pwm_stuff.o(i.stimer_init) refers to am_hal_stimer.o(i.am_hal_stimer_int_enable) for am_hal_stimer_int_enable
    pwm_stuff.o(i.stimer_init) refers to am_hal_interrupt.o(i.am_hal_interrupt_enable) for am_hal_interrupt_enable
    pwm_stuff.o(i.stimer_init) refers to am_hal_stimer.o(i.am_hal_stimer_config) for am_hal_stimer_config
    pwm_stuff.o(i.stimer_init) refers to am_hal_stimer.o(i.am_hal_stimer_compare_delta_set) for am_hal_stimer_compare_delta_set
    am_util_delay.o(i.am_util_delay_cycles) refers to am_hal_flash.o(i.am_hal_flash_delay) for am_hal_flash_delay
    am_util_delay.o(i.am_util_delay_ms) refers to am_hal_clkgen.o(i.am_hal_clkgen_sysclk_get) for am_hal_clkgen_sysclk_get
    am_util_delay.o(i.am_util_delay_ms) refers to am_hal_flash.o(i.am_hal_flash_delay) for am_hal_flash_delay
    am_util_delay.o(i.am_util_delay_us) refers to am_hal_clkgen.o(i.am_hal_clkgen_sysclk_get) for am_hal_clkgen_sysclk_get
    am_util_delay.o(i.am_util_delay_us) refers to am_hal_flash.o(i.am_hal_flash_delay) for am_hal_flash_delay
    am_util_stdio.o(i.am_util_stdio_printf) refers to am_util_stdio.o(i.am_util_stdio_vsprintf) for am_util_stdio_vsprintf
    am_util_stdio.o(i.am_util_stdio_printf) refers to am_util_stdio.o(.bss) for g_prfbuf
    am_util_stdio.o(i.am_util_stdio_printf) refers to am_util_stdio.o(.data) for g_pfnCharPrint
    am_util_stdio.o(i.am_util_stdio_printf_init) refers to am_util_stdio.o(.data) for g_pfnCharPrint
    am_util_stdio.o(i.am_util_stdio_sprintf) refers to am_util_stdio.o(i.am_util_stdio_vsprintf) for am_util_stdio_vsprintf
    am_util_stdio.o(i.am_util_stdio_terminal_clear) refers to am_util_stdio.o(i.am_util_stdio_printf) for am_util_stdio_printf
    am_util_stdio.o(i.am_util_stdio_textmode_set) refers to am_util_stdio.o(.data) for g_bTxtXlate
    am_util_stdio.o(i.am_util_stdio_vsprintf) refers to am_util_stdio.o(i.decstr_to_int) for decstr_to_int
    am_util_stdio.o(i.am_util_stdio_vsprintf) refers to am_util_stdio.o(i.simple_strlen) for simple_strlen
    am_util_stdio.o(i.am_util_stdio_vsprintf) refers to am_util_stdio.o(i.padbuffer) for padbuffer
    am_util_stdio.o(i.am_util_stdio_vsprintf) refers to am_util_stdio.o(i.ndigits_in_hex) for ndigits_in_hex
    am_util_stdio.o(i.am_util_stdio_vsprintf) refers to am_util_stdio.o(i.uint64_to_hexstr) for uint64_to_hexstr
    am_util_stdio.o(i.am_util_stdio_vsprintf) refers to am_util_stdio.o(i.ndigits_in_u64) for ndigits_in_u64
    am_util_stdio.o(i.am_util_stdio_vsprintf) refers to am_util_stdio.o(i.uint64_to_str) for uint64_to_str
    am_util_stdio.o(i.am_util_stdio_vsprintf) refers to am_util_stdio.o(i.ndigits_in_i64) for ndigits_in_i64
    am_util_stdio.o(i.am_util_stdio_vsprintf) refers to d2f.o(x$fpl$d2f) for __aeabi_d2f
    am_util_stdio.o(i.am_util_stdio_vsprintf) refers to am_util_stdio.o(i.ftoa) for ftoa
    am_util_stdio.o(i.am_util_stdio_vsprintf) refers to am_util_stdio.o(.data) for g_bTxtXlate
    am_util_stdio.o(i.ftoa) refers to am_util_stdio.o(i.uint64_to_str) for uint64_to_str
    am_util_stdio.o(i.ndigits_in_i64) refers to am_util_stdio.o(i.ndigits_in_u64) for ndigits_in_u64
    am_util_stdio.o(i.ndigits_in_u64) refers to am_util_stdio.o(i.divu64_10) for divu64_10
    am_util_stdio.o(i.uint64_to_str) refers to am_util_stdio.o(i.divu64_10) for divu64_10
    am_util_faultisr.o(.emb_text) refers to am_util_faultisr.o(i.am_util_faultisr_collect_data) for am_util_faultisr_collect_data
    am_util_faultisr.o(i.am_util_faultisr_collect_data) refers to rt_memclr_w.o(.text) for __aeabi_memclr4
    am_util_faultisr.o(i.am_util_faultisr_collect_data) refers to am_util_faultisr.o(.emb_text) for getStackedReg
    am_util_faultisr.o(i.am_util_faultisr_collect_data) refers to am_hal_mcuctrl.o(i.am_hal_mcuctrl_fault_status) for am_hal_mcuctrl_fault_status
    startup_keil.o(STACK) refers (Special) to heapauxi.o(.text) for __use_two_region_memory
    startup_keil.o(HEAP) refers (Special) to heapauxi.o(.text) for __use_two_region_memory
    startup_keil.o(RESET) refers (Special) to heapauxi.o(.text) for __use_two_region_memory
    startup_keil.o(RESET) refers to startup_keil.o(STACK) for StackMem
    startup_keil.o(RESET) refers to am_util_faultisr.o(.emb_text) for am_fault_isr
    startup_keil.o(RESET) refers to pwm_stuff.o(i.am_ctimer_isr) for am_ctimer_isr
    startup_keil.o(RESET) refers to i2c_loopback.o(i.am_stimer_cmpr0_isr) for am_stimer_cmpr0_isr
    startup_keil.o(RESET) refers to pwm_stuff.o(i.am_stimer_cmpr1_isr) for am_stimer_cmpr1_isr
    startup_keil.o(RESET) refers to __main.o(!!!main) for __main
    startup_keil.o(.text) refers (Special) to heapauxi.o(.text) for __use_two_region_memory
    startup_keil.o(.text) refers to startup_keil.o(HEAP) for HeapMem
    startup_keil.o(.text) refers to startup_keil.o(STACK) for StackMem
    am_bsp.o(i.am_bsp_debug_printf_disable) refers to am_hal_itm.o(i.am_hal_itm_not_busy) for am_hal_itm_not_busy
    am_bsp.o(i.am_bsp_debug_printf_disable) refers to am_hal_tpiu.o(i.am_hal_tpiu_disable) for am_hal_tpiu_disable
    am_bsp.o(i.am_bsp_debug_printf_disable) refers to am_hal_global.o(.data) for g_ui32HALflags
    am_bsp.o(i.am_bsp_debug_printf_enable) refers to am_hal_tpiu.o(i.am_hal_tpiu_enable) for am_hal_tpiu_enable
    am_bsp.o(i.am_bsp_debug_printf_enable) refers to am_hal_global.o(.data) for g_ui32HALflags
    am_bsp.o(i.am_bsp_iom_disable) refers to am_hal_gpio.o(i.am_hal_gpio_pin_config_read) for am_hal_gpio_pin_config_read
    am_bsp.o(i.am_bsp_iom_disable) refers to am_hal_iom.o(i.am_hal_iom_disable) for am_hal_iom_disable
    am_bsp.o(i.am_bsp_iom_disable) refers to am_bsp.o(.data) for .data
    am_bsp.o(i.am_bsp_iom_enable) refers to am_hal_iom.o(i.am_hal_iom_enable) for am_hal_iom_enable
    am_bsp.o(i.am_bsp_iom_enable) refers to am_bsp.o(.data) for .data
    am_bsp.o(i.am_bsp_iom_power_off_save) refers to am_hal_gpio.o(i.am_hal_gpio_pin_config_read) for am_hal_gpio_pin_config_read
    am_bsp.o(i.am_bsp_iom_power_off_save) refers to am_hal_iom.o(i.am_hal_iom_power_off_save) for am_hal_iom_power_off_save
    am_bsp.o(i.am_bsp_iom_power_off_save) refers to am_bsp.o(.bss) for .bss
    am_bsp.o(i.am_bsp_iom_power_on_restore) refers to am_hal_iom.o(i.am_hal_iom_power_on_restore) for am_hal_iom_power_on_restore
    am_bsp.o(i.am_bsp_iom_power_on_restore) refers to am_bsp.o(.bss) for .bss
    am_bsp.o(i.am_bsp_itm_string_print) refers to am_hal_itm.o(i.am_hal_itm_print) for am_hal_itm_print
    am_bsp.o(i.am_bsp_low_power_init) refers to am_hal_pwrctrl.o(i.am_hal_pwrctrl_bucks_init) for am_hal_pwrctrl_bucks_init
    am_bsp.o(i.am_bsp_low_power_init) refers to am_hal_pwrctrl.o(i.am_hal_pwrctrl_low_power_init) for am_hal_pwrctrl_low_power_init
    am_bsp.o(i.am_bsp_low_power_init) refers to am_hal_vcomp.o(i.am_hal_vcomp_disable) for am_hal_vcomp_disable
    am_bsp.o(i.am_bsp_low_power_init) refers to am_hal_rtc.o(i.am_hal_rtc_osc_select) for am_hal_rtc_osc_select
    am_bsp.o(i.am_bsp_low_power_init) refers to am_hal_clkgen.o(i.am_hal_clkgen_osc_stop) for am_hal_clkgen_osc_stop
    am_bsp.o(i.am_bsp_low_power_init) refers to am_hal_rtc.o(i.am_hal_rtc_osc_disable) for am_hal_rtc_osc_disable
    am_bsp.o(i.am_bsp_uart_power_off_save) refers to am_hal_gpio.o(i.am_hal_gpio_pin_config_read) for am_hal_gpio_pin_config_read
    am_bsp.o(i.am_bsp_uart_power_off_save) refers to am_hal_uart.o(i.am_hal_uart_power_off_save) for am_hal_uart_power_off_save
    am_bsp.o(i.am_bsp_uart_power_off_save) refers to am_bsp.o(.bss) for .bss
    am_bsp.o(i.am_bsp_uart_power_on_restore) refers to am_hal_uart.o(i.am_hal_uart_power_on_restore) for am_hal_uart_power_on_restore
    am_bsp.o(i.am_bsp_uart_power_on_restore) refers to am_bsp.o(.bss) for .bss
    am_bsp.o(i.am_bsp_uart_string_print) refers to am_hal_uart.o(i.am_hal_uart_string_transmit_polled) for am_hal_uart_string_transmit_polled
    am_hal_cachectrl.o(i.am_hal_cachectrl_config_default) refers to am_hal_pwrctrl.o(i.am_hal_pwrctrl_memory_enable) for am_hal_pwrctrl_memory_enable
    am_hal_cachectrl.o(i.am_hal_cachectrl_disable) refers to am_hal_pwrctrl.o(i.am_hal_pwrctrl_memory_enable) for am_hal_pwrctrl_memory_enable
    am_hal_cachectrl.o(i.am_hal_cachectrl_enable) refers to am_hal_pwrctrl.o(i.am_hal_pwrctrl_memory_enable) for am_hal_pwrctrl_memory_enable
    am_hal_clkgen.o(i.am_hal_clkgen_sysclk_select) refers to am_hal_debug.o(i.am_hal_debug_error) for am_hal_debug_error
    am_hal_ctimer.o(i.am_hal_ctimer_int_register) refers to am_hal_debug.o(i.am_hal_debug_error) for am_hal_debug_error
    am_hal_ctimer.o(i.am_hal_ctimer_int_register) refers to am_hal_ctimer.o(.bss) for .bss
    am_hal_ctimer.o(i.am_hal_ctimer_int_service) refers to am_hal_ctimer.o(.bss) for .bss
    am_hal_ctimer.o(i.am_hal_ctimer_read) refers to am_hal_ctimer.o(.emb_text) for __asm___15_am_hal_ctimer_c_5490335f__back2back_reads
    am_hal_ctimer.o(i.am_hal_ctimer_read) refers to am_hal_debug.o(i.am_hal_debug_error) for am_hal_debug_error
    am_hal_ctimer.o(i.am_hal_ctimer_read) refers to am_hal_ctimer.o(.constdata) for .constdata
    am_hal_flash.o(i.am_hal_flash_copy_protect_check) refers to llshl.o(.text) for __aeabi_llsl
    am_hal_flash.o(i.am_hal_flash_copy_protect_set) refers to llshl.o(.text) for __aeabi_llsl
    am_hal_flash.o(i.am_hal_flash_copy_protect_set) refers to am_hal_flash.o(.data) for .data
    am_hal_flash.o(i.am_hal_flash_debugger_disable) refers to am_hal_flash.o(i.customer_info_signature_set) for customer_info_signature_set
    am_hal_flash.o(i.am_hal_flash_debugger_disable) refers to am_hal_flash.o(.data) for .data
    am_hal_flash.o(i.am_hal_flash_delay) refers to am_hal_flash.o(.data) for .data
    am_hal_flash.o(i.am_hal_flash_delay_status_change) refers to am_hal_flash.o(.data) for .data
    am_hal_flash.o(i.am_hal_flash_erase_info) refers to am_hal_flash.o(.data) for .data
    am_hal_flash.o(i.am_hal_flash_erase_main_plus_info) refers to am_hal_flash.o(.data) for .data
    am_hal_flash.o(i.am_hal_flash_erase_main_plus_info_both_instances) refers to am_hal_flash.o(.data) for .data
    am_hal_flash.o(i.am_hal_flash_info_erase_disable) refers to am_hal_flash.o(i.customer_info_signature_set) for customer_info_signature_set
    am_hal_flash.o(i.am_hal_flash_info_erase_disable) refers to am_hal_flash.o(.data) for .data
    am_hal_flash.o(i.am_hal_flash_info_program_disable) refers to am_hal_flash.o(i.customer_info_signature_set) for customer_info_signature_set
    am_hal_flash.o(i.am_hal_flash_info_program_disable) refers to am_hal_flash.o(.data) for .data
    am_hal_flash.o(i.am_hal_flash_info_signature_set) refers to am_hal_flash.o(i.customer_info_signature_set) for customer_info_signature_set
    am_hal_flash.o(i.am_hal_flash_load_ui32) refers to am_hal_flash.o(.data) for .data
    am_hal_flash.o(i.am_hal_flash_mass_erase) refers to am_hal_flash.o(.data) for .data
    am_hal_flash.o(i.am_hal_flash_page_erase) refers to am_hal_flash.o(.data) for .data
    am_hal_flash.o(i.am_hal_flash_program_info) refers to am_hal_flash.o(.data) for .data
    am_hal_flash.o(i.am_hal_flash_program_main) refers to am_hal_flash.o(.data) for .data
    am_hal_flash.o(i.am_hal_flash_recovery) refers to am_hal_flash.o(.data) for .data
    am_hal_flash.o(i.am_hal_flash_store_ui32) refers to am_hal_flash.o(.data) for .data
    am_hal_flash.o(i.am_hal_flash_swo_disable) refers to am_hal_flash.o(i.customer_info_signature_set) for customer_info_signature_set
    am_hal_flash.o(i.am_hal_flash_swo_disable) refers to am_hal_flash.o(.data) for .data
    am_hal_flash.o(i.am_hal_flash_wipe_flash_enable) refers to am_hal_flash.o(i.customer_info_signature_set) for customer_info_signature_set
    am_hal_flash.o(i.am_hal_flash_wipe_flash_enable) refers to am_hal_flash.o(.data) for .data
    am_hal_flash.o(i.am_hal_flash_wipe_sram_enable) refers to am_hal_flash.o(i.customer_info_signature_set) for customer_info_signature_set
    am_hal_flash.o(i.am_hal_flash_wipe_sram_enable) refers to am_hal_flash.o(.data) for .data
    am_hal_flash.o(i.am_hal_flash_write_protect_check) refers to llshl.o(.text) for __aeabi_llsl
    am_hal_flash.o(i.am_hal_flash_write_protect_set) refers to llshl.o(.text) for __aeabi_llsl
    am_hal_flash.o(i.am_hal_flash_write_protect_set) refers to am_hal_flash.o(.data) for .data
    am_hal_flash.o(i.customer_info_signature_set) refers to am_hal_flash.o(.data) for .data
    am_hal_iom.o(i.am_hal_iom_config) refers to am_hal_clkgen.o(i.am_hal_clkgen_sysclk_get) for am_hal_clkgen_sysclk_get
    am_hal_iom.o(i.am_hal_iom_config) refers to am_hal_iom.o(.bss) for .bss
    am_hal_iom.o(i.am_hal_iom_disable) refers to am_hal_iom.o(.data) for .data
    am_hal_iom.o(i.am_hal_iom_enable) refers to am_hal_iom.o(.data) for .data
    am_hal_iom.o(i.am_hal_iom_error_status_get) refers to am_hal_iom.o(.data) for .data
    am_hal_iom.o(i.am_hal_iom_fifo_read) refers to am_hal_debug.o(i.am_hal_debug_error) for am_hal_debug_error
    am_hal_iom.o(i.am_hal_iom_fifo_write) refers to am_hal_debug.o(i.am_hal_debug_error) for am_hal_debug_error
    am_hal_iom.o(i.am_hal_iom_i2c_cmd_run) refers to am_hal_flash.o(i.am_hal_flash_delay_status_change) for am_hal_flash_delay_status_change
    am_hal_iom.o(i.am_hal_iom_i2c_cmd_run) refers to am_hal_iom.o(.constdata) for .constdata
    am_hal_iom.o(i.am_hal_iom_i2c_cmd_run) refers to am_hal_iom.o(.bss) for .bss
    am_hal_iom.o(i.am_hal_iom_i2c_read) refers to am_hal_i2c_bit_bang.o(i.am_hal_i2c_bit_bang_receive) for am_hal_i2c_bit_bang_receive
    am_hal_iom.o(i.am_hal_iom_i2c_read) refers to am_hal_interrupt.o(.emb_text) for am_hal_interrupt_master_disable
    am_hal_iom.o(i.am_hal_iom_i2c_read) refers to am_hal_queue.o(i.am_hal_queue_item_add) for am_hal_queue_item_add
    am_hal_iom.o(i.am_hal_iom_i2c_read) refers to am_hal_iom.o(i.am_hal_iom_i2c_read_nb) for am_hal_iom_i2c_read_nb
    am_hal_iom.o(i.am_hal_iom_i2c_read) refers to am_hal_iom.o(i.am_hal_iom_i2c_read_nq) for am_hal_iom_i2c_read_nq
    am_hal_iom.o(i.am_hal_iom_i2c_read) refers to am_hal_iom.o(.data) for .data
    am_hal_iom.o(i.am_hal_iom_i2c_read) refers to am_hal_iom.o(.constdata) for .constdata
    am_hal_iom.o(i.am_hal_iom_i2c_read) refers to am_hal_iom.o(.bss) for .bss
    am_hal_iom.o(i.am_hal_iom_i2c_read_nb) refers to am_hal_i2c_bit_bang.o(i.am_hal_i2c_bit_bang_receive) for am_hal_i2c_bit_bang_receive
    am_hal_iom.o(i.am_hal_iom_i2c_read_nb) refers to am_hal_iom.o(i.am_hal_iom_i2c_cmd_run) for am_hal_iom_i2c_cmd_run
    am_hal_iom.o(i.am_hal_iom_i2c_read_nb) refers to am_hal_iom.o(.data) for .data
    am_hal_iom.o(i.am_hal_iom_i2c_read_nb) refers to am_hal_iom.o(.constdata) for .constdata
    am_hal_iom.o(i.am_hal_iom_i2c_read_nb) refers to am_hal_iom.o(.bss) for .bss
    am_hal_iom.o(i.am_hal_iom_i2c_read_nq) refers to am_hal_i2c_bit_bang.o(i.am_hal_i2c_bit_bang_receive) for am_hal_i2c_bit_bang_receive
    am_hal_iom.o(i.am_hal_iom_i2c_read_nq) refers to am_hal_iom.o(i.am_hal_iom_i2c_cmd_run) for am_hal_iom_i2c_cmd_run
    am_hal_iom.o(i.am_hal_iom_i2c_read_nq) refers to am_hal_iom.o(i.am_hal_iom_fifo_read) for am_hal_iom_fifo_read
    am_hal_iom.o(i.am_hal_iom_i2c_read_nq) refers to am_hal_flash.o(i.am_hal_flash_delay_status_change) for am_hal_flash_delay_status_change
    am_hal_iom.o(i.am_hal_iom_i2c_read_nq) refers to am_hal_iom.o(i.internal_iom_get_int_err) for internal_iom_get_int_err
    am_hal_iom.o(i.am_hal_iom_i2c_read_nq) refers to am_hal_iom.o(.data) for .data
    am_hal_iom.o(i.am_hal_iom_i2c_read_nq) refers to am_hal_iom.o(.constdata) for .constdata
    am_hal_iom.o(i.am_hal_iom_i2c_read_nq) refers to am_hal_iom.o(.bss) for .bss
    am_hal_iom.o(i.am_hal_iom_i2c_write) refers to am_hal_i2c_bit_bang.o(i.am_hal_i2c_bit_bang_send) for am_hal_i2c_bit_bang_send
    am_hal_iom.o(i.am_hal_iom_i2c_write) refers to am_hal_interrupt.o(.emb_text) for am_hal_interrupt_master_disable
    am_hal_iom.o(i.am_hal_iom_i2c_write) refers to am_hal_queue.o(i.am_hal_queue_item_add) for am_hal_queue_item_add
    am_hal_iom.o(i.am_hal_iom_i2c_write) refers to am_hal_iom.o(i.am_hal_iom_i2c_write_nb) for am_hal_iom_i2c_write_nb
    am_hal_iom.o(i.am_hal_iom_i2c_write) refers to am_hal_iom.o(i.am_hal_iom_i2c_write_nq) for am_hal_iom_i2c_write_nq
    am_hal_iom.o(i.am_hal_iom_i2c_write) refers to am_hal_iom.o(.data) for .data
    am_hal_iom.o(i.am_hal_iom_i2c_write) refers to am_hal_iom.o(.constdata) for .constdata
    am_hal_iom.o(i.am_hal_iom_i2c_write) refers to am_hal_iom.o(.bss) for .bss
    am_hal_iom.o(i.am_hal_iom_i2c_write_nb) refers to am_hal_i2c_bit_bang.o(i.am_hal_i2c_bit_bang_send) for am_hal_i2c_bit_bang_send
    am_hal_iom.o(i.am_hal_iom_i2c_write_nb) refers to am_hal_iom.o(i.am_hal_iom_fifo_write) for am_hal_iom_fifo_write
    am_hal_iom.o(i.am_hal_iom_i2c_write_nb) refers to am_hal_iom.o(i.am_hal_iom_i2c_cmd_run) for am_hal_iom_i2c_cmd_run
    am_hal_iom.o(i.am_hal_iom_i2c_write_nb) refers to am_hal_iom.o(.data) for .data
    am_hal_iom.o(i.am_hal_iom_i2c_write_nb) refers to am_hal_iom.o(.constdata) for .constdata
    am_hal_iom.o(i.am_hal_iom_i2c_write_nb) refers to am_hal_iom.o(.bss) for .bss
    am_hal_iom.o(i.am_hal_iom_i2c_write_nq) refers to am_hal_i2c_bit_bang.o(i.am_hal_i2c_bit_bang_send) for am_hal_i2c_bit_bang_send
    am_hal_iom.o(i.am_hal_iom_i2c_write_nq) refers to am_hal_iom.o(i.am_hal_iom_fifo_write) for am_hal_iom_fifo_write
    am_hal_iom.o(i.am_hal_iom_i2c_write_nq) refers to am_hal_iom.o(i.am_hal_iom_i2c_cmd_run) for am_hal_iom_i2c_cmd_run
    am_hal_iom.o(i.am_hal_iom_i2c_write_nq) refers to am_hal_flash.o(i.am_hal_flash_delay_status_change) for am_hal_flash_delay_status_change
    am_hal_iom.o(i.am_hal_iom_i2c_write_nq) refers to am_hal_iom.o(i.internal_iom_get_int_err) for internal_iom_get_int_err
    am_hal_iom.o(i.am_hal_iom_i2c_write_nq) refers to am_hal_iom.o(.data) for .data
    am_hal_iom.o(i.am_hal_iom_i2c_write_nq) refers to am_hal_iom.o(.constdata) for .constdata
    am_hal_iom.o(i.am_hal_iom_i2c_write_nq) refers to am_hal_iom.o(.bss) for .bss
    am_hal_iom.o(i.am_hal_iom_int_service) refers to am_hal_iom.o(i.am_hal_iom_fifo_read) for am_hal_iom_fifo_read
    am_hal_iom.o(i.am_hal_iom_int_service) refers to am_hal_iom.o(i.internal_iom_get_int_err) for internal_iom_get_int_err
    am_hal_iom.o(i.am_hal_iom_int_service) refers to am_hal_iom.o(i.am_hal_iom_fifo_write) for am_hal_iom_fifo_write
    am_hal_iom.o(i.am_hal_iom_int_service) refers to am_hal_iom.o(.bss) for .bss
    am_hal_iom.o(i.am_hal_iom_int_service) refers to am_hal_iom.o(.data) for .data
    am_hal_iom.o(i.am_hal_iom_poll_complete) refers to am_hal_iom.o(.data) for .data
    am_hal_iom.o(i.am_hal_iom_power_off_save) refers to am_hal_debug.o(i.am_hal_debug_error) for am_hal_debug_error
    am_hal_iom.o(i.am_hal_iom_power_off_save) refers to am_hal_pwrctrl.o(i.am_hal_pwrctrl_periph_disable) for am_hal_pwrctrl_periph_disable
    am_hal_iom.o(i.am_hal_iom_power_off_save) refers to am_hal_iom.o(.bss) for .bss
    am_hal_iom.o(i.am_hal_iom_power_on_restore) refers to am_hal_debug.o(i.am_hal_debug_error) for am_hal_debug_error
    am_hal_iom.o(i.am_hal_iom_power_on_restore) refers to am_hal_pwrctrl.o(i.am_hal_pwrctrl_periph_enable) for am_hal_pwrctrl_periph_enable
    am_hal_iom.o(i.am_hal_iom_power_on_restore) refers to am_hal_iom.o(.bss) for .bss
    am_hal_iom.o(i.am_hal_iom_pwrctrl_disable) refers to am_hal_debug.o(i.am_hal_debug_error) for am_hal_debug_error
    am_hal_iom.o(i.am_hal_iom_pwrctrl_disable) refers to am_hal_pwrctrl.o(i.am_hal_pwrctrl_periph_disable) for am_hal_pwrctrl_periph_disable
    am_hal_iom.o(i.am_hal_iom_pwrctrl_enable) refers to am_hal_debug.o(i.am_hal_debug_error) for am_hal_debug_error
    am_hal_iom.o(i.am_hal_iom_pwrctrl_enable) refers to am_hal_pwrctrl.o(i.am_hal_pwrctrl_periph_enable) for am_hal_pwrctrl_periph_enable
    am_hal_iom.o(i.am_hal_iom_queue_i2c_read) refers to am_hal_interrupt.o(.emb_text) for am_hal_interrupt_master_disable
    am_hal_iom.o(i.am_hal_iom_queue_i2c_read) refers to am_hal_queue.o(i.am_hal_queue_item_add) for am_hal_queue_item_add
    am_hal_iom.o(i.am_hal_iom_queue_i2c_read) refers to am_hal_iom.o(i.am_hal_iom_i2c_read_nb) for am_hal_iom_i2c_read_nb
    am_hal_iom.o(i.am_hal_iom_queue_i2c_read) refers to am_hal_iom.o(.data) for .data
    am_hal_iom.o(i.am_hal_iom_queue_i2c_read) refers to am_hal_iom.o(.bss) for .bss
    am_hal_iom.o(i.am_hal_iom_queue_i2c_write) refers to am_hal_interrupt.o(.emb_text) for am_hal_interrupt_master_disable
    am_hal_iom.o(i.am_hal_iom_queue_i2c_write) refers to am_hal_queue.o(i.am_hal_queue_item_add) for am_hal_queue_item_add
    am_hal_iom.o(i.am_hal_iom_queue_i2c_write) refers to am_hal_iom.o(i.am_hal_iom_i2c_write_nb) for am_hal_iom_i2c_write_nb
    am_hal_iom.o(i.am_hal_iom_queue_i2c_write) refers to am_hal_iom.o(.data) for .data
    am_hal_iom.o(i.am_hal_iom_queue_i2c_write) refers to am_hal_iom.o(.bss) for .bss
    am_hal_iom.o(i.am_hal_iom_queue_init) refers to am_hal_queue.o(i.am_hal_queue_init) for am_hal_queue_init
    am_hal_iom.o(i.am_hal_iom_queue_init) refers to am_hal_iom.o(.bss) for .bss
    am_hal_iom.o(i.am_hal_iom_queue_length_get) refers to am_hal_iom.o(.bss) for .bss
    am_hal_iom.o(i.am_hal_iom_queue_service) refers to am_hal_iom.o(i.am_hal_iom_int_service) for am_hal_iom_int_service
    am_hal_iom.o(i.am_hal_iom_queue_service) refers to am_hal_interrupt.o(.emb_text) for am_hal_interrupt_master_disable
    am_hal_iom.o(i.am_hal_iom_queue_service) refers to am_hal_queue.o(i.am_hal_queue_item_get) for am_hal_queue_item_get
    am_hal_iom.o(i.am_hal_iom_queue_service) refers to am_hal_iom.o(i.am_hal_iom_spi_write_nb) for am_hal_iom_spi_write_nb
    am_hal_iom.o(i.am_hal_iom_queue_service) refers to am_hal_iom.o(i.am_hal_iom_spi_read_nb) for am_hal_iom_spi_read_nb
    am_hal_iom.o(i.am_hal_iom_queue_service) refers to am_hal_iom.o(i.am_hal_iom_i2c_write_nb) for am_hal_iom_i2c_write_nb
    am_hal_iom.o(i.am_hal_iom_queue_service) refers to am_hal_iom.o(i.am_hal_iom_i2c_read_nb) for am_hal_iom_i2c_read_nb
    am_hal_iom.o(i.am_hal_iom_queue_service) refers to am_hal_iom.o(.bss) for .bss
    am_hal_iom.o(i.am_hal_iom_queue_service) refers to am_hal_iom.o(.data) for .data
    am_hal_iom.o(i.am_hal_iom_queue_spi_read) refers to am_hal_interrupt.o(.emb_text) for am_hal_interrupt_master_disable
    am_hal_iom.o(i.am_hal_iom_queue_spi_read) refers to am_hal_queue.o(i.am_hal_queue_item_add) for am_hal_queue_item_add
    am_hal_iom.o(i.am_hal_iom_queue_spi_read) refers to am_hal_iom.o(i.am_hal_iom_spi_read_nb) for am_hal_iom_spi_read_nb
    am_hal_iom.o(i.am_hal_iom_queue_spi_read) refers to am_hal_iom.o(.data) for .data
    am_hal_iom.o(i.am_hal_iom_queue_spi_read) refers to am_hal_iom.o(.bss) for .bss
    am_hal_iom.o(i.am_hal_iom_queue_spi_write) refers to am_hal_interrupt.o(.emb_text) for am_hal_interrupt_master_disable
    am_hal_iom.o(i.am_hal_iom_queue_spi_write) refers to am_hal_queue.o(i.am_hal_queue_item_add) for am_hal_queue_item_add
    am_hal_iom.o(i.am_hal_iom_queue_spi_write) refers to am_hal_iom.o(i.am_hal_iom_spi_write_nb) for am_hal_iom_spi_write_nb
    am_hal_iom.o(i.am_hal_iom_queue_spi_write) refers to am_hal_iom.o(.data) for .data
    am_hal_iom.o(i.am_hal_iom_queue_spi_write) refers to am_hal_iom.o(.bss) for .bss
    am_hal_iom.o(i.am_hal_iom_queue_start_next_msg) refers to am_hal_interrupt.o(.emb_text) for am_hal_interrupt_master_disable
    am_hal_iom.o(i.am_hal_iom_queue_start_next_msg) refers to am_hal_queue.o(i.am_hal_queue_item_get) for am_hal_queue_item_get
    am_hal_iom.o(i.am_hal_iom_queue_start_next_msg) refers to am_hal_iom.o(i.am_hal_iom_spi_write_nb) for am_hal_iom_spi_write_nb
    am_hal_iom.o(i.am_hal_iom_queue_start_next_msg) refers to am_hal_iom.o(i.am_hal_iom_spi_read_nb) for am_hal_iom_spi_read_nb
    am_hal_iom.o(i.am_hal_iom_queue_start_next_msg) refers to am_hal_iom.o(i.am_hal_iom_i2c_write_nb) for am_hal_iom_i2c_write_nb
    am_hal_iom.o(i.am_hal_iom_queue_start_next_msg) refers to am_hal_iom.o(i.am_hal_iom_i2c_read_nb) for am_hal_iom_i2c_read_nb
    am_hal_iom.o(i.am_hal_iom_queue_start_next_msg) refers to am_hal_iom.o(.bss) for .bss
    am_hal_iom.o(i.am_hal_iom_queue_start_next_msg) refers to am_hal_iom.o(.data) for .data
    am_hal_iom.o(i.am_hal_iom_sleeping_queue_flush) refers to am_hal_interrupt.o(.emb_text) for am_hal_interrupt_master_disable
    am_hal_iom.o(i.am_hal_iom_sleeping_queue_flush) refers to am_hal_sysctrl.o(i.am_hal_sysctrl_sleep) for am_hal_sysctrl_sleep
    am_hal_iom.o(i.am_hal_iom_sleeping_queue_flush) refers to am_hal_iom.o(.data) for .data
    am_hal_iom.o(i.am_hal_iom_sleeping_queue_flush) refers to am_hal_iom.o(.bss) for .bss
    am_hal_iom.o(i.am_hal_iom_spi_cmd_run) refers to am_hal_debug.o(i.am_hal_debug_error) for am_hal_debug_error
    am_hal_iom.o(i.am_hal_iom_spi_cmd_run) refers to am_hal_iom.o(i.am_hal_iom_workaround_word_write) for i.am_hal_iom_workaround_word_write
    am_hal_iom.o(i.am_hal_iom_spi_fullduplex) refers to am_hal_iom.o(i.am_hal_iom_spi_fullduplex_nq) for am_hal_iom_spi_fullduplex_nq
    am_hal_iom.o(i.am_hal_iom_spi_fullduplex) refers to am_hal_iom.o(.data) for .data
    am_hal_iom.o(i.am_hal_iom_spi_fullduplex_nq) refers to am_hal_iom.o(i.am_hal_iom_fifo_write) for am_hal_iom_fifo_write
    am_hal_iom.o(i.am_hal_iom_spi_fullduplex_nq) refers to am_hal_iom.o(i.am_hal_iom_fifo_read) for am_hal_iom_fifo_read
    am_hal_iom.o(i.am_hal_iom_spi_fullduplex_nq) refers to am_hal_flash.o(i.am_hal_flash_delay_status_change) for am_hal_flash_delay_status_change
    am_hal_iom.o(i.am_hal_iom_spi_fullduplex_nq) refers to am_hal_iom.o(i.internal_iom_get_int_err) for internal_iom_get_int_err
    am_hal_iom.o(i.am_hal_iom_spi_fullduplex_nq) refers to am_hal_iom.o(.data) for .data
    am_hal_iom.o(i.am_hal_iom_spi_fullduplex_nq) refers to am_hal_iom.o(.bss) for .bss
    am_hal_iom.o(i.am_hal_iom_spi_read) refers to am_hal_interrupt.o(.emb_text) for am_hal_interrupt_master_disable
    am_hal_iom.o(i.am_hal_iom_spi_read) refers to am_hal_queue.o(i.am_hal_queue_item_add) for am_hal_queue_item_add
    am_hal_iom.o(i.am_hal_iom_spi_read) refers to am_hal_iom.o(i.am_hal_iom_spi_read_nb) for am_hal_iom_spi_read_nb
    am_hal_iom.o(i.am_hal_iom_spi_read) refers to am_hal_iom.o(i.am_hal_iom_spi_read_nq) for am_hal_iom_spi_read_nq
    am_hal_iom.o(i.am_hal_iom_spi_read) refers to am_hal_iom.o(.data) for .data
    am_hal_iom.o(i.am_hal_iom_spi_read) refers to am_hal_iom.o(.bss) for .bss
    am_hal_iom.o(i.am_hal_iom_spi_read_nb) refers to am_hal_iom.o(i.am_hal_iom_workaround_word_write) for am_hal_iom_workaround_word_write
    am_hal_iom.o(i.am_hal_iom_spi_read_nb) refers to am_hal_flash.o(i.am_hal_flash_delay_status_change) for am_hal_flash_delay_status_change
    am_hal_iom.o(i.am_hal_iom_spi_read_nb) refers to am_hal_iom.o(.data) for .data
    am_hal_iom.o(i.am_hal_iom_spi_read_nb) refers to am_hal_iom.o(.bss) for .bss
    am_hal_iom.o(i.am_hal_iom_spi_read_nq) refers to am_hal_iom.o(i.am_hal_iom_workaround_word_write) for am_hal_iom_workaround_word_write
    am_hal_iom.o(i.am_hal_iom_spi_read_nq) refers to am_hal_flash.o(i.am_hal_flash_delay_status_change) for am_hal_flash_delay_status_change
    am_hal_iom.o(i.am_hal_iom_spi_read_nq) refers to am_hal_iom.o(i.am_hal_iom_fifo_read) for am_hal_iom_fifo_read
    am_hal_iom.o(i.am_hal_iom_spi_read_nq) refers to am_hal_iom.o(i.internal_iom_get_int_err) for internal_iom_get_int_err
    am_hal_iom.o(i.am_hal_iom_spi_read_nq) refers to am_hal_iom.o(.data) for .data
    am_hal_iom.o(i.am_hal_iom_spi_read_nq) refers to am_hal_iom.o(.bss) for .bss
    am_hal_iom.o(i.am_hal_iom_spi_write) refers to am_hal_interrupt.o(.emb_text) for am_hal_interrupt_master_disable
    am_hal_iom.o(i.am_hal_iom_spi_write) refers to am_hal_queue.o(i.am_hal_queue_item_add) for am_hal_queue_item_add
    am_hal_iom.o(i.am_hal_iom_spi_write) refers to am_hal_iom.o(i.am_hal_iom_spi_write_nb) for am_hal_iom_spi_write_nb
    am_hal_iom.o(i.am_hal_iom_spi_write) refers to am_hal_iom.o(i.am_hal_iom_spi_write_nq) for am_hal_iom_spi_write_nq
    am_hal_iom.o(i.am_hal_iom_spi_write) refers to am_hal_iom.o(.data) for .data
    am_hal_iom.o(i.am_hal_iom_spi_write) refers to am_hal_iom.o(.bss) for .bss
    am_hal_iom.o(i.am_hal_iom_spi_write_nb) refers to am_hal_iom.o(i.am_hal_iom_fifo_write) for am_hal_iom_fifo_write
    am_hal_iom.o(i.am_hal_iom_spi_write_nb) refers to am_hal_iom.o(i.am_hal_iom_workaround_word_write) for am_hal_iom_workaround_word_write
    am_hal_iom.o(i.am_hal_iom_spi_write_nb) refers to am_hal_iom.o(.data) for .data
    am_hal_iom.o(i.am_hal_iom_spi_write_nb) refers to am_hal_iom.o(.bss) for .bss
    am_hal_iom.o(i.am_hal_iom_spi_write_nq) refers to am_hal_iom.o(i.am_hal_iom_fifo_write) for am_hal_iom_fifo_write
    am_hal_iom.o(i.am_hal_iom_spi_write_nq) refers to am_hal_iom.o(i.am_hal_iom_workaround_word_write) for am_hal_iom_workaround_word_write
    am_hal_iom.o(i.am_hal_iom_spi_write_nq) refers to am_hal_flash.o(i.am_hal_flash_delay_status_change) for am_hal_flash_delay_status_change
    am_hal_iom.o(i.am_hal_iom_spi_write_nq) refers to am_hal_iom.o(i.internal_iom_get_int_err) for internal_iom_get_int_err
    am_hal_iom.o(i.am_hal_iom_spi_write_nq) refers to am_hal_iom.o(.data) for .data
    am_hal_iom.o(i.am_hal_iom_spi_write_nq) refers to am_hal_iom.o(.bss) for .bss
    am_hal_iom.o(i.am_hal_iom_workaround_word_write) refers to am_hal_debug.o(i.am_hal_debug_error) for am_hal_debug_error
    am_hal_iom.o(i.am_hal_iom_workaround_word_write) refers to am_hal_iom.o(i.am_hal_iom_fifo_write) for am_hal_iom_fifo_write
    am_hal_iom.o(i.am_hal_iom_workaround_word_write) refers to am_hal_interrupt.o(.emb_text) for am_hal_interrupt_master_disable
    am_hal_iom.o(i.am_hal_iom_workaround_word_write) refers to am_hal_iom.o(.emb_text) for __asm___12_am_hal_iom_c_97762dd2__iom_workaround_loop
    am_hal_iom.o(i.am_hal_iom_workaround_word_write) refers to am_hal_iom.o(.constdata) for .constdata
    am_hal_iom.o(.data) refers to am_hal_iom.o(i.am_hal_iom_sleeping_queue_flush) for am_hal_iom_sleeping_queue_flush
    am_hal_itm.o(i.am_hal_itm_disable) refers to am_hal_global.o(.data) for g_ui32HALflags
    am_hal_itm.o(i.am_hal_itm_enable) refers to am_hal_global.o(.data) for g_ui32HALflags
    am_hal_itm.o(i.am_hal_itm_not_busy) refers to am_hal_flash.o(i.am_hal_flash_delay) for am_hal_flash_delay
    am_hal_mcuctrl.o(i.am_hal_mcuctrl_device_info_get) refers to am_hal_mcuctrl.o(.constdata) for .constdata
    am_hal_stimer.o(i.am_hal_stimer_compare_delta_set) refers to am_hal_interrupt.o(.emb_text) for am_hal_interrupt_master_disable
    am_hal_sysctrl.o(i.am_hal_sysctrl_buckA_ctimer_isr) refers to am_hal_flash.o(i.am_hal_flash_delay) for am_hal_flash_delay
    am_hal_sysctrl.o(i.am_hal_sysctrl_buckA_ctimer_isr) refers to am_hal_sysctrl.o(i.setBuckZX) for setBuckZX
    am_hal_sysctrl.o(i.am_hal_sysctrl_buckA_ctimer_isr) refers to am_hal_sysctrl.o(.data) for .data
    am_hal_sysctrl.o(i.am_hal_sysctrl_buckB_ctimer_isr) refers to am_hal_flash.o(i.am_hal_flash_delay) for am_hal_flash_delay
    am_hal_sysctrl.o(i.am_hal_sysctrl_buckB_ctimer_isr) refers to am_hal_sysctrl.o(i.setBuckZX) for setBuckZX
    am_hal_sysctrl.o(i.am_hal_sysctrl_buckB_ctimer_isr) refers to am_hal_sysctrl.o(.data) for .data
    am_hal_sysctrl.o(i.am_hal_sysctrl_buck_ctimer_isr_init) refers to am_hal_sysctrl.o(i.setBuckZX) for setBuckZX
    am_hal_sysctrl.o(i.am_hal_sysctrl_buck_ctimer_isr_init) refers to am_hal_ctimer.o(i.am_hal_ctimer_int_register) for am_hal_ctimer_int_register
    am_hal_sysctrl.o(i.am_hal_sysctrl_buck_ctimer_isr_init) refers to am_hal_ctimer.o(i.am_hal_ctimer_clear) for am_hal_ctimer_clear
    am_hal_sysctrl.o(i.am_hal_sysctrl_buck_ctimer_isr_init) refers to am_hal_ctimer.o(i.am_hal_ctimer_config) for am_hal_ctimer_config
    am_hal_sysctrl.o(i.am_hal_sysctrl_buck_ctimer_isr_init) refers to am_hal_ctimer.o(i.am_hal_ctimer_int_enable) for am_hal_ctimer_int_enable
    am_hal_sysctrl.o(i.am_hal_sysctrl_buck_ctimer_isr_init) refers to am_hal_interrupt.o(i.am_hal_interrupt_enable) for am_hal_interrupt_enable
    am_hal_sysctrl.o(i.am_hal_sysctrl_buck_ctimer_isr_init) refers to am_hal_sysctrl.o(.data) for .data
    am_hal_sysctrl.o(i.am_hal_sysctrl_buck_ctimer_isr_init) refers to am_hal_sysctrl.o(i.am_hal_sysctrl_buckA_ctimer_isr) for am_hal_sysctrl_buckA_ctimer_isr
    am_hal_sysctrl.o(i.am_hal_sysctrl_buck_ctimer_isr_init) refers to am_hal_sysctrl.o(i.am_hal_sysctrl_buckB_ctimer_isr) for am_hal_sysctrl_buckB_ctimer_isr
    am_hal_sysctrl.o(i.am_hal_sysctrl_buck_ctimer_isr_init) refers to am_hal_sysctrl.o(.constdata) for .constdata
    am_hal_sysctrl.o(i.am_hal_sysctrl_buck_update_complete) refers to am_hal_sysctrl.o(.data) for .data
    am_hal_sysctrl.o(i.am_hal_sysctrl_sleep) refers to am_hal_interrupt.o(.emb_text) for am_hal_interrupt_master_disable
    am_hal_sysctrl.o(i.am_hal_sysctrl_sleep) refers to am_hal_ctimer.o(i.am_hal_ctimer_clear) for am_hal_ctimer_clear
    am_hal_sysctrl.o(i.am_hal_sysctrl_sleep) refers to am_hal_ctimer.o(i.am_hal_ctimer_period_set) for am_hal_ctimer_period_set
    am_hal_sysctrl.o(i.am_hal_sysctrl_sleep) refers to am_hal_pwrctrl.o(i.am_hal_pwrctrl_bucks_disable) for am_hal_pwrctrl_bucks_disable
    am_hal_sysctrl.o(i.am_hal_sysctrl_sleep) refers to am_hal_sysctrl.o(i.setBuckZX) for setBuckZX
    am_hal_sysctrl.o(i.am_hal_sysctrl_sleep) refers to am_hal_flash.o(i.am_hal_flash_delay) for am_hal_flash_delay
    am_hal_sysctrl.o(i.am_hal_sysctrl_sleep) refers to am_hal_pwrctrl.o(i.am_hal_pwrctrl_bucks_enable) for am_hal_pwrctrl_bucks_enable
    am_hal_sysctrl.o(i.am_hal_sysctrl_sleep) refers to am_hal_ctimer.o(i.am_hal_ctimer_start) for am_hal_ctimer_start
    am_hal_sysctrl.o(i.am_hal_sysctrl_sleep) refers to am_hal_sysctrl.o(.data) for .data
    am_hal_sysctrl.o(i.setBuckZX) refers to am_hal_sysctrl.o(.data) for .data
    am_hal_gpio.o(i.am_hal_gpio_int_register) refers to am_hal_debug.o(i.am_hal_debug_error) for am_hal_debug_error
    am_hal_gpio.o(i.am_hal_gpio_int_register) refers to am_hal_gpio.o(.bss) for .bss
    am_hal_gpio.o(i.am_hal_gpio_int_service) refers to am_hal_gpio.o(.bss) for .bss
    am_hal_gpio.o(i.am_hal_gpio_pin_config_read) refers to am_hal_debug.o(i.am_hal_debug_error) for am_hal_debug_error
    am_hal_i2c_bit_bang.o(i.am_hal_i2c_bit_bang_init) refers to am_hal_i2c_bit_bang.o(i.i2c_pull_and_wait_scl_hi) for i2c_pull_and_wait_scl_hi
    am_hal_i2c_bit_bang.o(i.am_hal_i2c_bit_bang_init) refers to am_hal_flash.o(i.am_hal_flash_delay) for am_hal_flash_delay
    am_hal_i2c_bit_bang.o(i.am_hal_i2c_bit_bang_init) refers to am_hal_i2c_bit_bang.o(.bss) for .bss
    am_hal_i2c_bit_bang.o(i.am_hal_i2c_bit_bang_receive) refers to am_hal_i2c_bit_bang.o(i.i2c_pull_and_wait_scl_hi) for i2c_pull_and_wait_scl_hi
    am_hal_i2c_bit_bang.o(i.am_hal_i2c_bit_bang_receive) refers to am_hal_flash.o(i.am_hal_flash_delay) for am_hal_flash_delay
    am_hal_i2c_bit_bang.o(i.am_hal_i2c_bit_bang_receive) refers to am_hal_i2c_bit_bang.o(i.i2c_send_byte) for i2c_send_byte
    am_hal_i2c_bit_bang.o(i.am_hal_i2c_bit_bang_receive) refers to am_hal_i2c_bit_bang.o(.bss) for .bss
    am_hal_i2c_bit_bang.o(i.am_hal_i2c_bit_bang_send) refers to am_hal_i2c_bit_bang.o(i.i2c_pull_and_wait_scl_hi) for i2c_pull_and_wait_scl_hi
    am_hal_i2c_bit_bang.o(i.am_hal_i2c_bit_bang_send) refers to am_hal_flash.o(i.am_hal_flash_delay) for am_hal_flash_delay
    am_hal_i2c_bit_bang.o(i.am_hal_i2c_bit_bang_send) refers to am_hal_i2c_bit_bang.o(i.i2c_send_byte) for i2c_send_byte
    am_hal_i2c_bit_bang.o(i.am_hal_i2c_bit_bang_send) refers to am_hal_i2c_bit_bang.o(.bss) for .bss
    am_hal_i2c_bit_bang.o(i.i2c_pull_and_wait_scl_hi) refers to am_hal_flash.o(i.am_hal_flash_delay) for am_hal_flash_delay
    am_hal_i2c_bit_bang.o(i.i2c_pull_and_wait_scl_hi) refers to am_hal_i2c_bit_bang.o(.bss) for .bss
    am_hal_i2c_bit_bang.o(i.i2c_send_byte) refers to am_hal_flash.o(i.am_hal_flash_delay) for am_hal_flash_delay
    am_hal_i2c_bit_bang.o(i.i2c_send_byte) refers to am_hal_i2c_bit_bang.o(i.i2c_pull_and_wait_scl_hi) for i2c_pull_and_wait_scl_hi
    am_hal_i2c_bit_bang.o(i.i2c_send_byte) refers to am_hal_i2c_bit_bang.o(.bss) for .bss
    am_hal_pwrctrl.o(i.am_hal_pwrctrl_bucks_disable) refers to am_hal_flash.o(i.am_hal_flash_delay) for am_hal_flash_delay
    am_hal_pwrctrl.o(i.am_hal_pwrctrl_bucks_init) refers to am_hal_flash.o(i.am_hal_flash_delay) for am_hal_flash_delay
    am_hal_pwrctrl.o(i.am_hal_pwrctrl_periph_disable) refers to am_hal_debug.o(i.am_hal_debug_error) for am_hal_debug_error
    am_hal_pwrctrl.o(i.am_hal_pwrctrl_periph_disable) refers to am_hal_flash.o(i.am_hal_flash_delay) for am_hal_flash_delay
    am_hal_pwrctrl.o(i.am_hal_pwrctrl_periph_enable) refers to am_hal_debug.o(i.am_hal_debug_error) for am_hal_debug_error
    am_hal_pwrctrl.o(i.am_hal_pwrctrl_periph_enable) refers to am_hal_flash.o(i.am_hal_flash_delay) for am_hal_flash_delay
    am_hal_queue.o(i.am_hal_queue_item_add) refers to am_hal_interrupt.o(.emb_text) for am_hal_interrupt_master_disable
    am_hal_queue.o(i.am_hal_queue_item_get) refers to am_hal_interrupt.o(.emb_text) for am_hal_interrupt_master_disable
    am_hal_tpiu.o(i.am_hal_tpiu_enable) refers to am_hal_clkgen.o(i.am_hal_clkgen_sysclk_get) for am_hal_clkgen_sysclk_get
    am_hal_tpiu.o(i.am_hal_tpiu_enable) refers to am_hal_flash.o(i.am_hal_flash_delay) for am_hal_flash_delay
    am_hal_uart.o(i.am_hal_uart_char_receive_buffered) refers to am_hal_queue.o(i.am_hal_queue_item_get) for am_hal_queue_item_get
    am_hal_uart.o(i.am_hal_uart_char_receive_buffered) refers to am_hal_uart.o(.bss) for .bss
    am_hal_uart.o(i.am_hal_uart_char_transmit_buffered) refers to am_hal_queue.o(i.am_hal_queue_item_add) for am_hal_queue_item_add
    am_hal_uart.o(i.am_hal_uart_char_transmit_buffered) refers to am_hal_uart.o(.bss) for .bss
    am_hal_uart.o(i.am_hal_uart_clock_disable) refers to am_hal_clkgen.o(i.am_hal_clkgen_uarten_set) for am_hal_clkgen_uarten_set
    am_hal_uart.o(i.am_hal_uart_clock_enable) refers to am_hal_clkgen.o(i.am_hal_clkgen_uarten_set) for am_hal_clkgen_uarten_set
    am_hal_uart.o(i.am_hal_uart_config) refers to am_hal_clkgen.o(i.am_hal_clkgen_sysclk_get) for am_hal_clkgen_sysclk_get
    am_hal_uart.o(i.am_hal_uart_config) refers to am_hal_debug.o(i.am_hal_debug_error) for am_hal_debug_error
    am_hal_uart.o(i.am_hal_uart_get_status_buffered) refers to am_hal_uart.o(.bss) for .bss
    am_hal_uart.o(i.am_hal_uart_init_buffered) refers to am_hal_queue.o(i.am_hal_queue_init) for am_hal_queue_init
    am_hal_uart.o(i.am_hal_uart_init_buffered) refers to am_hal_uart.o(.bss) for .bss
    am_hal_uart.o(i.am_hal_uart_power_off_save) refers to am_hal_debug.o(i.am_hal_debug_error) for am_hal_debug_error
    am_hal_uart.o(i.am_hal_uart_power_off_save) refers to am_hal_clkgen.o(i.am_hal_clkgen_uarten_set) for am_hal_clkgen_uarten_set
    am_hal_uart.o(i.am_hal_uart_power_off_save) refers to am_hal_pwrctrl.o(i.am_hal_pwrctrl_periph_disable) for am_hal_pwrctrl_periph_disable
    am_hal_uart.o(i.am_hal_uart_power_off_save) refers to am_hal_uart.o(.bss) for .bss
    am_hal_uart.o(i.am_hal_uart_power_on_restore) refers to am_hal_debug.o(i.am_hal_debug_error) for am_hal_debug_error
    am_hal_uart.o(i.am_hal_uart_power_on_restore) refers to am_hal_pwrctrl.o(i.am_hal_pwrctrl_periph_enable) for am_hal_pwrctrl_periph_enable
    am_hal_uart.o(i.am_hal_uart_power_on_restore) refers to am_hal_clkgen.o(i.am_hal_clkgen_uarten_set) for am_hal_clkgen_uarten_set
    am_hal_uart.o(i.am_hal_uart_power_on_restore) refers to am_hal_uart.o(.bss) for .bss
    am_hal_uart.o(i.am_hal_uart_pwrctrl_disable) refers to am_hal_debug.o(i.am_hal_debug_error) for am_hal_debug_error
    am_hal_uart.o(i.am_hal_uart_pwrctrl_disable) refers to am_hal_pwrctrl.o(i.am_hal_pwrctrl_periph_disable) for am_hal_pwrctrl_periph_disable
    am_hal_uart.o(i.am_hal_uart_pwrctrl_enable) refers to am_hal_debug.o(i.am_hal_debug_error) for am_hal_debug_error
    am_hal_uart.o(i.am_hal_uart_pwrctrl_enable) refers to am_hal_pwrctrl.o(i.am_hal_pwrctrl_periph_enable) for am_hal_pwrctrl_periph_enable
    am_hal_uart.o(i.am_hal_uart_service_buffered) refers to am_hal_queue.o(i.am_hal_queue_item_add) for am_hal_queue_item_add
    am_hal_uart.o(i.am_hal_uart_service_buffered) refers to am_hal_queue.o(i.am_hal_queue_item_get) for am_hal_queue_item_get
    am_hal_uart.o(i.am_hal_uart_service_buffered) refers to am_hal_uart.o(.bss) for .bss
    am_hal_uart.o(i.am_hal_uart_service_buffered_timeout_save) refers to am_hal_queue.o(i.am_hal_queue_item_add) for am_hal_queue_item_add
    am_hal_uart.o(i.am_hal_uart_service_buffered_timeout_save) refers to am_hal_queue.o(i.am_hal_queue_item_get) for am_hal_queue_item_get
    am_hal_uart.o(i.am_hal_uart_service_buffered_timeout_save) refers to am_hal_uart.o(.bss) for .bss
    am_hal_uart.o(i.am_hal_uart_string_transmit_buffered) refers to am_hal_queue.o(i.am_hal_queue_item_add) for am_hal_queue_item_add
    am_hal_uart.o(i.am_hal_uart_string_transmit_buffered) refers to am_hal_uart.o(.bss) for .bss
    __main.o(!!!main) refers to __rtentry.o(.ARM.Collect$$rtentry$$00000000) for __rt_entry
    d2f.o(x$fpl$d2f) refers (Special) to usenofp.o(x$fpl$usenofp) for __I$use$fp
    d2f.o(x$fpl$d2f) refers to fretinf.o(x$fpl$fretinf) for __fpl_fretinf
    d2f.o(x$fpl$d2f) refers to dnaninf.o(x$fpl$dnaninf) for __fpl_dnaninf
    daddsub_clz.o(x$fpl$dadd) refers (Special) to usenofp.o(x$fpl$usenofp) for __I$use$fp
    daddsub_clz.o(x$fpl$dadd) refers to daddsub_clz.o(x$fpl$dsub) for _dsub1
    daddsub_clz.o(x$fpl$dadd) refers to dretinf.o(x$fpl$dretinf) for __fpl_dretinf
    daddsub_clz.o(x$fpl$dadd) refers to dnaninf.o(x$fpl$dnaninf) for __fpl_dnaninf
    daddsub_clz.o(x$fpl$drsb) refers (Special) to usenofp.o(x$fpl$usenofp) for __I$use$fp
    daddsub_clz.o(x$fpl$drsb) refers to daddsub_clz.o(x$fpl$dadd) for _dadd1
    daddsub_clz.o(x$fpl$drsb) refers to daddsub_clz.o(x$fpl$dsub) for _dsub1
    daddsub_clz.o(x$fpl$dsub) refers (Special) to usenofp.o(x$fpl$usenofp) for __I$use$fp
    daddsub_clz.o(x$fpl$dsub) refers to daddsub_clz.o(x$fpl$dadd) for _dadd1
    daddsub_clz.o(x$fpl$dsub) refers to dnaninf.o(x$fpl$dnaninf) for __fpl_dnaninf
    dmul.o(x$fpl$dmul) refers (Special) to usenofp.o(x$fpl$usenofp) for __I$use$fp
    dmul.o(x$fpl$dmul) refers to dretinf.o(x$fpl$dretinf) for __fpl_dretinf
    dmul.o(x$fpl$dmul) refers to dnaninf.o(x$fpl$dnaninf) for __fpl_dnaninf
    f2d.o(x$fpl$f2d) refers (Special) to usenofp.o(x$fpl$usenofp) for __I$use$fp
    f2d.o(x$fpl$f2d) refers to fnaninf.o(x$fpl$fnaninf) for __fpl_fnaninf
    f2d.o(x$fpl$f2d) refers to dretinf.o(x$fpl$dretinf) for __fpl_dretinf
    pow.o(i.__hardfp_pow) refers (Special) to usenofp.o(x$fpl$usenofp) for __I$use$fp
    pow.o(i.__hardfp_pow) refers to dunder.o(i.__mathlib_dbl_infnan2) for __mathlib_dbl_infnan2
    pow.o(i.__hardfp_pow) refers to _rserrno.o(.text) for __set_errno
    pow.o(i.__hardfp_pow) refers to dunder.o(i.__mathlib_dbl_divzero) for __mathlib_dbl_divzero
    pow.o(i.__hardfp_pow) refers to basic.o(x$fpl$basic) for __aeabi_dneg
    pow.o(i.__hardfp_pow) refers to dunder.o(i.__mathlib_dbl_overflow) for __mathlib_dbl_overflow
    pow.o(i.__hardfp_pow) refers to ddiv.o(x$fpl$ddiv) for __aeabi_ddiv
    pow.o(i.__hardfp_pow) refers to sqrt.o(i.sqrt) for sqrt
    pow.o(i.__hardfp_pow) refers to fabs.o(i.fabs) for fabs
    pow.o(i.__hardfp_pow) refers to dflt_clz.o(x$fpl$dflt) for __aeabi_i2d
    pow.o(i.__hardfp_pow) refers to dunder.o(i.__mathlib_dbl_invalid) for __mathlib_dbl_invalid
    pow.o(i.__hardfp_pow) refers to dmul.o(x$fpl$dmul) for __aeabi_dmul
    pow.o(i.__hardfp_pow) refers to dunder.o(i.__mathlib_dbl_underflow) for __mathlib_dbl_underflow
    pow.o(i.__hardfp_pow) refers to daddsub_clz.o(x$fpl$dsub) for __aeabi_dsub
    pow.o(i.__hardfp_pow) refers to daddsub_clz.o(x$fpl$drsb) for __aeabi_drsub
    pow.o(i.__hardfp_pow) refers to qnan.o(.constdata) for __mathlib_zero
    pow.o(i.__hardfp_pow) refers to daddsub_clz.o(x$fpl$dadd) for __aeabi_dadd
    pow.o(i.__hardfp_pow) refers to poly.o(i.__kernel_poly) for __kernel_poly
    pow.o(i.__hardfp_pow) refers to pow.o(.constdata) for .constdata
    pow.o(i.__hardfp_pow) refers to drleqf.o(x$fpl$drleqf) for __aeabi_cdrcmple
    pow.o(i.__hardfp_pow) refers to scalbn.o(x$fpl$scalbn) for __ARM_scalbn
    pow.o(i.__hardfp_pow) refers to fpclassify.o(i.__ARM_fpclassify) for __ARM_fpclassify
    pow.o(i.__softfp_pow) refers (Special) to usenofp.o(x$fpl$usenofp) for __I$use$fp
    pow.o(i.__softfp_pow) refers to pow.o(i.__hardfp_pow) for __hardfp_pow
    pow.o(i.pow) refers (Special) to usenofp.o(x$fpl$usenofp) for __I$use$fp
    pow.o(i.pow) refers to pow.o(i.__hardfp_pow) for __hardfp_pow
    pow.o(.constdata) refers (Special) to usenofp.o(x$fpl$usenofp) for __I$use$fp
    pow_x.o(i.____hardfp_pow$lsc) refers (Special) to usenofp.o(x$fpl$usenofp) for __I$use$fp
    pow_x.o(i.____hardfp_pow$lsc) refers to dunder.o(i.__mathlib_dbl_infnan2) for __mathlib_dbl_infnan2
    pow_x.o(i.____hardfp_pow$lsc) refers to _rserrno.o(.text) for __set_errno
    pow_x.o(i.____hardfp_pow$lsc) refers to basic.o(x$fpl$basic) for __aeabi_dneg
    pow_x.o(i.____hardfp_pow$lsc) refers to ddiv.o(x$fpl$ddiv) for __aeabi_ddiv
    pow_x.o(i.____hardfp_pow$lsc) refers to sqrt.o(i.sqrt) for sqrt
    pow_x.o(i.____hardfp_pow$lsc) refers to fabs.o(i.fabs) for fabs
    pow_x.o(i.____hardfp_pow$lsc) refers to dflt_clz.o(x$fpl$dflt) for __aeabi_i2d
    pow_x.o(i.____hardfp_pow$lsc) refers to dmul.o(x$fpl$dmul) for __aeabi_dmul
    pow_x.o(i.____hardfp_pow$lsc) refers to daddsub_clz.o(x$fpl$dsub) for __aeabi_dsub
    pow_x.o(i.____hardfp_pow$lsc) refers to daddsub_clz.o(x$fpl$drsb) for __aeabi_drsub
    pow_x.o(i.____hardfp_pow$lsc) refers to qnan.o(.constdata) for __mathlib_zero
    pow_x.o(i.____hardfp_pow$lsc) refers to daddsub_clz.o(x$fpl$dadd) for __aeabi_dadd
    pow_x.o(i.____hardfp_pow$lsc) refers to poly.o(i.__kernel_poly) for __kernel_poly
    pow_x.o(i.____hardfp_pow$lsc) refers to pow_x.o(.constdata) for .constdata
    pow_x.o(i.____hardfp_pow$lsc) refers to drleqf.o(x$fpl$drleqf) for __aeabi_cdrcmple
    pow_x.o(i.____hardfp_pow$lsc) refers to scalbn.o(x$fpl$scalbn) for __ARM_scalbn
    pow_x.o(i.____softfp_pow$lsc) refers (Special) to usenofp.o(x$fpl$usenofp) for __I$use$fp
    pow_x.o(i.____softfp_pow$lsc) refers to pow_x.o(i.____hardfp_pow$lsc) for ____hardfp_pow$lsc
    pow_x.o(i.__pow$lsc) refers (Special) to usenofp.o(x$fpl$usenofp) for __I$use$fp
    pow_x.o(i.__pow$lsc) refers to pow_x.o(i.____hardfp_pow$lsc) for ____hardfp_pow$lsc
    pow_x.o(.constdata) refers (Special) to usenofp.o(x$fpl$usenofp) for __I$use$fp
    __rtentry.o(.ARM.Collect$$rtentry$$00000000) refers (Special) to __rtentry2.o(.ARM.Collect$$rtentry$$0000000A) for __rt_entry_li
    __rtentry.o(.ARM.Collect$$rtentry$$00000000) refers (Special) to __rtentry2.o(.ARM.Collect$$rtentry$$0000000D) for __rt_entry_main
    __rtentry.o(.ARM.Collect$$rtentry$$00000000) refers (Special) to __rtentry2.o(.ARM.Collect$$rtentry$$0000000C) for __rt_entry_postli_1
    __rtentry.o(.ARM.Collect$$rtentry$$00000000) refers (Special) to __rtentry2.o(.ARM.Collect$$rtentry$$00000009) for __rt_entry_postsh_1
    __rtentry.o(.ARM.Collect$$rtentry$$00000000) refers (Special) to __rtentry2.o(.ARM.Collect$$rtentry$$00000002) for __rt_entry_presh_1
    __rtentry.o(.ARM.Collect$$rtentry$$00000000) refers (Special) to __rtentry4.o(.ARM.Collect$$rtentry$$00000004) for __rt_entry_sh
    _rserrno.o(.text) refers to rt_errno_addr_intlibspace.o(.text) for __aeabi_errno_addr
    basic.o(x$fpl$basic) refers (Special) to usenofp.o(x$fpl$usenofp) for __I$use$fp
    ddiv.o(x$fpl$drdiv) refers (Special) to usenofp.o(x$fpl$usenofp) for __I$use$fp
    ddiv.o(x$fpl$drdiv) refers to ddiv.o(x$fpl$ddiv) for ddiv_entry
    ddiv.o(x$fpl$ddiv) refers (Special) to usenofp.o(x$fpl$usenofp) for __I$use$fp
    ddiv.o(x$fpl$ddiv) refers to dretinf.o(x$fpl$dretinf) for __fpl_dretinf
    ddiv.o(x$fpl$ddiv) refers to dnaninf.o(x$fpl$dnaninf) for __fpl_dnaninf
    dflt_clz.o(x$fpl$dfltu) refers (Special) to usenofp.o(x$fpl$usenofp) for __I$use$fp
    dflt_clz.o(x$fpl$dflt) refers (Special) to usenofp.o(x$fpl$usenofp) for __I$use$fp
    dflt_clz.o(x$fpl$dfltn) refers (Special) to usenofp.o(x$fpl$usenofp) for __I$use$fp
    dnaninf.o(x$fpl$dnaninf) refers (Special) to usenofp.o(x$fpl$usenofp) for __I$use$fp
    dretinf.o(x$fpl$dretinf) refers (Special) to usenofp.o(x$fpl$usenofp) for __I$use$fp
    drleqf.o(x$fpl$drleqf) refers (Special) to usenofp.o(x$fpl$usenofp) for __I$use$fp
    drleqf.o(x$fpl$drleqf) refers to dleqf.o(x$fpl$dleqf) for __fpl_dcmple_InfNaN
    fnaninf.o(x$fpl$fnaninf) refers (Special) to usenofp.o(x$fpl$usenofp) for __I$use$fp
    fretinf.o(x$fpl$fretinf) refers (Special) to usenofp.o(x$fpl$usenofp) for __I$use$fp
    scalbn.o(x$fpl$scalbn) refers (Special) to usenofp.o(x$fpl$usenofp) for __I$use$fp
    scalbn.o(x$fpl$scalbn) refers to dcheck1.o(x$fpl$dcheck1) for __fpl_dcheck_NaN1
    dunder.o(i.__mathlib_dbl_divzero) refers to ddiv.o(x$fpl$ddiv) for __aeabi_ddiv
    dunder.o(i.__mathlib_dbl_infnan) refers to daddsub_clz.o(x$fpl$dadd) for __aeabi_dadd
    dunder.o(i.__mathlib_dbl_infnan2) refers to daddsub_clz.o(x$fpl$dadd) for __aeabi_dadd
    dunder.o(i.__mathlib_dbl_invalid) refers to ddiv.o(x$fpl$ddiv) for __aeabi_ddiv
    dunder.o(i.__mathlib_dbl_overflow) refers to dmul.o(x$fpl$dmul) for __aeabi_dmul
    dunder.o(i.__mathlib_dbl_posinfnan) refers to dmul.o(x$fpl$dmul) for __aeabi_dmul
    dunder.o(i.__mathlib_dbl_underflow) refers to dmul.o(x$fpl$dmul) for __aeabi_dmul
    fabs.o(i.__hardfp_fabs) refers (Special) to usenofp.o(x$fpl$usenofp) for __I$use$fp
    fabs.o(i.__softfp_fabs) refers (Special) to usenofp.o(x$fpl$usenofp) for __I$use$fp
    fabs.o(i.fabs) refers (Special) to usenofp.o(x$fpl$usenofp) for __I$use$fp
    fpclassify.o(i.__ARM_fpclassify) refers (Special) to usenofp.o(x$fpl$usenofp) for __I$use$fp
    poly.o(i.__kernel_poly) refers (Special) to usenofp.o(x$fpl$usenofp) for __I$use$fp
    poly.o(i.__kernel_poly) refers to dmul.o(x$fpl$dmul) for __aeabi_dmul
    poly.o(i.__kernel_poly) refers to daddsub_clz.o(x$fpl$dadd) for __aeabi_dadd
    qnan.o(.constdata) refers (Special) to usenofp.o(x$fpl$usenofp) for __I$use$fp
    sqrt.o(i.__hardfp_sqrt) refers (Special) to usenofp.o(x$fpl$usenofp) for __I$use$fp
    sqrt.o(i.__hardfp_sqrt) refers to dsqrt_umaal.o(x$fpl$dsqrt) for _dsqrt
    sqrt.o(i.__hardfp_sqrt) refers to _rserrno.o(.text) for __set_errno
    sqrt.o(i.__softfp_sqrt) refers (Special) to usenofp.o(x$fpl$usenofp) for __I$use$fp
    sqrt.o(i.__softfp_sqrt) refers to dsqrt_umaal.o(x$fpl$dsqrt) for _dsqrt
    sqrt.o(i.__softfp_sqrt) refers to _rserrno.o(.text) for __set_errno
    sqrt.o(i.sqrt) refers (Special) to usenofp.o(x$fpl$usenofp) for __I$use$fp
    sqrt.o(i.sqrt) refers to dsqrt_umaal.o(x$fpl$dsqrt) for _dsqrt
    sqrt.o(i.sqrt) refers to _rserrno.o(.text) for __set_errno
    sqrt_x.o(i.____hardfp_sqrt$lsc) refers (Special) to usenofp.o(x$fpl$usenofp) for __I$use$fp
    sqrt_x.o(i.____hardfp_sqrt$lsc) refers to dleqf.o(x$fpl$dleqf) for __aeabi_cdcmple
    sqrt_x.o(i.____hardfp_sqrt$lsc) refers to _rserrno.o(.text) for __set_errno
    sqrt_x.o(i.____hardfp_sqrt$lsc) refers to dsqrt_umaal.o(x$fpl$dsqrt) for _dsqrt
    sqrt_x.o(i.____softfp_sqrt$lsc) refers (Special) to usenofp.o(x$fpl$usenofp) for __I$use$fp
    sqrt_x.o(i.____softfp_sqrt$lsc) refers to dleqf.o(x$fpl$dleqf) for __aeabi_cdcmple
    sqrt_x.o(i.____softfp_sqrt$lsc) refers to _rserrno.o(.text) for __set_errno
    sqrt_x.o(i.____softfp_sqrt$lsc) refers to dsqrt_umaal.o(x$fpl$dsqrt) for _dsqrt
    sqrt_x.o(i.__sqrt$lsc) refers (Special) to usenofp.o(x$fpl$usenofp) for __I$use$fp
    sqrt_x.o(i.__sqrt$lsc) refers to dleqf.o(x$fpl$dleqf) for __aeabi_cdcmple
    sqrt_x.o(i.__sqrt$lsc) refers to _rserrno.o(.text) for __set_errno
    sqrt_x.o(i.__sqrt$lsc) refers to dsqrt_umaal.o(x$fpl$dsqrt) for _dsqrt
    __rtentry2.o(.ARM.Collect$$rtentry$$00000008) refers to boardinit2.o(.text) for _platform_post_stackheap_init
    __rtentry2.o(.ARM.Collect$$rtentry$$0000000A) refers to libinit.o(.ARM.Collect$$libinit$$00000000) for __rt_lib_init
    __rtentry2.o(.ARM.Collect$$rtentry$$0000000B) refers to boardinit3.o(.text) for _platform_post_lib_init
    __rtentry2.o(.ARM.Collect$$rtentry$$0000000D) refers to i2c_loopback.o(i.main) for main
    __rtentry2.o(.ARM.Collect$$rtentry$$0000000D) refers to pwm_stuff.o(i.main) for main
    __rtentry2.o(.ARM.Collect$$rtentry$$0000000D) refers to exit.o(.text) for exit
    __rtentry2.o(.ARM.exidx) refers to __rtentry2.o(.ARM.Collect$$rtentry$$00000001) for .ARM.Collect$$rtentry$$00000001
    __rtentry2.o(.ARM.exidx) refers to __rtentry2.o(.ARM.Collect$$rtentry$$00000008) for .ARM.Collect$$rtentry$$00000008
    __rtentry2.o(.ARM.exidx) refers to __rtentry2.o(.ARM.Collect$$rtentry$$0000000A) for .ARM.Collect$$rtentry$$0000000A
    __rtentry2.o(.ARM.exidx) refers to __rtentry2.o(.ARM.Collect$$rtentry$$0000000B) for .ARM.Collect$$rtentry$$0000000B
    __rtentry2.o(.ARM.exidx) refers to __rtentry2.o(.ARM.Collect$$rtentry$$0000000D) for .ARM.Collect$$rtentry$$0000000D
    __rtentry4.o(.ARM.Collect$$rtentry$$00000004) refers to sys_stackheap_outer.o(.text) for __user_setup_stackheap
    __rtentry4.o(.ARM.exidx) refers to __rtentry4.o(.ARM.Collect$$rtentry$$00000004) for .ARM.Collect$$rtentry$$00000004
    rt_errno_addr.o(.text) refers to rt_errno_addr.o(.bss) for __aeabi_errno_addr_data
    rt_errno_addr_intlibspace.o(.text) refers to libspace.o(.bss) for __libspace_start
    dcheck1.o(x$fpl$dcheck1) refers (Special) to usenofp.o(x$fpl$usenofp) for __I$use$fp
    dcheck1.o(x$fpl$dcheck1) refers to retnan.o(x$fpl$retnan) for __fpl_return_NaN
    dleqf.o(x$fpl$dleqf) refers (Special) to usenofp.o(x$fpl$usenofp) for __I$use$fp
    dleqf.o(x$fpl$dleqf) refers to dnaninf.o(x$fpl$dnaninf) for __fpl_dnaninf
    dleqf.o(x$fpl$dleqf) refers to dcmpi.o(x$fpl$dcmpinf) for __fpl_dcmp_Inf
    dsqrt_umaal.o(x$fpl$dsqrt) refers (Special) to usenofp.o(x$fpl$usenofp) for __I$use$fp
    dsqrt_umaal.o(x$fpl$dsqrt) refers to dnaninf.o(x$fpl$dnaninf) for __fpl_dnaninf
    libspace.o(.text) refers to libspace.o(.bss) for __libspace_start
    sys_stackheap_outer.o(.text) refers to libspace.o(.text) for __user_perproc_libspace
    sys_stackheap_outer.o(.text) refers to startup_keil.o(.text) for __user_initial_stackheap
    exit.o(.text) refers to rtexit.o(.ARM.Collect$$rtexit$$00000000) for __rt_exit
    libinit.o(.ARM.Collect$$libinit$$00000000) refers (Special) to libinit2.o(.ARM.Collect$$libinit$$0000002E) for __rt_lib_init_alloca_1
    libinit.o(.ARM.Collect$$libinit$$00000000) refers (Special) to libinit2.o(.ARM.Collect$$libinit$$0000002C) for __rt_lib_init_argv_1
    libinit.o(.ARM.Collect$$libinit$$00000000) refers (Special) to libinit2.o(.ARM.Collect$$libinit$$0000001B) for __rt_lib_init_atexit_1
    libinit.o(.ARM.Collect$$libinit$$00000000) refers (Special) to libinit2.o(.ARM.Collect$$libinit$$00000021) for __rt_lib_init_clock_1
    libinit.o(.ARM.Collect$$libinit$$00000000) refers (Special) to libinit2.o(.ARM.Collect$$libinit$$00000032) for __rt_lib_init_cpp_1
    libinit.o(.ARM.Collect$$libinit$$00000000) refers (Special) to libinit2.o(.ARM.Collect$$libinit$$00000030) for __rt_lib_init_exceptions_1
    libinit.o(.ARM.Collect$$libinit$$00000000) refers (Special) to libinit2.o(.ARM.Collect$$libinit$$00000001) for __rt_lib_init_fp_1
    libinit.o(.ARM.Collect$$libinit$$00000000) refers (Special) to libinit2.o(.ARM.Collect$$libinit$$0000001F) for __rt_lib_init_fp_trap_1
    libinit.o(.ARM.Collect$$libinit$$00000000) refers (Special) to libinit2.o(.ARM.Collect$$libinit$$00000023) for __rt_lib_init_getenv_1
    libinit.o(.ARM.Collect$$libinit$$00000000) refers (Special) to libinit2.o(.ARM.Collect$$libinit$$0000000A) for __rt_lib_init_heap_1
    libinit.o(.ARM.Collect$$libinit$$00000000) refers (Special) to libinit2.o(.ARM.Collect$$libinit$$00000011) for __rt_lib_init_lc_collate_1
    libinit.o(.ARM.Collect$$libinit$$00000000) refers (Special) to libinit2.o(.ARM.Collect$$libinit$$00000013) for __rt_lib_init_lc_ctype_1
    libinit.o(.ARM.Collect$$libinit$$00000000) refers (Special) to libinit2.o(.ARM.Collect$$libinit$$00000015) for __rt_lib_init_lc_monetary_1
    libinit.o(.ARM.Collect$$libinit$$00000000) refers (Special) to libinit2.o(.ARM.Collect$$libinit$$00000017) for __rt_lib_init_lc_numeric_1
    libinit.o(.ARM.Collect$$libinit$$00000000) refers (Special) to libinit2.o(.ARM.Collect$$libinit$$00000019) for __rt_lib_init_lc_time_1
    libinit.o(.ARM.Collect$$libinit$$00000000) refers (Special) to libinit2.o(.ARM.Collect$$libinit$$00000004) for __rt_lib_init_preinit_1
    libinit.o(.ARM.Collect$$libinit$$00000000) refers (Special) to libinit2.o(.ARM.Collect$$libinit$$0000000E) for __rt_lib_init_rand_1
    libinit.o(.ARM.Collect$$libinit$$00000000) refers (Special) to libinit2.o(.ARM.Collect$$libinit$$00000033) for __rt_lib_init_return
    libinit.o(.ARM.Collect$$libinit$$00000000) refers (Special) to libinit2.o(.ARM.Collect$$libinit$$0000001D) for __rt_lib_init_signal_1
    libinit.o(.ARM.Collect$$libinit$$00000000) refers (Special) to libinit2.o(.ARM.Collect$$libinit$$00000025) for __rt_lib_init_stdio_1
    libinit.o(.ARM.Collect$$libinit$$00000000) refers (Special) to libinit2.o(.ARM.Collect$$libinit$$0000000C) for __rt_lib_init_user_alloc_1
    dcmpi.o(x$fpl$dcmpinf) refers (Special) to usenofp.o(x$fpl$usenofp) for __I$use$fp
    retnan.o(x$fpl$retnan) refers (Special) to usenofp.o(x$fpl$usenofp) for __I$use$fp
    retnan.o(x$fpl$retnan) refers to trapv.o(x$fpl$trapveneer) for __fpl_cmpreturn
    rtexit.o(.ARM.Collect$$rtexit$$00000000) refers (Special) to rtexit2.o(.ARM.Collect$$rtexit$$00000004) for __rt_exit_exit
    rtexit.o(.ARM.Collect$$rtexit$$00000000) refers (Special) to rtexit2.o(.ARM.Collect$$rtexit$$00000003) for __rt_exit_ls
    rtexit.o(.ARM.Collect$$rtexit$$00000000) refers (Special) to rtexit2.o(.ARM.Collect$$rtexit$$00000002) for __rt_exit_prels_1
    rtexit.o(.ARM.exidx) refers (Special) to rtexit2.o(.ARM.Collect$$rtexit$$00000004) for __rt_exit_exit
    rtexit.o(.ARM.exidx) refers (Special) to rtexit2.o(.ARM.Collect$$rtexit$$00000003) for __rt_exit_ls
    rtexit.o(.ARM.exidx) refers (Special) to rtexit2.o(.ARM.Collect$$rtexit$$00000002) for __rt_exit_prels_1
    rtexit.o(.ARM.exidx) refers to rtexit.o(.ARM.Collect$$rtexit$$00000000) for .ARM.Collect$$rtexit$$00000000
    libinit2.o(.ARM.Collect$$libinit$$00000001) refers to fpinit.o(x$fpl$fpinit) for _fp_init
    libinit2.o(.ARM.Collect$$libinit$$00000010) refers to libinit2.o(.ARM.Collect$$libinit$$0000000F) for .ARM.Collect$$libinit$$0000000F
    libinit2.o(.ARM.Collect$$libinit$$00000012) refers to libinit2.o(.ARM.Collect$$libinit$$0000000F) for .ARM.Collect$$libinit$$0000000F
    libinit2.o(.ARM.Collect$$libinit$$00000014) refers to libinit2.o(.ARM.Collect$$libinit$$0000000F) for .ARM.Collect$$libinit$$0000000F
    libinit2.o(.ARM.Collect$$libinit$$00000016) refers to libinit2.o(.ARM.Collect$$libinit$$0000000F) for .ARM.Collect$$libinit$$0000000F
    libinit2.o(.ARM.Collect$$libinit$$00000018) refers to libinit2.o(.ARM.Collect$$libinit$$0000000F) for .ARM.Collect$$libinit$$0000000F
    libinit2.o(.ARM.Collect$$libinit$$00000026) refers to argv_veneer.o(.emb_text) for __ARM_argv_veneer
    libinit2.o(.ARM.Collect$$libinit$$00000027) refers to argv_veneer.o(.emb_text) for __ARM_argv_veneer
    trapv.o(x$fpl$trapveneer) refers (Special) to usenofp.o(x$fpl$usenofp) for __I$use$fp
    rtexit2.o(.ARM.Collect$$rtexit$$00000003) refers to libshutdown.o(.ARM.Collect$$libshutdown$$00000000) for __rt_lib_shutdown
    rtexit2.o(.ARM.Collect$$rtexit$$00000004) refers to sys_exit.o(.text) for _sys_exit
    rtexit2.o(.ARM.exidx) refers to rtexit2.o(.ARM.Collect$$rtexit$$00000001) for .ARM.Collect$$rtexit$$00000001
    rtexit2.o(.ARM.exidx) refers to rtexit2.o(.ARM.Collect$$rtexit$$00000003) for .ARM.Collect$$rtexit$$00000003
    rtexit2.o(.ARM.exidx) refers to rtexit2.o(.ARM.Collect$$rtexit$$00000004) for .ARM.Collect$$rtexit$$00000004
    argv_veneer.o(.emb_text) refers to no_argv.o(.text) for __ARM_get_argv
    sys_exit.o(.text) refers (Special) to use_no_semi.o(.text) for __I$use$semihosting
    sys_exit.o(.text) refers (Special) to indicate_semi.o(.text) for __semihosting_library_function
    _get_argv_nomalloc.o(.text) refers (Special) to hrguard.o(.text) for __heap_region$guard
    _get_argv_nomalloc.o(.text) refers to defsig_rtmem_outer.o(.text) for __rt_SIGRTMEM
    _get_argv_nomalloc.o(.text) refers to sys_command.o(.text) for _sys_command_string
    libshutdown.o(.ARM.Collect$$libshutdown$$00000000) refers (Special) to libshutdown2.o(.ARM.Collect$$libshutdown$$00000002) for __rt_lib_shutdown_cpp_1
    libshutdown.o(.ARM.Collect$$libshutdown$$00000000) refers (Special) to libshutdown2.o(.ARM.Collect$$libshutdown$$00000007) for __rt_lib_shutdown_fp_trap_1
    libshutdown.o(.ARM.Collect$$libshutdown$$00000000) refers (Special) to libshutdown2.o(.ARM.Collect$$libshutdown$$0000000F) for __rt_lib_shutdown_heap_1
    libshutdown.o(.ARM.Collect$$libshutdown$$00000000) refers (Special) to libshutdown2.o(.ARM.Collect$$libshutdown$$00000010) for __rt_lib_shutdown_return
    libshutdown.o(.ARM.Collect$$libshutdown$$00000000) refers (Special) to libshutdown2.o(.ARM.Collect$$libshutdown$$0000000A) for __rt_lib_shutdown_signal_1
    libshutdown.o(.ARM.Collect$$libshutdown$$00000000) refers (Special) to libshutdown2.o(.ARM.Collect$$libshutdown$$00000004) for __rt_lib_shutdown_stdio_1
    libshutdown.o(.ARM.Collect$$libshutdown$$00000000) refers (Special) to libshutdown2.o(.ARM.Collect$$libshutdown$$0000000C) for __rt_lib_shutdown_user_alloc_1
    sys_command.o(.text) refers (Special) to use_no_semi.o(.text) for __I$use$semihosting
    sys_command.o(.text) refers (Special) to indicate_semi.o(.text) for __semihosting_library_function
    defsig_rtmem_outer.o(.text) refers to defsig_rtmem_inner.o(.text) for __rt_SIGRTMEM_inner
    defsig_rtmem_outer.o(.text) refers to defsig_exit.o(.text) for __sig_exit
    defsig_rtmem_formal.o(.text) refers to rt_raise.o(.text) for __rt_raise
    rt_raise.o(.text) refers to __raise.o(.text) for __raise
    rt_raise.o(.text) refers to sys_exit.o(.text) for _sys_exit
    defsig_exit.o(.text) refers to sys_exit.o(.text) for _sys_exit
    defsig_rtmem_inner.o(.text) refers to defsig_general.o(.text) for __default_signal_display
    __raise.o(.text) refers to defsig.o(CL$$defsig) for __default_signal_handler
    defsig_general.o(.text) refers to sys_wrch.o(.text) for _ttywrch
    sys_wrch.o(.text) refers (Special) to use_no_semi.o(.text) for __I$use$semihosting
    sys_wrch.o(.text) refers (Special) to indicate_semi.o(.text) for __semihosting_library_function
    defsig.o(CL$$defsig) refers to defsig_rtmem_inner.o(.text) for __rt_SIGRTMEM_inner
    defsig_abrt_inner.o(.text) refers to defsig_general.o(.text) for __default_signal_display
    defsig_fpe_inner.o(.text) refers to defsig_general.o(.text) for __default_signal_display
    defsig_rtred_inner.o(.text) refers to defsig_general.o(.text) for __default_signal_display
    defsig_stak_inner.o(.text) refers to defsig_general.o(.text) for __default_signal_display
    defsig_pvfn_inner.o(.text) refers to defsig_general.o(.text) for __default_signal_display
    defsig_cppl_inner.o(.text) refers to defsig_general.o(.text) for __default_signal_display
    defsig_segv_inner.o(.text) refers to defsig_general.o(.text) for __default_signal_display
    defsig_other.o(.text) refers to defsig_general.o(.text) for __default_signal_display

