Component: ARM Compiler 5.06 update 5 (build 528) Tool: armlink [4d35e2]

==============================================================================

Section Cross References

    i2c_loopback.o(i.am_iomaster0_isr) refers to am_hal_iom.o(i.am_hal_iom_int_status_get) for am_hal_iom_int_status_get
    i2c_loopback.o(i.am_iomaster0_isr) refers to am_hal_iom.o(i.am_hal_iom_int_clear) for am_hal_iom_int_clear
    i2c_loopback.o(i.am_iomaster0_isr) refers to am_hal_iom.o(i.am_hal_iom_queue_service) for am_hal_iom_queue_service
    i2c_loopback.o(i.iom_set_up) refers to am_hal_iom.o(i.am_hal_iom_pwrctrl_enable) for am_hal_iom_pwrctrl_enable
    i2c_loopback.o(i.iom_set_up) refers to am_hal_iom.o(i.am_hal_iom_config) for am_hal_iom_config
    i2c_loopback.o(i.iom_set_up) refers to am_hal_iom.o(i.am_hal_iom_int_enable) for am_hal_iom_int_enable
    i2c_loopback.o(i.iom_set_up) refers to am_hal_interrupt.o(i.am_hal_interrupt_enable) for am_hal_interrupt_enable
    i2c_loopback.o(i.iom_set_up) refers to am_bsp.o(i.am_bsp_iom_enable) for am_bsp_iom_enable
    i2c_loopback.o(i.iom_set_up) refers to i2c_loopback.o(.data) for g_sIOMI2cConfig
    i2c_loopback.o(i.ios_set_up) refers to am_hal_ios.o(i.am_hal_ios_config) for am_hal_ios_config
    i2c_loopback.o(i.ios_set_up) refers to am_hal_ios.o(i.am_hal_ios_access_int_clear) for am_hal_ios_access_int_clear
    i2c_loopback.o(i.ios_set_up) refers to am_hal_ios.o(i.am_hal_ios_int_clear) for am_hal_ios_int_clear
    i2c_loopback.o(i.ios_set_up) refers to am_hal_interrupt.o(i.am_hal_interrupt_enable) for am_hal_interrupt_enable
    i2c_loopback.o(i.ios_set_up) refers to i2c_loopback.o(.data) for g_sIOSI2cConfig
    i2c_loopback.o(i.itm_start) refers to am_util_stdio.o(i.am_util_stdio_printf_init) for am_util_stdio_printf_init
    i2c_loopback.o(i.itm_start) refers to am_hal_itm.o(i.am_hal_itm_enable) for am_hal_itm_enable
    i2c_loopback.o(i.itm_start) refers to am_bsp.o(i.am_bsp_debug_printf_enable) for am_bsp_debug_printf_enable
    i2c_loopback.o(i.itm_start) refers to am_util_stdio.o(i.am_util_stdio_terminal_clear) for am_util_stdio_terminal_clear
    i2c_loopback.o(i.itm_start) refers to am_bsp.o(i.am_bsp_itm_string_print) for am_bsp_itm_string_print
    i2c_loopback.o(i.main) refers to am_hal_clkgen.o(i.am_hal_clkgen_sysclk_select) for am_hal_clkgen_sysclk_select
    i2c_loopback.o(i.main) refers to am_hal_cachectrl.o(i.am_hal_cachectrl_enable) for am_hal_cachectrl_enable
    i2c_loopback.o(i.main) refers to am_bsp.o(i.am_bsp_low_power_init) for am_bsp_low_power_init
    i2c_loopback.o(i.main) refers to i2c_loopback.o(i.itm_start) for itm_start
    i2c_loopback.o(i.main) refers to am_util_stdio.o(i.am_util_stdio_terminal_clear) for am_util_stdio_terminal_clear
    i2c_loopback.o(i.main) refers to am_util_stdio.o(i.am_util_stdio_printf) for am_util_stdio_printf
    i2c_loopback.o(i.main) refers to am_util_delay.o(i.am_util_delay_ms) for am_util_delay_ms
    i2c_loopback.o(i.main) refers to am_hal_interrupt.o(.emb_text) for am_hal_interrupt_master_enable
    i2c_loopback.o(i.main) refers to i2c_loopback.o(i.ios_set_up) for ios_set_up
    i2c_loopback.o(i.main) refers to i2c_loopback.o(i.iom_set_up) for iom_set_up
    i2c_loopback.o(i.main) refers to am_hal_iom.o(i.am_hal_iom_i2c_write) for am_hal_iom_i2c_write
    i2c_loopback.o(i.main) refers to am_hal_ios.o(i.am_hal_ios_lram_read) for am_hal_ios_lram_read
    i2c_loopback.o(i.main) refers to am_hal_iom.o(i.am_hal_iom_queue_init) for am_hal_iom_queue_init
    i2c_loopback.o(i.main) refers to am_hal_sysctrl.o(i.am_hal_sysctrl_sleep) for am_hal_sysctrl_sleep
    i2c_loopback.o(i.main) refers to am_hal_cachectrl.o(.constdata) for am_hal_cachectrl_defaults
    i2c_loopback.o(i.main) refers to i2c_loopback.o(.data) for g_sIOSI2cConfig
    i2c_loopback.o(i.main) refers to i2c_loopback.o(.bss) for g_psQueueMemory
    am_util_delay.o(i.am_util_delay_cycles) refers to am_hal_flash.o(i.am_hal_flash_delay) for am_hal_flash_delay
    am_util_delay.o(i.am_util_delay_ms) refers to am_hal_clkgen.o(i.am_hal_clkgen_sysclk_get) for am_hal_clkgen_sysclk_get
    am_util_delay.o(i.am_util_delay_ms) refers to am_hal_flash.o(i.am_hal_flash_delay) for am_hal_flash_delay
    am_util_delay.o(i.am_util_delay_us) refers to am_hal_clkgen.o(i.am_hal_clkgen_sysclk_get) for am_hal_clkgen_sysclk_get
    am_util_delay.o(i.am_util_delay_us) refers to am_hal_flash.o(i.am_hal_flash_delay) for am_hal_flash_delay
    am_util_stdio.o(i.am_util_stdio_printf) refers to am_util_stdio.o(i.am_util_stdio_vsprintf) for am_util_stdio_vsprintf
    am_util_stdio.o(i.am_util_stdio_printf) refers to am_util_stdio.o(.bss) for g_prfbuf
    am_util_stdio.o(i.am_util_stdio_printf) refers to am_util_stdio.o(.data) for g_pfnCharPrint
    am_util_stdio.o(i.am_util_stdio_printf_init) refers to am_util_stdio.o(.data) for g_pfnCharPrint
    am_util_stdio.o(i.am_util_stdio_sprintf) refers to am_util_stdio.o(i.am_util_stdio_vsprintf) for am_util_stdio_vsprintf
[...]
    Removing am_hal_flash.o(i.am_hal_flash_wipe_flash_enable), (64 bytes).
    Removing am_hal_flash.o(i.am_hal_flash_wipe_flash_enable_check), (100 bytes).
    Removing am_hal_flash.o(i.am_hal_flash_wipe_sram_enable), (64 bytes).
    Removing am_hal_flash.o(i.am_hal_flash_wipe_sram_enable_check), (100 bytes).
    Removing am_hal_flash.o(i.am_hal_flash_write_protect_check), (108 bytes).
    Removing am_hal_flash.o(i.am_hal_flash_write_protect_set), (256 bytes).
    Removing am_hal_flash.o(i.customer_info_signature_set), (164 bytes).
    Removing am_hal_interrupt.o(i.am_hal_interrupt_disable), (76 bytes).
    Removing am_hal_interrupt.o(i.am_hal_interrupt_pend_clear), (34 bytes).
    Removing am_hal_interrupt.o(i.am_hal_interrupt_pend_set), (34 bytes).
    Removing am_hal_interrupt.o(i.am_hal_interrupt_priority_set), (52 bytes).
    Removing am_hal_iom.o(i.am_hal_iom_command_repeat_set), (22 bytes).
    Removing am_hal_iom.o(i.am_hal_iom_disable), (44 bytes).
    Removing am_hal_iom.o(i.am_hal_iom_error_status_get), (16 bytes).
    Removing am_hal_iom.o(i.am_hal_iom_fifo_empty_slots), (44 bytes).
    Removing am_hal_iom.o(i.am_hal_iom_fifo_full_slots), (26 bytes).
    Removing am_hal_iom.o(i.am_hal_iom_frequency_get), (72 bytes).
    Removing am_hal_iom.o(i.am_hal_iom_i2c_read), (320 bytes).
    Removing am_hal_iom.o(i.am_hal_iom_i2c_read_nq), (344 bytes).
    Removing am_hal_iom.o(i.am_hal_iom_int_disable), (30 bytes).
    Removing am_hal_iom.o(i.am_hal_iom_int_enable_get), (24 bytes).
    Removing am_hal_iom.o(i.am_hal_iom_int_set), (22 bytes).
    Removing am_hal_iom.o(i.am_hal_iom_poll_complete), (20 bytes).
    Removing am_hal_iom.o(i.am_hal_iom_power_off_save), (156 bytes).
    Removing am_hal_iom.o(i.am_hal_iom_power_on_restore), (168 bytes).
    Removing am_hal_iom.o(i.am_hal_iom_pwrctrl_disable), (100 bytes).
    Removing am_hal_iom.o(i.am_hal_iom_queue_i2c_read), (164 bytes).
    Removing am_hal_iom.o(i.am_hal_iom_queue_i2c_write), (164 bytes).
    Removing am_hal_iom.o(i.am_hal_iom_queue_length_get), (28 bytes).
    Removing am_hal_iom.o(i.am_hal_iom_queue_spi_read), (164 bytes).
    Removing am_hal_iom.o(i.am_hal_iom_queue_spi_write), (160 bytes).
    Removing am_hal_iom.o(i.am_hal_iom_queue_start_next_msg), (184 bytes).
    Removing am_hal_iom.o(i.am_hal_iom_spi_cmd_run), (120 bytes).
    Removing am_hal_iom.o(i.am_hal_iom_spi_fullduplex), (84 bytes).
    Removing am_hal_iom.o(i.am_hal_iom_spi_fullduplex_nq), (420 bytes).
    Removing am_hal_iom.o(i.am_hal_iom_spi_read), (248 bytes).
    Removing am_hal_iom.o(i.am_hal_iom_spi_read_nq), (388 bytes).
    Removing am_hal_iom.o(i.am_hal_iom_spi_write), (236 bytes).
    Removing am_hal_iom.o(i.am_hal_iom_spi_write_nq), (352 bytes).
    Removing am_hal_iom.o(i.am_hal_iom_status_get), (24 bytes).
    Removing am_hal_iom.o(i.isRevB0), (20 bytes).
    Removing am_hal_ios.o(.emb_text), (28 bytes).
    Removing am_hal_ios.o(i.am_hal_ios_access_int_disable), (18 bytes).
    Removing am_hal_ios.o(i.am_hal_ios_access_int_enable), (16 bytes).
    Removing am_hal_ios.o(i.am_hal_ios_access_int_enable_get), (10 bytes).
    Removing am_hal_ios.o(i.am_hal_ios_access_int_set), (10 bytes).
    Removing am_hal_ios.o(i.am_hal_ios_access_int_status_get), (20 bytes).
    Removing am_hal_ios.o(i.am_hal_ios_disable), (18 bytes).
    Removing am_hal_ios.o(i.am_hal_ios_enable), (18 bytes).
    Removing am_hal_ios.o(i.am_hal_ios_fifo_buffer_init), (108 bytes).
    Removing am_hal_ios.o(i.am_hal_ios_fifo_ptr_set), (52 bytes).
    Removing am_hal_ios.o(i.am_hal_ios_fifo_service), (528 bytes).
    Removing am_hal_ios.o(i.am_hal_ios_fifo_space_left), (52 bytes).
    Removing am_hal_ios.o(i.am_hal_ios_fifo_space_used), (36 bytes).
    Removing am_hal_ios.o(i.am_hal_ios_fifo_write), (388 bytes).
    Removing am_hal_ios.o(i.am_hal_ios_fifo_write_simple), (88 bytes).
    Removing am_hal_ios.o(i.am_hal_ios_host_int_clear), (18 bytes).
    Removing am_hal_ios.o(i.am_hal_ios_host_int_enable_get), (12 bytes).
    Removing am_hal_ios.o(i.am_hal_ios_host_int_get), (14 bytes).
    Removing am_hal_ios.o(i.am_hal_ios_host_int_set), (12 bytes).
    Removing am_hal_ios.o(i.am_hal_ios_int_disable), (18 bytes).
    Removing am_hal_ios.o(i.am_hal_ios_int_enable), (16 bytes).
    Removing am_hal_ios.o(i.am_hal_ios_int_enable_get), (10 bytes).
    Removing am_hal_ios.o(i.am_hal_ios_int_set), (10 bytes).
    Removing am_hal_ios.o(i.am_hal_ios_int_status_get), (20 bytes).
    Removing am_hal_ios.o(i.am_hal_ios_lram_write), (8 bytes).
    Removing am_hal_ios.o(i.am_hal_ios_pwrctrl_disable), (6 bytes).
    Removing am_hal_ios.o(i.am_hal_ios_pwrctrl_enable), (6 bytes).
    Removing am_hal_ios.o(i.am_hal_ios_read_poll_complete), (16 bytes).
    Removing am_hal_ios.o(i.am_hal_ios_update_fifoctr), (32 bytes).
    Removing am_hal_ios.o(i.fifo_write), (76 bytes).
    Removing am_hal_ios.o(i.isRevB2), (20 bytes).
    Removing am_hal_ios.o(i.resync_fifoSize), (56 bytes).
    Removing am_hal_ios.o(.bss), (24 bytes).
    Removing am_hal_ios.o(.constdata), (4 bytes).
    Removing am_hal_ios.o(.conststring), (90 bytes).
    Removing am_hal_itm.o(i.am_hal_itm_disable), (100 bytes).
    Removing am_hal_itm.o(i.am_hal_itm_not_busy), (24 bytes).
    Removing am_hal_itm.o(i.am_hal_itm_print_not_busy), (14 bytes).
    Removing am_hal_itm.o(i.am_hal_itm_stimulus_not_busy), (18 bytes).
    Removing am_hal_itm.o(i.am_hal_itm_stimulus_reg_byte_write), (18 bytes).
    Removing am_hal_itm.o(i.am_hal_itm_stimulus_reg_short_write), (18 bytes).
    Removing am_hal_itm.o(i.am_hal_itm_stimulus_reg_word_write), (18 bytes).
    Removing am_hal_itm.o(i.am_hal_itm_sync_send), (20 bytes).
    Removing am_hal_itm.o(i.am_hal_itm_trace_port_disable), (24 bytes).
    Removing am_hal_itm.o(i.am_hal_itm_trace_port_enable), (24 bytes).
    Removing am_hal_sysctrl.o(i.am_hal_sysctrl_aircr_reset), (16 bytes).
    Removing am_hal_sysctrl.o(i.am_hal_sysctrl_buckA_ctimer_isr), (84 bytes).
    Removing am_hal_sysctrl.o(i.am_hal_sysctrl_buckB_ctimer_isr), (84 bytes).
    Removing am_hal_sysctrl.o(i.am_hal_sysctrl_buck_ctimer_isr_init), (180 bytes).
    Removing am_hal_sysctrl.o(i.am_hal_sysctrl_buck_update_complete), (12 bytes).
    Removing am_hal_sysctrl.o(i.am_hal_sysctrl_fpu_disable), (12 bytes).
    Removing am_hal_sysctrl.o(i.am_hal_sysctrl_fpu_enable), (16 bytes).
    Removing am_hal_sysctrl.o(i.am_hal_sysctrl_fpu_stacking_disable), (16 bytes).
    Removing am_hal_sysctrl.o(i.am_hal_sysctrl_fpu_stacking_enable), (24 bytes).
    Removing am_hal_sysctrl.o(.constdata), (12 bytes).
    Removing am_hal_ctimer.o(.emb_text), (36 bytes).
    Removing am_hal_ctimer.o(i.am_hal_ctimer_adc_trigger_disable), (36 bytes).
    Removing am_hal_ctimer.o(i.am_hal_ctimer_adc_trigger_enable), (36 bytes).
    Removing am_hal_ctimer.o(i.am_hal_ctimer_compare_set), (92 bytes).
    Removing am_hal_ctimer.o(i.am_hal_ctimer_config), (144 bytes).
    Removing am_hal_ctimer.o(i.am_hal_ctimer_config_single), (152 bytes).
    Removing am_hal_ctimer.o(i.am_hal_ctimer_int_clear), (12 bytes).
    Removing am_hal_ctimer.o(i.am_hal_ctimer_int_disable), (40 bytes).
    Removing am_hal_ctimer.o(i.am_hal_ctimer_int_enable), (36 bytes).
    Removing am_hal_ctimer.o(i.am_hal_ctimer_int_enable_get), (12 bytes).
    Removing am_hal_ctimer.o(i.am_hal_ctimer_int_register), (244 bytes).
    Removing am_hal_ctimer.o(i.am_hal_ctimer_int_service), (52 bytes).
    Removing am_hal_ctimer.o(i.am_hal_ctimer_int_set), (12 bytes).
    Removing am_hal_ctimer.o(i.am_hal_ctimer_int_status_get), (48 bytes).
    Removing am_hal_ctimer.o(i.am_hal_ctimer_pin_disable), (44 bytes).
    Removing am_hal_ctimer.o(i.am_hal_ctimer_pin_enable), (40 bytes).
    Removing am_hal_ctimer.o(i.am_hal_ctimer_pin_invert), (48 bytes).
    Removing am_hal_ctimer.o(i.am_hal_ctimer_read), (196 bytes).
    Removing am_hal_ctimer.o(i.am_hal_ctimer_stop), (44 bytes).
    Removing am_hal_ctimer.o(.bss), (64 bytes).
    Removing am_hal_ctimer.o(.constdata), (16 bytes).
    Removing am_hal_gpio.o(i.am_hal_gpio_input_read), (24 bytes).
    Removing am_hal_gpio.o(i.am_hal_gpio_int_clear), (36 bytes).
    Removing am_hal_gpio.o(i.am_hal_gpio_int_disable), (52 bytes).
    Removing am_hal_gpio.o(i.am_hal_gpio_int_enable), (28 bytes).
    Removing am_hal_gpio.o(i.am_hal_gpio_int_enable_get), (24 bytes).
    Removing am_hal_gpio.o(i.am_hal_gpio_int_polarity_bit_get), (40 bytes).
    Removing am_hal_gpio.o(i.am_hal_gpio_int_register), (84 bytes).
    Removing am_hal_gpio.o(i.am_hal_gpio_int_service), (88 bytes).
    Removing am_hal_gpio.o(i.am_hal_gpio_int_set), (16 bytes).
    Removing am_hal_gpio.o(i.am_hal_gpio_int_status_get), (72 bytes).
    Removing am_hal_gpio.o(i.am_hal_gpio_out_enable_bit_get), (36 bytes).
    Removing am_hal_gpio.o(i.am_hal_gpio_out_enable_get), (24 bytes).
    Removing am_hal_gpio.o(i.am_hal_gpio_out_read), (24 bytes).
    Removing am_hal_gpio.o(i.am_hal_gpio_pin_config_read), (144 bytes).
    Removing am_hal_gpio.o(.bss), (256 bytes).
    Removing am_hal_i2c_bit_bang.o(i.am_hal_i2c_bit_bang_init), (528 bytes).
    Removing am_hal_pwrctrl.o(i.am_hal_pwrctrl_periph_disable), (132 bytes).
    Removing am_hal_rtc.o(i.am_hal_rtc_alarm_get), (158 bytes).
    Removing am_hal_rtc.o(i.am_hal_rtc_alarm_interval_set), (52 bytes).
    Removing am_hal_rtc.o(i.am_hal_rtc_alarm_set), (312 bytes).
    Removing am_hal_rtc.o(i.am_hal_rtc_int_clear), (10 bytes).
    Removing am_hal_rtc.o(i.am_hal_rtc_int_disable), (18 bytes).
    Removing am_hal_rtc.o(i.am_hal_rtc_int_enable), (16 bytes).
    Removing am_hal_rtc.o(i.am_hal_rtc_int_enable_get), (10 bytes).
    Removing am_hal_rtc.o(i.am_hal_rtc_int_set), (10 bytes).
    Removing am_hal_rtc.o(i.am_hal_rtc_int_status_get), (24 bytes).
    Removing am_hal_rtc.o(i.am_hal_rtc_osc_enable), (14 bytes).
    Removing am_hal_rtc.o(i.am_hal_rtc_time_12hour), (14 bytes).
    Removing am_hal_rtc.o(i.am_hal_rtc_time_get), (198 bytes).
    Removing am_hal_rtc.o(i.am_hal_rtc_time_set), (364 bytes).
    Removing am_hal_tpiu.o(i.am_hal_tpiu_clock_disable), (20 bytes).
    Removing am_hal_tpiu.o(i.am_hal_tpiu_clock_enable), (20 bytes).
    Removing am_hal_tpiu.o(i.am_hal_tpiu_configure), (48 bytes).
    Removing am_hal_tpiu.o(i.am_hal_tpiu_disable), (16 bytes).
    Removing am_hal_tpiu.o(i.am_hal_tpiu_port_width_get), (40 bytes).
    Removing am_hal_tpiu.o(i.am_hal_tpiu_port_width_set), (20 bytes).
    Removing am_hal_tpiu.o(i.am_hal_tpiu_supported_port_width_get), (56 bytes).
    Removing am_hal_uart.o(i.am_hal_uart_char_receive_buffered), (60 bytes).
    Removing am_hal_uart.o(i.am_hal_uart_char_receive_polled), (24 bytes).
    Removing am_hal_uart.o(i.am_hal_uart_char_transmit_buffered), (64 bytes).
    Removing am_hal_uart.o(i.am_hal_uart_char_transmit_polled), (22 bytes).
    Removing am_hal_uart.o(i.am_hal_uart_clock_disable), (24 bytes).
    Removing am_hal_uart.o(i.am_hal_uart_clock_enable), (38 bytes).
    Removing am_hal_uart.o(i.am_hal_uart_config), (172 bytes).
    Removing am_hal_uart.o(i.am_hal_uart_disable), (42 bytes).
    Removing am_hal_uart.o(i.am_hal_uart_enable), (40 bytes).
    Removing am_hal_uart.o(i.am_hal_uart_fifo_config), (22 bytes).
    Removing am_hal_uart.o(i.am_hal_uart_flags_get), (14 bytes).
    Removing am_hal_uart.o(i.am_hal_uart_get_status_buffered), (44 bytes).
    Removing am_hal_uart.o(i.am_hal_uart_init_buffered), (76 bytes).
    Removing am_hal_uart.o(i.am_hal_uart_int_clear), (14 bytes).
    Removing am_hal_uart.o(i.am_hal_uart_int_disable), (20 bytes).
    Removing am_hal_uart.o(i.am_hal_uart_int_enable), (18 bytes).
    Removing am_hal_uart.o(i.am_hal_uart_int_enable_get), (14 bytes).
    Removing am_hal_uart.o(i.am_hal_uart_int_status_get), (20 bytes).
    Removing am_hal_uart.o(i.am_hal_uart_line_receive_polled), (74 bytes).
    Removing am_hal_uart.o(i.am_hal_uart_power_off_save), (192 bytes).
    Removing am_hal_uart.o(i.am_hal_uart_power_on_restore), (184 bytes).
    Removing am_hal_uart.o(i.am_hal_uart_pwrctrl_disable), (104 bytes).
    Removing am_hal_uart.o(i.am_hal_uart_pwrctrl_enable), (104 bytes).
    Removing am_hal_uart.o(i.am_hal_uart_service_buffered), (144 bytes).
    Removing am_hal_uart.o(i.am_hal_uart_service_buffered_timeout_save), (212 bytes).
    Removing am_hal_uart.o(i.am_hal_uart_status_get), (14 bytes).
    Removing am_hal_uart.o(i.am_hal_uart_string_transmit_buffered), (76 bytes).
    Removing am_hal_uart.o(i.am_hal_uart_string_transmit_polled), (40 bytes).
    Removing am_hal_uart.o(.bss), (168 bytes).
    Removing am_hal_vcomp.o(i.am_hal_vcomp_config), (20 bytes).
    Removing am_hal_vcomp.o(i.am_hal_vcomp_dac_level_set), (24 bytes).
    Removing am_hal_vcomp.o(i.am_hal_vcomp_enable), (12 bytes).
    Removing am_hal_vcomp.o(i.am_hal_vcomp_int_clear), (12 bytes).
    Removing am_hal_vcomp.o(i.am_hal_vcomp_int_disable), (20 bytes).
    Removing am_hal_vcomp.o(i.am_hal_vcomp_int_enable), (20 bytes).
    Removing am_hal_vcomp.o(i.am_hal_vcomp_int_enable_get), (12 bytes).
    Removing am_hal_vcomp.o(i.am_hal_vcomp_int_set), (12 bytes).
    Removing am_hal_vcomp.o(i.am_hal_vcomp_int_status_get), (24 bytes).
    Removing am_hal_vcomp.o(i.am_hal_vcomp_read), (16 bytes).

255 unused section(s) (total 21810 bytes) removed from the image.

==============================================================================

Image Symbol Table

    Local Symbols

    Symbol Name                              Value     Ov Type        Size  Object(Section)

    RESET                                    0x00000000   Section      232  startup_keil.o(RESET)
    ../../../../../utils/am_util_delay.c     0x00000000   Number         0  am_util_delay.o ABSOLUTE
    ../../../../../utils/am_util_stdio.c     0x00000000   Number         0  am_util_stdio.o ABSOLUTE
    ../am_bsp.c                              0x00000000   Number         0  am_bsp.o ABSOLUTE
    ../am_hal_cachectrl.c                    0x00000000   Number         0  am_hal_cachectrl.o ABSOLUTE
    ../am_hal_clkgen.c                       0x00000000   Number         0  am_hal_clkgen.o ABSOLUTE
    ../am_hal_ctimer.c                       0x00000000   Number         0  am_hal_ctimer.o ABSOLUTE
    ../am_hal_debug.c                        0x00000000   Number         0  am_hal_debug.o ABSOLUTE
    ../am_hal_flash.c                        0x00000000   Number         0  am_hal_flash.o ABSOLUTE
    ../am_hal_global.c                       0x00000000   Number         0  am_hal_global.o ABSOLUTE
    ../am_hal_gpio.c                         0x00000000   Number         0  am_hal_gpio.o ABSOLUTE
    ../am_hal_i2c_bit_bang.c                 0x00000000   Number         0  am_hal_i2c_bit_bang.o ABSOLUTE
    ../am_hal_interrupt.c                    0x00000000   Number         0  am_hal_interrupt.o ABSOLUTE
    ../am_hal_iom.c                          0x00000000   Number         0  am_hal_iom.o ABSOLUTE
    ../am_hal_ios.c                          0x00000000   Number         0  am_hal_ios.o ABSOLUTE
    ../am_hal_itm.c                          0x00000000   Number         0  am_hal_itm.o ABSOLUTE
    ../am_hal_pwrctrl.c                      0x00000000   Number         0  am_hal_pwrctrl.o ABSOLUTE
    ../am_hal_queue.c                        0x00000000   Number         0  am_hal_queue.o ABSOLUTE
    ../am_hal_rtc.c                          0x00000000   Number         0  am_hal_rtc.o ABSOLUTE
    ../am_hal_sysctrl.c                      0x00000000   Number         0  am_hal_sysctrl.o ABSOLUTE
    ../am_hal_tpiu.c                         0x00000000   Number         0  am_hal_tpiu.o ABSOLUTE
    ../am_hal_uart.c                         0x00000000   Number         0  am_hal_uart.o ABSOLUTE
    ../am_hal_vcomp.c                        0x00000000   Number         0  am_hal_vcomp.o ABSOLUTE
    ../clib/angel/boardlib.s                 0x00000000   Number         0  boardinit3.o ABSOLUTE
    ../clib/angel/boardlib.s                 0x00000000   Number         0  boardinit2.o ABSOLUTE
    ../clib/angel/boardlib.s                 0x00000000   Number         0  boardinit1.o ABSOLUTE
    ../clib/angel/boardlib.s                 0x00000000   Number         0  boardshut.o ABSOLUTE
    ../clib/angel/handlers.s                 0x00000000   Number         0  __scatter_copy.o ABSOLUTE
    ../clib/angel/handlers.s                 0x00000000   Number         0  __scatter_zi.o ABSOLUTE
    ../clib/angel/kernel.s                   0x00000000   Number         0  rtexit2.o ABSOLUTE
    ../clib/angel/kernel.s                   0x00000000   Number         0  rtexit.o ABSOLUTE
    ../clib/angel/kernel.s                   0x00000000   Number         0  __rtentry4.o ABSOLUTE
    ../clib/angel/kernel.s                   0x00000000   Number         0  __rtentry2.o ABSOLUTE
    ../clib/angel/kernel.s                   0x00000000   Number         0  __rtentry.o ABSOLUTE
    ../clib/angel/rt.s                       0x00000000   Number         0  rt_raise.o ABSOLUTE
    ../clib/angel/scatter.s                  0x00000000   Number         0  __scatter.o ABSOLUTE
    ../clib/angel/startup.s                  0x00000000   Number         0  __main.o ABSOLUTE
    ../clib/angel/sys.s                      0x00000000   Number         0  libspace.o ABSOLUTE
    ../clib/angel/sys.s                      0x00000000   Number         0  sys_stackheap_outer.o ABSOLUTE
    ../clib/angel/sys.s                      0x00000000   Number         0  indicate_semi.o ABSOLUTE
    ../clib/angel/sys.s                      0x00000000   Number         0  use_no_semi.o ABSOLUTE
    ../clib/angel/sysapp.c                   0x00000000   Number         0  sys_wrch.o ABSOLUTE
    ../clib/angel/sysapp.c                   0x00000000   Number         0  sys_command.o ABSOLUTE
    ../clib/angel/sysapp.c                   0x00000000   Number         0  sys_exit.o ABSOLUTE
    ../clib/armsys.c                         0x00000000   Number         0  argv_veneer.o ABSOLUTE
    ../clib/armsys.c                         0x00000000   Number         0  _get_argv_nomalloc.o ABSOLUTE
    ../clib/armsys.c                         0x00000000   Number         0  argv_veneer.o ABSOLUTE
    ../clib/armsys.c                         0x00000000   Number         0  no_argv.o ABSOLUTE
    ../clib/heapalloc.c                      0x00000000   Number         0  hrguard.o ABSOLUTE
    ../clib/heapaux.c                        0x00000000   Number         0  heapauxi.o ABSOLUTE
    ../clib/libinit.s                        0x00000000   Number         0  libshutdown.o ABSOLUTE
    ../clib/libinit.s                        0x00000000   Number         0  libinit.o ABSOLUTE
    ../clib/libinit.s                        0x00000000   Number         0  libinit2.o ABSOLUTE
    ../clib/libinit.s                        0x00000000   Number         0  libshutdown2.o ABSOLUTE
    ../clib/longlong.s                       0x00000000   Number         0  llshl.o ABSOLUTE
    ../clib/signal.c                         0x00000000   Number         0  defsig_pvfn_inner.o ABSOLUTE
    ../clib/signal.c                         0x00000000   Number         0  defsig_general.o ABSOLUTE
    ../clib/signal.c                         0x00000000   Number         0  defsig_rtmem_outer.o ABSOLUTE
    ../clib/signal.c                         0x00000000   Number         0  defsig_other.o ABSOLUTE
    ../clib/signal.c                         0x00000000   Number         0  defsig_segv_inner.o ABSOLUTE
    ../clib/signal.c                         0x00000000   Number         0  defsig_cppl_inner.o ABSOLUTE
    ../clib/signal.c                         0x00000000   Number         0  defsig_stak_inner.o ABSOLUTE
    ../clib/signal.c                         0x00000000   Number         0  defsig_rtred_inner.o ABSOLUTE
    ../clib/signal.c                         0x00000000   Number         0  defsig_fpe_inner.o ABSOLUTE
    ../clib/signal.c                         0x00000000   Number         0  defsig_rtmem_formal.o ABSOLUTE
    ../clib/signal.c                         0x00000000   Number         0  defsig_abrt_inner.o ABSOLUTE
    ../clib/signal.c                         0x00000000   Number         0  __raise.o ABSOLUTE
    ../clib/signal.c                         0x00000000   Number         0  defsig_exit.o ABSOLUTE
    ../clib/signal.c                         0x00000000   Number         0  defsig_rtmem_inner.o ABSOLUTE
    ../clib/signal.s                         0x00000000   Number         0  defsig.o ABSOLUTE
    ../clib/stdlib.c                         0x00000000   Number         0  exit.o ABSOLUTE
    ../fplib/d2f.s                           0x00000000   Number         0  d2f.o ABSOLUTE
    ../fplib/dnaninf.s                       0x00000000   Number         0  dnaninf.o ABSOLUTE
    ../fplib/fpinit.s                        0x00000000   Number         0  fpinit.o ABSOLUTE
    ../fplib/fretinf.s                       0x00000000   Number         0  fretinf.o ABSOLUTE
    ../fplib/usenofp.s                       0x00000000   Number         0  usenofp.o ABSOLUTE
    ../keil/startup_keil.s                   0x00000000   Number         0  startup_keil.o ABSOLUTE
    ../src/i2c_loopback.c                    0x00000000   Number         0  i2c_loopback.o ABSOLUTE
    ..\am_hal_ctimer.c                       0x00000000   Number         0  am_hal_ctimer.o ABSOLUTE
    ..\am_hal_interrupt.c                    0x00000000   Number         0  am_hal_interrupt.o ABSOLUTE
    ..\am_hal_iom.c                          0x00000000   Number         0  am_hal_iom.o ABSOLUTE
    ..\am_hal_ios.c                          0x00000000   Number         0  am_hal_ios.o ABSOLUTE
    dc.s                                     0x00000000   Number         0  dc.o ABSOLUTE
    $v0                                      0x000000c0   Number         0  startup_keil.o(RESET)
    !!!main                                  0x000000e8   Section        8  __main.o(!!!main)
    !!!scatter                               0x000000f0   Section       52  __scatter.o(!!!scatter)
    !!handler_copy                           0x00000124   Section       26  __scatter_copy.o(!!handler_copy)
    !!handler_zi                             0x00000140   Section       28  __scatter_zi.o(!!handler_zi)
    .ARM.Collect$$libinit$$00000000          0x0000015c   Section        2  libinit.o(.ARM.Collect$$libinit$$00000000)
    .ARM.Collect$$libinit$$00000001          0x0000015e   Section        4  libinit2.o(.ARM.Collect$$libinit$$00000001)
    .ARM.Collect$$libinit$$00000004          0x00000162   Section        0  libinit2.o(.ARM.Collect$$libinit$$00000004)
    .ARM.Collect$$libinit$$0000000A          0x00000162   Section        0  libinit2.o(.ARM.Collect$$libinit$$0000000A)
    .ARM.Collect$$libinit$$0000000C          0x00000162   Section        0  libinit2.o(.ARM.Collect$$libinit$$0000000C)
    .ARM.Collect$$libinit$$0000000E          0x00000162   Section        0  libinit2.o(.ARM.Collect$$libinit$$0000000E)
    .ARM.Collect$$libinit$$00000011          0x00000162   Section        0  libinit2.o(.ARM.Collect$$libinit$$00000011)
    .ARM.Collect$$libinit$$00000013          0x00000162   Section        0  libinit2.o(.ARM.Collect$$libinit$$00000013)
    .ARM.Collect$$libinit$$00000015          0x00000162   Section        0  libinit2.o(.ARM.Collect$$libinit$$00000015)
    .ARM.Collect$$libinit$$00000017          0x00000162   Section        0  libinit2.o(.ARM.Collect$$libinit$$00000017)
    .ARM.Collect$$libinit$$00000019          0x00000162   Section        0  libinit2.o(.ARM.Collect$$libinit$$00000019)
    .ARM.Collect$$libinit$$0000001B          0x00000162   Section        0  libinit2.o(.ARM.Collect$$libinit$$0000001B)
    .ARM.Collect$$libinit$$0000001D          0x00000162   Section        0  libinit2.o(.ARM.Collect$$libinit$$0000001D)
    .ARM.Collect$$libinit$$0000001F          0x00000162   Section        0  libinit2.o(.ARM.Collect$$libinit$$0000001F)
    .ARM.Collect$$libinit$$00000021          0x00000162   Section        0  libinit2.o(.ARM.Collect$$libinit$$00000021)
    .ARM.Collect$$libinit$$00000023          0x00000162   Section        0  libinit2.o(.ARM.Collect$$libinit$$00000023)
    .ARM.Collect$$libinit$$00000025          0x00000162   Section        0  libinit2.o(.ARM.Collect$$libinit$$00000025)
    .ARM.Collect$$libinit$$0000002C          0x00000162   Section        0  libinit2.o(.ARM.Collect$$libinit$$0000002C)
    .ARM.Collect$$libinit$$0000002E          0x00000162   Section        0  libinit2.o(.ARM.Collect$$libinit$$0000002E)
    .ARM.Collect$$libinit$$00000030          0x00000162   Section        0  libinit2.o(.ARM.Collect$$libinit$$00000030)
    .ARM.Collect$$libinit$$00000032          0x00000162   Section        0  libinit2.o(.ARM.Collect$$libinit$$00000032)
    .ARM.Collect$$libinit$$00000033          0x00000162   Section        2  libinit2.o(.ARM.Collect$$libinit$$00000033)
    .ARM.Collect$$libshutdown$$00000000      0x00000164   Section        2  libshutdown.o(.ARM.Collect$$libshutdown$$00000000)
    .ARM.Collect$$libshutdown$$00000002      0x00000166   Section        0  libshutdown2.o(.ARM.Collect$$libshutdown$$00000002)
    .ARM.Collect$$libshutdown$$00000004      0x00000166   Section        0  libshutdown2.o(.ARM.Collect$$libshutdown$$00000004)
    .ARM.Collect$$libshutdown$$00000007      0x00000166   Section        0  libshutdown2.o(.ARM.Collect$$libshutdown$$00000007)
    .ARM.Collect$$libshutdown$$0000000A      0x00000166   Section        0  libshutdown2.o(.ARM.Collect$$libshutdown$$0000000A)
    .ARM.Collect$$libshutdown$$0000000C      0x00000166   Section        0  libshutdown2.o(.ARM.Collect$$libshutdown$$0000000C)
    .ARM.Collect$$libshutdown$$0000000F      0x00000166   Section        0  libshutdown2.o(.ARM.Collect$$libshutdown$$0000000F)
    .ARM.Collect$$libshutdown$$00000010      0x00000166   Section        2  libshutdown2.o(.ARM.Collect$$libshutdown$$00000010)
    .ARM.Collect$$rtentry$$00000000          0x00000168   Section        0  __rtentry.o(.ARM.Collect$$rtentry$$00000000)
    .ARM.Collect$$rtentry$$00000002          0x00000168   Section        0  __rtentry2.o(.ARM.Collect$$rtentry$$00000002)
    .ARM.Collect$$rtentry$$00000004          0x00000168   Section        6  __rtentry4.o(.ARM.Collect$$rtentry$$00000004)
    .ARM.Collect$$rtentry$$00000009          0x0000016e   Section        0  __rtentry2.o(.ARM.Collect$$rtentry$$00000009)
    .ARM.Collect$$rtentry$$0000000A          0x0000016e   Section        4  __rtentry2.o(.ARM.Collect$$rtentry$$0000000A)
    .ARM.Collect$$rtentry$$0000000C          0x00000172   Section        0  __rtentry2.o(.ARM.Collect$$rtentry$$0000000C)
    .ARM.Collect$$rtentry$$0000000D          0x00000172   Section        8  __rtentry2.o(.ARM.Collect$$rtentry$$0000000D)
    .ARM.Collect$$rtexit$$00000000           0x0000017a   Section        2  rtexit.o(.ARM.Collect$$rtexit$$00000000)
    .ARM.Collect$$rtexit$$00000002           0x0000017c   Section        0  rtexit2.o(.ARM.Collect$$rtexit$$00000002)
    .ARM.Collect$$rtexit$$00000003           0x0000017c   Section        4  rtexit2.o(.ARM.Collect$$rtexit$$00000003)
    .ARM.Collect$$rtexit$$00000004           0x00000180   Section        6  rtexit2.o(.ARM.Collect$$rtexit$$00000004)
    .emb_text                                0x00000188   Section       22  am_hal_interrupt.o(.emb_text)
    $v0                                      0x00000188   Number         0  am_hal_interrupt.o(.emb_text)
    .emb_text                                0x000001a0   Section       36  am_hal_iom.o(.emb_text)
    $v0                                      0x000001a0   Number         0  am_hal_iom.o(.emb_text)
    .text                                    0x000001c4   Section       24  startup_keil.o(.text)
    $v0                                      0x000001c4   Number         0  startup_keil.o(.text)
    .text                                    0x000001dc   Section        0  heapauxi.o(.text)
    .text                                    0x000001e2   Section       74  sys_stackheap_outer.o(.text)
    .text                                    0x0000022c   Section        0  exit.o(.text)
    .text                                    0x00000240   Section        8  libspace.o(.text)
    .text                                    0x00000248   Section        0  sys_exit.o(.text)
    .text                                    0x00000254   Section        2  use_no_semi.o(.text)
    .text                                    0x00000256   Section        0  indicate_semi.o(.text)
    i.am_bsp_debug_printf_enable             0x00000258   Section        0  am_bsp.o(i.am_bsp_debug_printf_enable)
    i.am_bsp_iom_enable                      0x000002c8   Section        0  am_bsp.o(i.am_bsp_iom_enable)
    i.am_bsp_itm_string_print                0x000003a4   Section        0  am_bsp.o(i.am_bsp_itm_string_print)
    i.am_bsp_low_power_init                  0x000003a8   Section        0  am_bsp.o(i.am_bsp_low_power_init)
    i.am_hal_cachectrl_enable                0x000003cc   Section        0  am_hal_cachectrl.o(i.am_hal_cachectrl_enable)
    i.am_hal_clkgen_osc_stop                 0x0000049c   Section        0  am_hal_clkgen.o(i.am_hal_clkgen_osc_stop)
    i.am_hal_clkgen_sysclk_get               0x000004b0   Section        0  am_hal_clkgen.o(i.am_hal_clkgen_sysclk_get)
    i.am_hal_clkgen_sysclk_select            0x000004d4   Section        0  am_hal_clkgen.o(i.am_hal_clkgen_sysclk_select)
    i.am_hal_ctimer_clear                    0x00000540   Section        0  am_hal_ctimer.o(i.am_hal_ctimer_clear)
    i.am_hal_ctimer_period_set               0x00000568   Section        0  am_hal_ctimer.o(i.am_hal_ctimer_period_set)
    i.am_hal_ctimer_start                    0x000005e4   Section        0  am_hal_ctimer.o(i.am_hal_ctimer_start)
    i.am_hal_debug_error                     0x00000614   Section        0  am_hal_debug.o(i.am_hal_debug_error)
    i.am_hal_flash_delay                     0x00000618   Section        0  am_hal_flash.o(i.am_hal_flash_delay)
    i.am_hal_flash_delay_status_change       0x00000624   Section        0  am_hal_flash.o(i.am_hal_flash_delay_status_change)
    i.am_hal_i2c_bit_bang_receive            0x0000065c   Section        0  am_hal_i2c_bit_bang.o(i.am_hal_i2c_bit_bang_receive)
    i.am_hal_i2c_bit_bang_send               0x00000838   Section        0  am_hal_i2c_bit_bang.o(i.am_hal_i2c_bit_bang_send)
    i.am_hal_interrupt_enable                0x00000904   Section        0  am_hal_interrupt.o(i.am_hal_interrupt_enable)
    i.am_hal_iom_config                      0x00000950   Section        0  am_hal_iom.o(i.am_hal_iom_config)
    i.am_hal_iom_enable                      0x00000bdc   Section        0  am_hal_iom.o(i.am_hal_iom_enable)
    i.am_hal_iom_fifo_read                   0x00000c04   Section        0  am_hal_iom.o(i.am_hal_iom_fifo_read)
    i.am_hal_iom_fifo_write                  0x00000cdc   Section        0  am_hal_iom.o(i.am_hal_iom_fifo_write)
    i.am_hal_iom_i2c_cmd_run                 0x00000dc4   Section        0  am_hal_iom.o(i.am_hal_iom_i2c_cmd_run)
    i.am_hal_iom_i2c_read_nb                 0x00000f30   Section        0  am_hal_iom.o(i.am_hal_iom_i2c_read_nb)
    i.am_hal_iom_i2c_write                   0x00001024   Section        0  am_hal_iom.o(i.am_hal_iom_i2c_write)
    i.am_hal_iom_i2c_write_nb                0x00001160   Section        0  am_hal_iom.o(i.am_hal_iom_i2c_write_nb)
    i.am_hal_iom_i2c_write_nq                0x00001284   Section        0  am_hal_iom.o(i.am_hal_iom_i2c_write_nq)
    i.am_hal_iom_int_clear                   0x0000140c   Section        0  am_hal_iom.o(i.am_hal_iom_int_clear)
    i.am_hal_iom_int_enable                  0x00001422   Section        0  am_hal_iom.o(i.am_hal_iom_int_enable)
    i.am_hal_iom_int_service                 0x00001440   Section        0  am_hal_iom.o(i.am_hal_iom_int_service)
    i.am_hal_iom_int_status_get              0x000015a8   Section        0  am_hal_iom.o(i.am_hal_iom_int_status_get)
    i.am_hal_iom_pwrctrl_enable              0x000015d0   Section        0  am_hal_iom.o(i.am_hal_iom_pwrctrl_enable)
    i.am_hal_iom_queue_init                  0x00001634   Section        0  am_hal_iom.o(i.am_hal_iom_queue_init)
    i.am_hal_iom_queue_service               0x00001654   Section        0  am_hal_iom.o(i.am_hal_iom_queue_service)
    i.am_hal_iom_sleeping_queue_flush        0x00001728   Section        0  am_hal_iom.o(i.am_hal_iom_sleeping_queue_flush)
    i.am_hal_iom_spi_read_nb                 0x00001780   Section        0  am_hal_iom.o(i.am_hal_iom_spi_read_nb)
    i.am_hal_iom_spi_write_nb                0x000018a4   Section        0  am_hal_iom.o(i.am_hal_iom_spi_write_nb)
    i.am_hal_iom_workaround_word_write       0x000019c0   Section        0  am_hal_iom.o(i.am_hal_iom_workaround_word_write)
    i.am_hal_ios_access_int_clear            0x00001e64   Section        0  am_hal_ios.o(i.am_hal_ios_access_int_clear)
    i.am_hal_ios_config                      0x00001e70   Section        0  am_hal_ios.o(i.am_hal_ios_config)
    i.am_hal_ios_int_clear                   0x00001f00   Section        0  am_hal_ios.o(i.am_hal_ios_int_clear)
    i.am_hal_ios_lram_read                   0x00001f0a   Section        0  am_hal_ios.o(i.am_hal_ios_lram_read)
    i.am_hal_itm_enable                      0x00001f14   Section        0  am_hal_itm.o(i.am_hal_itm_enable)
    i.am_hal_itm_print                       0x00001f6c   Section        0  am_hal_itm.o(i.am_hal_itm_print)
    i.am_hal_pwrctrl_bucks_disable           0x00001f9c   Section        0  am_hal_pwrctrl.o(i.am_hal_pwrctrl_bucks_disable)
    i.am_hal_pwrctrl_bucks_enable            0x00001fe8   Section        0  am_hal_pwrctrl.o(i.am_hal_pwrctrl_bucks_enable)
    i.am_hal_pwrctrl_bucks_init              0x0000201c   Section        0  am_hal_pwrctrl.o(i.am_hal_pwrctrl_bucks_init)
    i.am_hal_pwrctrl_low_power_init          0x0000205c   Section        0  am_hal_pwrctrl.o(i.am_hal_pwrctrl_low_power_init)
    i.am_hal_pwrctrl_memory_enable           0x00002074   Section        0  am_hal_pwrctrl.o(i.am_hal_pwrctrl_memory_enable)
    i.am_hal_pwrctrl_periph_enable           0x000021f4   Section        0  am_hal_pwrctrl.o(i.am_hal_pwrctrl_periph_enable)
    i.am_hal_queue_init                      0x000022b4   Section        0  am_hal_queue.o(i.am_hal_queue_init)
    i.am_hal_queue_item_add                  0x000022ca   Section        0  am_hal_queue.o(i.am_hal_queue_item_add)
    i.am_hal_queue_item_get                  0x00002368   Section        0  am_hal_queue.o(i.am_hal_queue_item_get)
    i.am_hal_rtc_osc_disable                 0x00002400   Section        0  am_hal_rtc.o(i.am_hal_rtc_osc_disable)
    i.am_hal_rtc_osc_select                  0x0000240e   Section        0  am_hal_rtc.o(i.am_hal_rtc_osc_select)
    i.am_hal_sysctrl_sleep                   0x00002424   Section        0  am_hal_sysctrl.o(i.am_hal_sysctrl_sleep)
    i.am_hal_tpiu_enable                     0x00002510   Section        0  am_hal_tpiu.o(i.am_hal_tpiu_enable)
    i.am_hal_vcomp_disable                   0x00002598   Section        0  am_hal_vcomp.o(i.am_hal_vcomp_disable)
    i.am_iomaster0_isr                       0x000025a4   Section        0  i2c_loopback.o(i.am_iomaster0_isr)
    i.am_util_delay_ms                       0x000025c2   Section        0  am_util_delay.o(i.am_util_delay_ms)
    i.am_util_stdio_printf                   0x000025e0   Section        0  am_util_stdio.o(i.am_util_stdio_printf)
    i.am_util_stdio_printf_init              0x00002610   Section        0  am_util_stdio.o(i.am_util_stdio_printf_init)
    i.am_util_stdio_terminal_clear           0x0000261c   Section        0  am_util_stdio.o(i.am_util_stdio_terminal_clear)
    i.am_util_stdio_vsprintf                 0x0000263c   Section        0  am_util_stdio.o(i.am_util_stdio_vsprintf)
    i.decstr_to_int                          0x000029f0   Section        0  am_util_stdio.o(i.decstr_to_int)
    decstr_to_int                            0x000029f1   Thumb Code    66  am_util_stdio.o(i.decstr_to_int)
    i.divu64_10                              0x00002a32   Section        0  am_util_stdio.o(i.divu64_10)
    divu64_10                                0x00002a33   Thumb Code   204  am_util_stdio.o(i.divu64_10)
    i.ftoa                                   0x00002b00   Section        0  am_util_stdio.o(i.ftoa)
    ftoa                                     0x00002b01   Thumb Code   334  am_util_stdio.o(i.ftoa)
    i.i2c_pull_and_wait_scl_hi               0x00002c54   Section        0  am_hal_i2c_bit_bang.o(i.i2c_pull_and_wait_scl_hi)
    i2c_pull_and_wait_scl_hi                 0x00002c55   Thumb Code    54  am_hal_i2c_bit_bang.o(i.i2c_pull_and_wait_scl_hi)
    i.i2c_send_byte                          0x00002c90   Section        0  am_hal_i2c_bit_bang.o(i.i2c_send_byte)
    i2c_send_byte                            0x00002c91   Thumb Code   154  am_hal_i2c_bit_bang.o(i.i2c_send_byte)
    i.internal_iom_get_int_err               0x00002d30   Section        0  am_hal_iom.o(i.internal_iom_get_int_err)
    internal_iom_get_int_err                 0x00002d31   Thumb Code    58  am_hal_iom.o(i.internal_iom_get_int_err)
    i.iom_set_up                             0x00002d6c   Section        0  i2c_loopback.o(i.iom_set_up)
    iom_set_up                               0x00002d6d   Thumb Code   198  i2c_loopback.o(i.iom_set_up)
    i.ios_set_up                             0x00002e3c   Section        0  i2c_loopback.o(i.ios_set_up)
    ios_set_up                               0x00002e3d   Thumb Code   236  i2c_loopback.o(i.ios_set_up)
    i.itm_start                              0x00002f30   Section        0  i2c_loopback.o(i.itm_start)
    i.main                                   0x00002f90   Section        0  i2c_loopback.o(i.main)
    i.ndigits_in_hex                         0x0000312c   Section        0  am_util_stdio.o(i.ndigits_in_hex)
    ndigits_in_hex                           0x0000312d   Thumb Code    52  am_util_stdio.o(i.ndigits_in_hex)
    i.ndigits_in_i64                         0x00003160   Section        0  am_util_stdio.o(i.ndigits_in_i64)
    ndigits_in_i64                           0x00003161   Thumb Code    36  am_util_stdio.o(i.ndigits_in_i64)
    i.ndigits_in_u64                         0x00003184   Section        0  am_util_stdio.o(i.ndigits_in_u64)
    ndigits_in_u64                           0x00003185   Thumb Code    58  am_util_stdio.o(i.ndigits_in_u64)
    i.padbuffer                              0x000031be   Section        0  am_util_stdio.o(i.padbuffer)
    padbuffer                                0x000031bf   Thumb Code    34  am_util_stdio.o(i.padbuffer)
    i.setBuckZX                              0x000031e0   Section        0  am_hal_sysctrl.o(i.setBuckZX)
    setBuckZX                                0x000031e1   Thumb Code   112  am_hal_sysctrl.o(i.setBuckZX)
    i.simple_strlen                          0x00003258   Section        0  am_util_stdio.o(i.simple_strlen)
    simple_strlen                            0x00003259   Thumb Code    24  am_util_stdio.o(i.simple_strlen)
    i.uint64_to_hexstr                       0x00003270   Section        0  am_util_stdio.o(i.uint64_to_hexstr)
    uint64_to_hexstr                         0x00003271   Thumb Code   138  am_util_stdio.o(i.uint64_to_hexstr)
    i.uint64_to_str                          0x000032fa   Section        0  am_util_stdio.o(i.uint64_to_str)
    uint64_to_str                            0x000032fb   Thumb Code   112  am_util_stdio.o(i.uint64_to_str)
    x$fpl$d2f                                0x0000336c   Section       98  d2f.o(x$fpl$d2f)
    $v0                                      0x0000336c   Number         0  d2f.o(x$fpl$d2f)
    x$fpl$dnaninf                            0x000033ce   Section      156  dnaninf.o(x$fpl$dnaninf)
    $v0                                      0x000033ce   Number         0  dnaninf.o(x$fpl$dnaninf)
    x$fpl$fpinit                             0x0000346a   Section       10  fpinit.o(x$fpl$fpinit)
    $v0                                      0x0000346a   Number         0  fpinit.o(x$fpl$fpinit)
    x$fpl$fretinf                            0x00003474   Section       10  fretinf.o(x$fpl$fretinf)
    $v0                                      0x00003474   Number         0  fretinf.o(x$fpl$fretinf)
    .constdata                               0x0000347e   Section       12  am_hal_cachectrl.o(.constdata)
    x$fpl$usenofp                            0x0000347e   Section        0  usenofp.o(x$fpl$usenofp)
    .constdata                               0x0000348a   Section       65  am_hal_iom.o(.constdata)
    .data                                    0x10000000   Section       52  i2c_loopback.o(.data)
    g_sIOMI2cConfig                          0x10000028   Data          12  i2c_loopback.o(.data)
    .data                                    0x10000034   Section        5  am_util_stdio.o(.data)
    g_bTxtXlate                              0x10000038   Data           1  am_util_stdio.o(.data)
    .data                                    0x1000003c   Section        4  am_hal_global.o(.data)
    .data                                    0x10000040   Section       48  am_bsp.o(.data)
    g_SPIpins                                0x10000040   Data          48  am_bsp.o(.data)
    .data                                    0x10000070   Section       80  am_hal_flash.o(.data)
    .data                                    0x100000c0   Section       18  am_hal_iom.o(.data)
    g_iom_error_status                       0x100000cb   Data           7  am_hal_iom.o(.data)
    .data                                    0x100000d4   Section       20  am_hal_ios.o(.data)
    .data                                    0x100000e8   Section       28  am_hal_sysctrl.o(.data)
    g_bBuckRestoreComplete                   0x100000e8   Data           1  am_hal_sysctrl.o(.data)
    g_ui32BuckTimer                          0x100000ec   Data           4  am_hal_sysctrl.o(.data)
    g_ui32BuckInputs                         0x100000f0   Data           4  am_hal_sysctrl.o(.data)
    g_buckZX_chk                             0x100000f4   Data           4  am_hal_sysctrl.o(.data)
    g_ui32SaveCoreBuckZX                     0x100000f8   Data           4  am_hal_sysctrl.o(.data)
    g_ui32SaveMemBuckZX                      0x100000fc   Data           4  am_hal_sysctrl.o(.data)
    g_ui32CoreBuck                           0x10000100   Data           4  am_hal_sysctrl.o(.data)
    .bss                                     0x10000104   Section      912  i2c_loopback.o(.bss)
    .bss                                     0x10000494   Section      256  am_util_stdio.o(.bss)
    g_prfbuf                                 0x10000494   Data         256  am_util_stdio.o(.bss)
    .bss                                     0x10000594   Section      408  am_hal_iom.o(.bss)
    .bss                                     0x1000072c   Section       44  am_hal_i2c_bit_bang.o(.bss)
    am_hal_i2c_bit_bang_priv                 0x1000072c   Data          44  am_hal_i2c_bit_bang.o(.bss)
    .bss                                     0x10000758   Section       96  libspace.o(.bss)
    HEAP                                     0x100007b8   Section        0  startup_keil.o(HEAP)
    STACK                                    0x100007b8   Section     4096  startup_keil.o(STACK)
    HeapMem                                  0x100007b8   Data           0  startup_keil.o(HEAP)
    StackMem                                 0x100007b8   Data           0  startup_keil.o(STACK)

    Global Symbols

    Symbol Name                              Value     Ov Type        Size  Object(Section)

    BuildAttributes$$THM_ISAv4$E$P$D$K$B$S$7EM$VFPi3$EXTD16$VFPS$VFMA$PE$A:L22UL41UL21$X:L11$S22US41US21$IEEE1$IW$USESV6$~STKCKD$USESV7$~SHL$OTIME$ROPI$EBA8$UX$STANDARDLIB$REQ8$EABIv2 0x00000000   Number         0  anon$$obj.o ABSOLUTE
    __ARM_use_no_argv                        0x00000000   Number         0  i2c_loopback.o ABSOLUTE
    __Vectors                                0x00000000   Data           0  startup_keil.o(RESET)
    __ARM_exceptions_init                     - Undefined Weak Reference
    __alloca_initialize                       - Undefined Weak Reference
    __arm_preinit_                            - Undefined Weak Reference
    __cpp_initialize__aeabi_                  - Undefined Weak Reference
    __cxa_finalize                            - Undefined Weak Reference
    __rt_locale                               - Undefined Weak Reference
    __sigvec_lookup                           - Undefined Weak Reference
    _atexit_init                              - Undefined Weak Reference
    _call_atexit_fns                          - Undefined Weak Reference
    _clock_init                               - Undefined Weak Reference
    _fp_trap_init                             - Undefined Weak Reference
    _fp_trap_shutdown                         - Undefined Weak Reference
    _get_lc_collate                           - Undefined Weak Reference
    _get_lc_ctype                             - Undefined Weak Reference
    _get_lc_monetary                          - Undefined Weak Reference
    _get_lc_numeric                           - Undefined Weak Reference
    _get_lc_time                              - Undefined Weak Reference
    _getenv_init                              - Undefined Weak Reference
    _handle_redirection                       - Undefined Weak Reference
    _init_alloc                               - Undefined Weak Reference
    _init_user_alloc                          - Undefined Weak Reference
    _initio                                   - Undefined Weak Reference
    _rand_init                                - Undefined Weak Reference
    _signal_finish                            - Undefined Weak Reference
    _signal_init                              - Undefined Weak Reference
    _terminate_alloc                          - Undefined Weak Reference
    _terminate_user_alloc                     - Undefined Weak Reference
    _terminateio                              - Undefined Weak Reference
    Reset_Handler                            0x000000c1   Thumb Code    28  startup_keil.o(RESET)
    am_nmi_isr                               0x000000dd   Thumb Code     2  startup_keil.o(RESET)
    am_fault_isr                             0x000000df   Thumb Code     2  startup_keil.o(RESET)
    am_memmanage_isr                         0x000000e1   Thumb Code     2  startup_keil.o(RESET)
    am_adc_isr                               0x000000e3   Thumb Code     0  startup_keil.o(RESET)
    am_brownout_isr                          0x000000e3   Thumb Code     0  startup_keil.o(RESET)
    am_clkgen_isr                            0x000000e3   Thumb Code     0  startup_keil.o(RESET)
    am_ctimer_isr                            0x000000e3   Thumb Code     0  startup_keil.o(RESET)
    am_debugmon_isr                          0x000000e3   Thumb Code     0  startup_keil.o(RESET)
    am_flash_isr                             0x000000e3   Thumb Code     0  startup_keil.o(RESET)
    am_gpio_isr                              0x000000e3   Thumb Code     0  startup_keil.o(RESET)
    am_iomaster1_isr                         0x000000e3   Thumb Code     0  startup_keil.o(RESET)
    am_iomaster2_isr                         0x000000e3   Thumb Code     0  startup_keil.o(RESET)
    am_iomaster3_isr                         0x000000e3   Thumb Code     0  startup_keil.o(RESET)
    am_iomaster4_isr                         0x000000e3   Thumb Code     0  startup_keil.o(RESET)
    am_iomaster5_isr                         0x000000e3   Thumb Code     0  startup_keil.o(RESET)
    am_ioslave_acc_isr                       0x000000e3   Thumb Code     0  startup_keil.o(RESET)
    am_ioslave_ios_isr                       0x000000e3   Thumb Code     0  startup_keil.o(RESET)
    am_pdm_isr                               0x000000e3   Thumb Code     0  startup_keil.o(RESET)
    am_pendsv_isr                            0x000000e3   Thumb Code     0  startup_keil.o(RESET)
    am_software0_isr                         0x000000e3   Thumb Code     0  startup_keil.o(RESET)
    am_software1_isr                         0x000000e3   Thumb Code     0  startup_keil.o(RESET)
    am_software2_isr                         0x000000e3   Thumb Code     0  startup_keil.o(RESET)
    am_software3_isr                         0x000000e3   Thumb Code     0  startup_keil.o(RESET)
    am_stimer_cmpr0_isr                      0x000000e3   Thumb Code     0  startup_keil.o(RESET)
    am_stimer_cmpr1_isr                      0x000000e3   Thumb Code     0  startup_keil.o(RESET)
    am_stimer_cmpr2_isr                      0x000000e3   Thumb Code     0  startup_keil.o(RESET)
    am_stimer_cmpr3_isr                      0x000000e3   Thumb Code     0  startup_keil.o(RESET)
    am_stimer_cmpr4_isr                      0x000000e3   Thumb Code     0  startup_keil.o(RESET)
    am_stimer_cmpr5_isr                      0x000000e3   Thumb Code     0  startup_keil.o(RESET)
    am_stimer_cmpr6_isr                      0x000000e3   Thumb Code     0  startup_keil.o(RESET)
    am_stimer_cmpr7_isr                      0x000000e3   Thumb Code     0  startup_keil.o(RESET)
    am_stimer_isr                            0x000000e3   Thumb Code     0  startup_keil.o(RESET)
    am_svcall_isr                            0x000000e3   Thumb Code     0  startup_keil.o(RESET)
    am_systick_isr                           0x000000e3   Thumb Code     0  startup_keil.o(RESET)
    am_uart0_isr                             0x000000e3   Thumb Code     0  startup_keil.o(RESET)
    am_uart1_isr                             0x000000e3   Thumb Code     0  startup_keil.o(RESET)
    am_uart_isr                              0x000000e3   Thumb Code     0  startup_keil.o(RESET)
    am_vcomp_isr                             0x000000e3   Thumb Code     0  startup_keil.o(RESET)
    am_watchdog_isr                          0x000000e3   Thumb Code     0  startup_keil.o(RESET)
    __main                                   0x000000e9   Thumb Code     8  __main.o(!!!main)
    __scatterload                            0x000000f1   Thumb Code     0  __scatter.o(!!!scatter)
    __scatterload_rt2                        0x000000f1   Thumb Code    44  __scatter.o(!!!scatter)
    __scatterload_rt2_thumb_only             0x000000f1   Thumb Code     0  __scatter.o(!!!scatter)
    __scatterload_null                       0x000000ff   Thumb Code     0  __scatter.o(!!!scatter)
    __scatterload_copy                       0x00000125   Thumb Code    26  __scatter_copy.o(!!handler_copy)
    __scatterload_zeroinit                   0x00000141   Thumb Code    28  __scatter_zi.o(!!handler_zi)
    __rt_lib_init                            0x0000015d   Thumb Code     0  libinit.o(.ARM.Collect$$libinit$$00000000)
    __rt_lib_init_fp_1                       0x0000015f   Thumb Code     0  libinit2.o(.ARM.Collect$$libinit$$00000001)
    __rt_lib_init_alloca_1                   0x00000163   Thumb Code     0  libinit2.o(.ARM.Collect$$libinit$$0000002E)
    __rt_lib_init_argv_1                     0x00000163   Thumb Code     0  libinit2.o(.ARM.Collect$$libinit$$0000002C)
    __rt_lib_init_atexit_1                   0x00000163   Thumb Code     0  libinit2.o(.ARM.Collect$$libinit$$0000001B)
    __rt_lib_init_clock_1                    0x00000163   Thumb Code     0  libinit2.o(.ARM.Collect$$libinit$$00000021)
    __rt_lib_init_cpp_1                      0x00000163   Thumb Code     0  libinit2.o(.ARM.Collect$$libinit$$00000032)
    __rt_lib_init_exceptions_1               0x00000163   Thumb Code     0  libinit2.o(.ARM.Collect$$libinit$$00000030)
    __rt_lib_init_fp_trap_1                  0x00000163   Thumb Code     0  libinit2.o(.ARM.Collect$$libinit$$0000001F)
    __rt_lib_init_getenv_1                   0x00000163   Thumb Code     0  libinit2.o(.ARM.Collect$$libinit$$00000023)
    __rt_lib_init_heap_1                     0x00000163   Thumb Code     0  libinit2.o(.ARM.Collect$$libinit$$0000000A)
    __rt_lib_init_lc_collate_1               0x00000163   Thumb Code     0  libinit2.o(.ARM.Collect$$libinit$$00000011)
    __rt_lib_init_lc_ctype_1                 0x00000163   Thumb Code     0  libinit2.o(.ARM.Collect$$libinit$$00000013)
    __rt_lib_init_lc_monetary_1              0x00000163   Thumb Code     0  libinit2.o(.ARM.Collect$$libinit$$00000015)
    __rt_lib_init_lc_numeric_1               0x00000163   Thumb Code     0  libinit2.o(.ARM.Collect$$libinit$$00000017)
    __rt_lib_init_lc_time_1                  0x00000163   Thumb Code     0  libinit2.o(.ARM.Collect$$libinit$$00000019)
    __rt_lib_init_preinit_1                  0x00000163   Thumb Code     0  libinit2.o(.ARM.Collect$$libinit$$00000004)
    __rt_lib_init_rand_1                     0x00000163   Thumb Code     0  libinit2.o(.ARM.Collect$$libinit$$0000000E)
    __rt_lib_init_return                     0x00000163   Thumb Code     0  libinit2.o(.ARM.Collect$$libinit$$00000033)
    __rt_lib_init_signal_1                   0x00000163   Thumb Code     0  libinit2.o(.ARM.Collect$$libinit$$0000001D)
    __rt_lib_init_stdio_1                    0x00000163   Thumb Code     0  libinit2.o(.ARM.Collect$$libinit$$00000025)
    __rt_lib_init_user_alloc_1               0x00000163   Thumb Code     0  libinit2.o(.ARM.Collect$$libinit$$0000000C)
    __rt_lib_shutdown                        0x00000165   Thumb Code     0  libshutdown.o(.ARM.Collect$$libshutdown$$00000000)
    __rt_lib_shutdown_cpp_1                  0x00000167   Thumb Code     0  libshutdown2.o(.ARM.Collect$$libshutdown$$00000002)
    __rt_lib_shutdown_fp_trap_1              0x00000167   Thumb Code     0  libshutdown2.o(.ARM.Collect$$libshutdown$$00000007)
    __rt_lib_shutdown_heap_1                 0x00000167   Thumb Code     0  libshutdown2.o(.ARM.Collect$$libshutdown$$0000000F)
    __rt_lib_shutdown_return                 0x00000167   Thumb Code     0  libshutdown2.o(.ARM.Collect$$libshutdown$$00000010)
    __rt_lib_shutdown_signal_1               0x00000167   Thumb Code     0  libshutdown2.o(.ARM.Collect$$libshutdown$$0000000A)
    __rt_lib_shutdown_stdio_1                0x00000167   Thumb Code     0  libshutdown2.o(.ARM.Collect$$libshutdown$$00000004)
    __rt_lib_shutdown_user_alloc_1           0x00000167   Thumb Code     0  libshutdown2.o(.ARM.Collect$$libshutdown$$0000000C)
    __rt_entry                               0x00000169   Thumb Code     0  __rtentry.o(.ARM.Collect$$rtentry$$00000000)
    __rt_entry_presh_1                       0x00000169   Thumb Code     0  __rtentry2.o(.ARM.Collect$$rtentry$$00000002)
    __rt_entry_sh                            0x00000169   Thumb Code     0  __rtentry4.o(.ARM.Collect$$rtentry$$00000004)
    __rt_entry_li                            0x0000016f   Thumb Code     0  __rtentry2.o(.ARM.Collect$$rtentry$$0000000A)
    __rt_entry_postsh_1                      0x0000016f   Thumb Code     0  __rtentry2.o(.ARM.Collect$$rtentry$$00000009)
    __rt_entry_main                          0x00000173   Thumb Code     0  __rtentry2.o(.ARM.Collect$$rtentry$$0000000D)
    __rt_entry_postli_1                      0x00000173   Thumb Code     0  __rtentry2.o(.ARM.Collect$$rtentry$$0000000C)
    __rt_exit                                0x0000017b   Thumb Code     0  rtexit.o(.ARM.Collect$$rtexit$$00000000)
    __rt_exit_ls                             0x0000017d   Thumb Code     0  rtexit2.o(.ARM.Collect$$rtexit$$00000003)
    __rt_exit_prels_1                        0x0000017d   Thumb Code     0  rtexit2.o(.ARM.Collect$$rtexit$$00000002)
    __rt_exit_exit                           0x00000181   Thumb Code     0  rtexit2.o(.ARM.Collect$$rtexit$$00000004)
    am_hal_interrupt_master_enable           0x00000189   Thumb Code     8  am_hal_interrupt.o(.emb_text)
    am_hal_interrupt_master_disable          0x00000191   Thumb Code     8  am_hal_interrupt.o(.emb_text)
    am_hal_interrupt_master_set              0x00000199   Thumb Code     6  am_hal_interrupt.o(.emb_text)
    __asm___12_am_hal_iom_c_97762dd2__iom_workaround_loop 0x000001a1   Thumb Code    32  am_hal_iom.o(.emb_text)
    __user_initial_stackheap                 0x000001c5   Thumb Code    10  startup_keil.o(.text)
    __use_two_region_memory                  0x000001dd   Thumb Code     2  heapauxi.o(.text)
    __rt_heap_escrow$2region                 0x000001df   Thumb Code     2  heapauxi.o(.text)
    __rt_heap_expand$2region                 0x000001e1   Thumb Code     2  heapauxi.o(.text)
    __user_setup_stackheap                   0x000001e3   Thumb Code    74  sys_stackheap_outer.o(.text)
    exit                                     0x0000022d   Thumb Code    18  exit.o(.text)
    __user_libspace                          0x00000241   Thumb Code     8  libspace.o(.text)
    __user_perproc_libspace                  0x00000241   Thumb Code     0  libspace.o(.text)
    __user_perthread_libspace                0x00000241   Thumb Code     0  libspace.o(.text)
    _sys_exit                                0x00000249   Thumb Code     8  sys_exit.o(.text)
    __I$use$semihosting                      0x00000255   Thumb Code     0  use_no_semi.o(.text)
    __use_no_semihosting_swi                 0x00000255   Thumb Code     2  use_no_semi.o(.text)
    __semihosting_library_function           0x00000257   Thumb Code     0  indicate_semi.o(.text)
    am_bsp_debug_printf_enable               0x00000259   Thumb Code    92  am_bsp.o(i.am_bsp_debug_printf_enable)
    am_bsp_iom_enable                        0x000002c9   Thumb Code   208  am_bsp.o(i.am_bsp_iom_enable)
    am_bsp_itm_string_print                  0x000003a5   Thumb Code     4  am_bsp.o(i.am_bsp_itm_string_print)
    am_bsp_low_power_init                    0x000003a9   Thumb Code    34  am_bsp.o(i.am_bsp_low_power_init)
    am_hal_cachectrl_enable                  0x000003cd   Thumb Code   204  am_hal_cachectrl.o(i.am_hal_cachectrl_enable)
    am_hal_clkgen_osc_stop                   0x0000049d   Thumb Code    20  am_hal_clkgen.o(i.am_hal_clkgen_osc_stop)
    am_hal_clkgen_sysclk_get                 0x000004b1   Thumb Code    28  am_hal_clkgen.o(i.am_hal_clkgen_sysclk_get)
    am_hal_clkgen_sysclk_select              0x000004d5   Thumb Code    32  am_hal_clkgen.o(i.am_hal_clkgen_sysclk_select)
    am_hal_ctimer_clear                      0x00000541   Thumb Code    36  am_hal_ctimer.o(i.am_hal_ctimer_clear)
    am_hal_ctimer_period_set                 0x00000569   Thumb Code   112  am_hal_ctimer.o(i.am_hal_ctimer_period_set)
    am_hal_ctimer_start                      0x000005e5   Thumb Code    42  am_hal_ctimer.o(i.am_hal_ctimer_start)
    am_hal_debug_error                       0x00000615   Thumb Code     2  am_hal_debug.o(i.am_hal_debug_error)
    am_hal_flash_delay                       0x00000619   Thumb Code     6  am_hal_flash.o(i.am_hal_flash_delay)
    am_hal_flash_delay_status_change         0x00000625   Thumb Code    52  am_hal_flash.o(i.am_hal_flash_delay_status_change)
    am_hal_i2c_bit_bang_receive              0x0000065d   Thumb Code   470  am_hal_i2c_bit_bang.o(i.am_hal_i2c_bit_bang_receive)
    am_hal_i2c_bit_bang_send                 0x00000839   Thumb Code   198  am_hal_i2c_bit_bang.o(i.am_hal_i2c_bit_bang_send)
    am_hal_interrupt_enable                  0x00000905   Thumb Code    70  am_hal_interrupt.o(i.am_hal_interrupt_enable)
    am_hal_iom_config                        0x00000951   Thumb Code   622  am_hal_iom.o(i.am_hal_iom_config)
    am_hal_iom_enable                        0x00000bdd   Thumb Code    36  am_hal_iom.o(i.am_hal_iom_enable)
    am_hal_iom_fifo_read                     0x00000c05   Thumb Code   144  am_hal_iom.o(i.am_hal_iom_fifo_read)
    am_hal_iom_fifo_write                    0x00000cdd   Thumb Code   164  am_hal_iom.o(i.am_hal_iom_fifo_write)
    am_hal_iom_i2c_cmd_run                   0x00000dc5   Thumb Code   340  am_hal_iom.o(i.am_hal_iom_i2c_cmd_run)
    am_hal_iom_i2c_read_nb                   0x00000f31   Thumb Code   226  am_hal_iom.o(i.am_hal_iom_i2c_read_nb)
    am_hal_iom_i2c_write                     0x00001025   Thumb Code   296  am_hal_iom.o(i.am_hal_iom_i2c_write)
    am_hal_iom_i2c_write_nb                  0x00001161   Thumb Code   274  am_hal_iom.o(i.am_hal_iom_i2c_write_nb)
    am_hal_iom_i2c_write_nq                  0x00001285   Thumb Code   372  am_hal_iom.o(i.am_hal_iom_i2c_write_nq)
    am_hal_iom_int_clear                     0x0000140d   Thumb Code    22  am_hal_iom.o(i.am_hal_iom_int_clear)
    am_hal_iom_int_enable                    0x00001423   Thumb Code    28  am_hal_iom.o(i.am_hal_iom_int_enable)
    am_hal_iom_int_service                   0x00001441   Thumb Code   352  am_hal_iom.o(i.am_hal_iom_int_service)
    am_hal_iom_int_status_get                0x000015a9   Thumb Code    40  am_hal_iom.o(i.am_hal_iom_int_status_get)
    am_hal_iom_pwrctrl_enable                0x000015d1   Thumb Code    32  am_hal_iom.o(i.am_hal_iom_pwrctrl_enable)
    am_hal_iom_queue_init                    0x00001635   Thumb Code    26  am_hal_iom.o(i.am_hal_iom_queue_init)
    am_hal_iom_queue_service                 0x00001655   Thumb Code   204  am_hal_iom.o(i.am_hal_iom_queue_service)
    am_hal_iom_sleeping_queue_flush          0x00001729   Thumb Code    78  am_hal_iom.o(i.am_hal_iom_sleeping_queue_flush)
    am_hal_iom_spi_read_nb                   0x00001781   Thumb Code   260  am_hal_iom.o(i.am_hal_iom_spi_read_nb)
    am_hal_iom_spi_write_nb                  0x000018a5   Thumb Code   264  am_hal_iom.o(i.am_hal_iom_spi_write_nb)
    am_hal_iom_workaround_word_write         0x000019c1   Thumb Code  1188  am_hal_iom.o(i.am_hal_iom_workaround_word_write)
    am_hal_ios_access_int_clear              0x00001e65   Thumb Code    10  am_hal_ios.o(i.am_hal_ios_access_int_clear)
    am_hal_ios_config                        0x00001e71   Thumb Code   140  am_hal_ios.o(i.am_hal_ios_config)
    am_hal_ios_int_clear                     0x00001f01   Thumb Code    10  am_hal_ios.o(i.am_hal_ios_int_clear)
    am_hal_ios_lram_read                     0x00001f0b   Thumb Code     8  am_hal_ios.o(i.am_hal_ios_lram_read)
    am_hal_itm_enable                        0x00001f15   Thumb Code    56  am_hal_itm.o(i.am_hal_itm_enable)
    am_hal_itm_print                         0x00001f6d   Thumb Code    48  am_hal_itm.o(i.am_hal_itm_print)
    am_hal_pwrctrl_bucks_disable             0x00001f9d   Thumb Code    68  am_hal_pwrctrl.o(i.am_hal_pwrctrl_bucks_disable)
    am_hal_pwrctrl_bucks_enable              0x00001fe9   Thumb Code    46  am_hal_pwrctrl.o(i.am_hal_pwrctrl_bucks_enable)
    am_hal_pwrctrl_bucks_init                0x0000201d   Thumb Code    60  am_hal_pwrctrl.o(i.am_hal_pwrctrl_bucks_init)
    am_hal_pwrctrl_low_power_init            0x0000205d   Thumb Code    20  am_hal_pwrctrl.o(i.am_hal_pwrctrl_low_power_init)
    am_hal_pwrctrl_memory_enable             0x00002075   Thumb Code   372  am_hal_pwrctrl.o(i.am_hal_pwrctrl_memory_enable)
    am_hal_pwrctrl_periph_enable             0x000021f5   Thumb Code   114  am_hal_pwrctrl.o(i.am_hal_pwrctrl_periph_enable)
    am_hal_queue_init                        0x000022b5   Thumb Code    22  am_hal_queue.o(i.am_hal_queue_init)
    am_hal_queue_item_add                    0x000022cb   Thumb Code   158  am_hal_queue.o(i.am_hal_queue_item_add)
    am_hal_queue_item_get                    0x00002369   Thumb Code   152  am_hal_queue.o(i.am_hal_queue_item_get)
    am_hal_rtc_osc_disable                   0x00002401   Thumb Code    14  am_hal_rtc.o(i.am_hal_rtc_osc_disable)
    am_hal_rtc_osc_select                    0x0000240f   Thumb Code    22  am_hal_rtc.o(i.am_hal_rtc_osc_select)
    am_hal_sysctrl_sleep                     0x00002425   Thumb Code   218  am_hal_sysctrl.o(i.am_hal_sysctrl_sleep)
    am_hal_tpiu_enable                       0x00002511   Thumb Code   116  am_hal_tpiu.o(i.am_hal_tpiu_enable)
    am_hal_vcomp_disable                     0x00002599   Thumb Code     8  am_hal_vcomp.o(i.am_hal_vcomp_disable)
    am_iomaster0_isr                         0x000025a5   Thumb Code    30  i2c_loopback.o(i.am_iomaster0_isr)
    am_util_delay_ms                         0x000025c3   Thumb Code    28  am_util_delay.o(i.am_util_delay_ms)
    am_util_stdio_printf                     0x000025e1   Thumb Code    40  am_util_stdio.o(i.am_util_stdio_printf)
    am_util_stdio_printf_init                0x00002611   Thumb Code     6  am_util_stdio.o(i.am_util_stdio_printf_init)
    am_util_stdio_terminal_clear             0x0000261d   Thumb Code    10  am_util_stdio.o(i.am_util_stdio_terminal_clear)
    am_util_stdio_vsprintf                   0x0000263d   Thumb Code   932  am_util_stdio.o(i.am_util_stdio_vsprintf)
    itm_start                                0x00002f31   Thumb Code    82  i2c_loopback.o(i.itm_start)
    main                                     0x00002f91   Thumb Code   232  i2c_loopback.o(i.main)
    __aeabi_d2f                              0x0000336d   Thumb Code     0  d2f.o(x$fpl$d2f)
    _d2f                                     0x0000336d   Thumb Code    98  d2f.o(x$fpl$d2f)
    __fpl_dnaninf                            0x000033cf   Thumb Code   156  dnaninf.o(x$fpl$dnaninf)
    _fp_init                                 0x0000346b   Thumb Code    10  fpinit.o(x$fpl$fpinit)
    __fplib_config_fpu_vfp                   0x00003473   Thumb Code     0  fpinit.o(x$fpl$fpinit)
    __fplib_config_pureend_doubles           0x00003473   Thumb Code     0  fpinit.o(x$fpl$fpinit)
    __fpl_fretinf                            0x00003475   Thumb Code    10  fretinf.o(x$fpl$fretinf)
    __I$use$fp                               0x0000347e   Number         0  usenofp.o(x$fpl$usenofp)
    am_hal_cachectrl_defaults                0x0000347e   Data          12  am_hal_cachectrl.o(.constdata)
    i2c_bb_errmap                            0x0000348a   Data           5  am_hal_iom.o(.constdata)
    g_IOMPads                                0x0000348f   Data          39  am_hal_iom.o(.constdata)
    g_I2CPads                                0x000034b6   Data          21  am_hal_iom.o(.constdata)
    Region$$Table$$Base                      0x000034cc   Number         0  anon$$obj.o(Region$$Table)
    Region$$Table$$Limit                     0x000034ec   Number         0  anon$$obj.o(Region$$Table)
    g_testdata                               0x10000000   Data          16  i2c_loopback.o(.data)
    g_sIOSI2cConfig                          0x10000010   Data          24  i2c_loopback.o(.data)
    g_pfnCharPrint                           0x10000034   Data           4  am_util_stdio.o(.data)
    g_ui32HALflags                           0x1000003c   Data           4  am_hal_global.o(.data)
    g_am_hal_flash                           0x10000070   Data          80  am_hal_flash.o(.data)
    am_hal_iom_queue_flush                   0x100000c0   Data           4  am_hal_iom.o(.data)
    g_bIomBusy                               0x100000c4   Data           7  am_hal_iom.o(.data)
    g_ui32HwFifoSize                         0x100000d4   Data           1  am_hal_ios.o(.data)
    g_pui8FIFOBase                           0x100000d8   Data           4  am_hal_ios.o(.data)
    g_pui8FIFOEnd                            0x100000dc   Data           4  am_hal_ios.o(.data)
    g_pui8FIFOPtr                            0x100000e0   Data           4  am_hal_ios.o(.data)
    g_ui32FifoBaseOffset                     0x100000e4   Data           4  am_hal_ios.o(.data)
    g_psQueueMemory                          0x10000104   Data         896  i2c_loopback.o(.bss)
    g_resultdata                             0x10000484   Data          16  i2c_loopback.o(.bss)
    g_psIOMBuffers                           0x10000594   Data         120  am_hal_iom.o(.bss)
    ui32StatusTimeout                        0x1000060c   Data          24  am_hal_iom.o(.bss)
    g_psIOMQueue                             0x10000624   Data         144  am_hal_iom.o(.bss)
    am_hal_iom_pwrsave                       0x100006b4   Data         120  am_hal_iom.o(.bss)
    __libspace_start                         0x10000758   Data          96  libspace.o(.bss)
    __temporary_stack_top$libspace           0x100007b8   Data           0  libspace.o(.bss)



==============================================================================

Memory Map of the image

  Image Entry point : 0x000000e9

  Load Region LR_1 (Base: 0x00000000, Size: 0x000035f0, Max: 0xffffffff, ABSOLUTE)

    Execution Region FLASH (Exec base: 0x00000000, Load base: 0x00000000, Size: 0x000034ec, Max: 0x00100000, ABSOLUTE)

    Exec Addr    Load Addr    Size         Type   Attr      Idx    E Section Name        Object

    0x00000000   0x00000000   0x000000e8   Code   RO          399    RESET               startup_keil.o
    0x000000e8   0x000000e8   0x00000008   Code   RO         1039  * !!!main             c_w.l(__main.o)
    0x000000f0   0x000000f0   0x00000034   Code   RO         1203    !!!scatter          c_w.l(__scatter.o)
    0x00000124   0x00000124   0x0000001a   Code   RO         1205    !!handler_copy      c_w.l(__scatter_copy.o)
    0x0000013e   0x0000013e   0x00000002   PAD
    0x00000140   0x00000140   0x0000001c   Code   RO         1207    !!handler_zi        c_w.l(__scatter_zi.o)
    0x0000015c   0x0000015c   0x00000002   Code   RO         1073    .ARM.Collect$$libinit$$00000000  c_w.l(libinit.o)
    0x0000015e   0x0000015e   0x00000004   Code   RO         1079    .ARM.Collect$$libinit$$00000001  c_w.l(libinit2.o)
    0x00000162   0x00000162   0x00000000   Code   RO         1082    .ARM.Collect$$libinit$$00000004  c_w.l(libinit2.o)
    0x00000162   0x00000162   0x00000000   Code   RO         1085    .ARM.Collect$$libinit$$0000000A  c_w.l(libinit2.o)
    0x00000162   0x00000162   0x00000000   Code   RO         1087    .ARM.Collect$$libinit$$0000000C  c_w.l(libinit2.o)
    0x00000162   0x00000162   0x00000000   Code   RO         1089    .ARM.Collect$$libinit$$0000000E  c_w.l(libinit2.o)
    0x00000162   0x00000162   0x00000000   Code   RO         1092    .ARM.Collect$$libinit$$00000011  c_w.l(libinit2.o)
    0x00000162   0x00000162   0x00000000   Code   RO         1094    .ARM.Collect$$libinit$$00000013  c_w.l(libinit2.o)
    0x00000162   0x00000162   0x00000000   Code   RO         1096    .ARM.Collect$$libinit$$00000015  c_w.l(libinit2.o)
    0x00000162   0x00000162   0x00000000   Code   RO         1098    .ARM.Collect$$libinit$$00000017  c_w.l(libinit2.o)
    0x00000162   0x00000162   0x00000000   Code   RO         1100    .ARM.Collect$$libinit$$00000019  c_w.l(libinit2.o)
    0x00000162   0x00000162   0x00000000   Code   RO         1102    .ARM.Collect$$libinit$$0000001B  c_w.l(libinit2.o)
    0x00000162   0x00000162   0x00000000   Code   RO         1104    .ARM.Collect$$libinit$$0000001D  c_w.l(libinit2.o)
    0x00000162   0x00000162   0x00000000   Code   RO         1106    .ARM.Collect$$libinit$$0000001F  c_w.l(libinit2.o)
    0x00000162   0x00000162   0x00000000   Code   RO         1108    .ARM.Collect$$libinit$$00000021  c_w.l(libinit2.o)
    0x00000162   0x00000162   0x00000000   Code   RO         1110    .ARM.Collect$$libinit$$00000023  c_w.l(libinit2.o)
    0x00000162   0x00000162   0x00000000   Code   RO         1112    .ARM.Collect$$libinit$$00000025  c_w.l(libinit2.o)
    0x00000162   0x00000162   0x00000000   Code   RO         1116    .ARM.Collect$$libinit$$0000002C  c_w.l(libinit2.o)
    0x00000162   0x00000162   0x00000000   Code   RO         1118    .ARM.Collect$$libinit$$0000002E  c_w.l(libinit2.o)
    0x00000162   0x00000162   0x00000000   Code   RO         1120    .ARM.Collect$$libinit$$00000030  c_w.l(libinit2.o)
    0x00000162   0x00000162   0x00000000   Code   RO         1122    .ARM.Collect$$libinit$$00000032  c_w.l(libinit2.o)
    0x00000162   0x00000162   0x00000002   Code   RO         1123    .ARM.Collect$$libinit$$00000033  c_w.l(libinit2.o)
    0x00000164   0x00000164   0x00000002   Code   RO         1143    .ARM.Collect$$libshutdown$$00000000  c_w.l(libshutdown.o)
    0x00000166   0x00000166   0x00000000   Code   RO         1156    .ARM.Collect$$libshutdown$$00000002  c_w.l(libshutdown2.o)
    0x00000166   0x00000166   0x00000000   Code   RO         1158    .ARM.Collect$$libshutdown$$00000004  c_w.l(libshutdown2.o)
    0x00000166   0x00000166   0x00000000   Code   RO         1161    .ARM.Collect$$libshutdown$$00000007  c_w.l(libshutdown2.o)
    0x00000166   0x00000166   0x00000000   Code   RO         1164    .ARM.Collect$$libshutdown$$0000000A  c_w.l(libshutdown2.o)
    0x00000166   0x00000166   0x00000000   Code   RO         1166    .ARM.Collect$$libshutdown$$0000000C  c_w.l(libshutdown2.o)
    0x00000166   0x00000166   0x00000000   Code   RO         1169    .ARM.Collect$$libshutdown$$0000000F  c_w.l(libshutdown2.o)
    0x00000166   0x00000166   0x00000002   Code   RO         1170    .ARM.Collect$$libshutdown$$00000010  c_w.l(libshutdown2.o)
    0x00000168   0x00000168   0x00000000   Code   RO         1043    .ARM.Collect$$rtentry$$00000000  c_w.l(__rtentry.o)
    0x00000168   0x00000168   0x00000000   Code   RO         1050    .ARM.Collect$$rtentry$$00000002  c_w.l(__rtentry2.o)
    0x00000168   0x00000168   0x00000006   Code   RO         1062    .ARM.Collect$$rtentry$$00000004  c_w.l(__rtentry4.o)
    0x0000016e   0x0000016e   0x00000000   Code   RO         1052    .ARM.Collect$$rtentry$$00000009  c_w.l(__rtentry2.o)
    0x0000016e   0x0000016e   0x00000004   Code   RO         1053    .ARM.Collect$$rtentry$$0000000A  c_w.l(__rtentry2.o)
    0x00000172   0x00000172   0x00000000   Code   RO         1055    .ARM.Collect$$rtentry$$0000000C  c_w.l(__rtentry2.o)
    0x00000172   0x00000172   0x00000008   Code   RO         1056    .ARM.Collect$$rtentry$$0000000D  c_w.l(__rtentry2.o)
    0x0000017a   0x0000017a   0x00000002   Code   RO         1077    .ARM.Collect$$rtexit$$00000000  c_w.l(rtexit.o)
    0x0000017c   0x0000017c   0x00000000   Code   RO         1125    .ARM.Collect$$rtexit$$00000002  c_w.l(rtexit2.o)
    0x0000017c   0x0000017c   0x00000004   Code   RO         1126    .ARM.Collect$$rtexit$$00000003  c_w.l(rtexit2.o)
    0x00000180   0x00000180   0x00000006   Code   RO         1127    .ARM.Collect$$rtexit$$00000004  c_w.l(rtexit2.o)
    0x00000186   0x00000186   0x00000002   PAD
    0x00000188   0x00000188   0x00000016   Code   RO          557    .emb_text           libam_hal.lib(am_hal_interrupt.o)
    0x0000019e   0x0000019e   0x00000002   PAD
    0x000001a0   0x000001a0   0x00000024   Code   RO          569    .emb_text           libam_hal.lib(am_hal_iom.o)
    0x000001c4   0x000001c4   0x00000018   Code   RO          400    .text               startup_keil.o
    0x000001dc   0x000001dc   0x00000006   Code   RO         1037    .text               c_w.l(heapauxi.o)
    0x000001e2   0x000001e2   0x0000004a   Code   RO         1064    .text               c_w.l(sys_stackheap_outer.o)
    0x0000022c   0x0000022c   0x00000012   Code   RO         1066    .text               c_w.l(exit.o)
    0x0000023e   0x0000023e   0x00000002   PAD
    0x00000240   0x00000240   0x00000008   Code   RO         1074    .text               c_w.l(libspace.o)
    0x00000248   0x00000248   0x0000000c   Code   RO         1135    .text               c_w.l(sys_exit.o)
    0x00000254   0x00000254   0x00000002   Code   RO         1146    .text               c_w.l(use_no_semi.o)
    0x00000256   0x00000256   0x00000000   Code   RO         1148    .text               c_w.l(indicate_semi.o)
    0x00000256   0x00000256   0x00000002   PAD
    0x00000258   0x00000258   0x00000070   Code   RO          410    i.am_bsp_debug_printf_enable  libam_bsp.lib(am_bsp.o)
    0x000002c8   0x000002c8   0x000000dc   Code   RO          412    i.am_bsp_iom_enable  libam_bsp.lib(am_bsp.o)
    0x000003a4   0x000003a4   0x00000004   Code   RO          419    i.am_bsp_itm_string_print  libam_bsp.lib(am_bsp.o)
    0x000003a8   0x000003a8   0x00000022   Code   RO          420    i.am_bsp_low_power_init  libam_bsp.lib(am_bsp.o)
    0x000003ca   0x000003ca   0x00000002   PAD
    0x000003cc   0x000003cc   0x000000d0   Code   RO          448    i.am_hal_cachectrl_enable  libam_hal.lib(am_hal_cachectrl.o)
    0x0000049c   0x0000049c   0x00000014   Code   RO          475    i.am_hal_clkgen_osc_stop  libam_hal.lib(am_hal_clkgen.o)
    0x000004b0   0x000004b0   0x00000024   Code   RO          476    i.am_hal_clkgen_sysclk_get  libam_hal.lib(am_hal_clkgen.o)
    0x000004d4   0x000004d4   0x0000006c   Code   RO          477    i.am_hal_clkgen_sysclk_select  libam_hal.lib(am_hal_clkgen.o)
    0x00000540   0x00000540   0x00000028   Code   RO          803    i.am_hal_ctimer_clear  libam_hal.lib(am_hal_ctimer.o)
    0x00000568   0x00000568   0x0000007c   Code   RO          815    i.am_hal_ctimer_period_set  libam_hal.lib(am_hal_ctimer.o)
    0x000005e4   0x000005e4   0x00000030   Code   RO          820    i.am_hal_ctimer_start  libam_hal.lib(am_hal_ctimer.o)
    0x00000614   0x00000614   0x00000002   Code   RO          846    i.am_hal_debug_error  libam_hal.lib(am_hal_debug.o)
    0x00000616   0x00000616   0x00000002   PAD
    0x00000618   0x00000618   0x0000000c   Code   RO          499    i.am_hal_flash_delay  libam_hal.lib(am_hal_flash.o)
    0x00000624   0x00000624   0x00000038   Code   RO          500    i.am_hal_flash_delay_status_change  libam_hal.lib(am_hal_flash.o)
    0x0000065c   0x0000065c   0x000001dc   Code   RO          878    i.am_hal_i2c_bit_bang_receive  libam_hal.lib(am_hal_i2c_bit_bang.o)
    0x00000838   0x00000838   0x000000cc   Code   RO          879    i.am_hal_i2c_bit_bang_send  libam_hal.lib(am_hal_i2c_bit_bang.o)
    0x00000904   0x00000904   0x0000004c   Code   RO          559    i.am_hal_interrupt_enable  libam_hal.lib(am_hal_interrupt.o)
    0x00000950   0x00000950   0x0000028c   Code   RO          571    i.am_hal_iom_config  libam_hal.lib(am_hal_iom.o)
    0x00000bdc   0x00000bdc   0x00000028   Code   RO          573    i.am_hal_iom_enable  libam_hal.lib(am_hal_iom.o)
    0x00000c04   0x00000c04   0x000000d8   Code   RO          577    i.am_hal_iom_fifo_read  libam_hal.lib(am_hal_iom.o)
    0x00000cdc   0x00000cdc   0x000000e8   Code   RO          578    i.am_hal_iom_fifo_write  libam_hal.lib(am_hal_iom.o)
    0x00000dc4   0x00000dc4   0x0000016c   Code   RO          580    i.am_hal_iom_i2c_cmd_run  libam_hal.lib(am_hal_iom.o)
    0x00000f30   0x00000f30   0x000000f4   Code   RO          582    i.am_hal_iom_i2c_read_nb  libam_hal.lib(am_hal_iom.o)
    0x00001024   0x00001024   0x0000013c   Code   RO          584    i.am_hal_iom_i2c_write  libam_hal.lib(am_hal_iom.o)
    0x00001160   0x00001160   0x00000124   Code   RO          585    i.am_hal_iom_i2c_write_nb  libam_hal.lib(am_hal_iom.o)
    0x00001284   0x00001284   0x00000188   Code   RO          586    i.am_hal_iom_i2c_write_nq  libam_hal.lib(am_hal_iom.o)
    0x0000140c   0x0000140c   0x00000016   Code   RO          587    i.am_hal_iom_int_clear  libam_hal.lib(am_hal_iom.o)
    0x00001422   0x00001422   0x0000001c   Code   RO          589    i.am_hal_iom_int_enable  libam_hal.lib(am_hal_iom.o)
    0x0000143e   0x0000143e   0x00000002   PAD
    0x00001440   0x00001440   0x00000168   Code   RO          591    i.am_hal_iom_int_service  libam_hal.lib(am_hal_iom.o)
    0x000015a8   0x000015a8   0x00000028   Code   RO          593    i.am_hal_iom_int_status_get  libam_hal.lib(am_hal_iom.o)
    0x000015d0   0x000015d0   0x00000064   Code   RO          598    i.am_hal_iom_pwrctrl_enable  libam_hal.lib(am_hal_iom.o)
    0x00001634   0x00001634   0x00000020   Code   RO          601    i.am_hal_iom_queue_init  libam_hal.lib(am_hal_iom.o)
    0x00001654   0x00001654   0x000000d4   Code   RO          603    i.am_hal_iom_queue_service  libam_hal.lib(am_hal_iom.o)
    0x00001728   0x00001728   0x00000058   Code   RO          607    i.am_hal_iom_sleeping_queue_flush  libam_hal.lib(am_hal_iom.o)
    0x00001780   0x00001780   0x00000124   Code   RO          612    i.am_hal_iom_spi_read_nb  libam_hal.lib(am_hal_iom.o)
    0x000018a4   0x000018a4   0x0000011c   Code   RO          615    i.am_hal_iom_spi_write_nb  libam_hal.lib(am_hal_iom.o)
    0x000019c0   0x000019c0   0x000004a4   Code   RO          618    i.am_hal_iom_workaround_word_write  libam_hal.lib(am_hal_iom.o)
    0x00001e64   0x00001e64   0x0000000a   Code   RO          677    i.am_hal_ios_access_int_clear  libam_hal.lib(am_hal_ios.o)
    0x00001e6e   0x00001e6e   0x00000002   PAD
    0x00001e70   0x00001e70   0x00000090   Code   RO          683    i.am_hal_ios_config  libam_hal.lib(am_hal_ios.o)
    0x00001f00   0x00001f00   0x0000000a   Code   RO          697    i.am_hal_ios_int_clear  libam_hal.lib(am_hal_ios.o)
    0x00001f0a   0x00001f0a   0x00000008   Code   RO          703    i.am_hal_ios_lram_read  libam_hal.lib(am_hal_ios.o)
    0x00001f12   0x00001f12   0x00000002   PAD
    0x00001f14   0x00001f14   0x00000058   Code   RO          753    i.am_hal_itm_enable  libam_hal.lib(am_hal_itm.o)
    0x00001f6c   0x00001f6c   0x00000030   Code   RO          755    i.am_hal_itm_print  libam_hal.lib(am_hal_itm.o)
    0x00001f9c   0x00001f9c   0x0000004c   Code   RO          888    i.am_hal_pwrctrl_bucks_disable  libam_hal.lib(am_hal_pwrctrl.o)
    0x00001fe8   0x00001fe8   0x00000034   Code   RO          889    i.am_hal_pwrctrl_bucks_enable  libam_hal.lib(am_hal_pwrctrl.o)
    0x0000201c   0x0000201c   0x00000040   Code   RO          890    i.am_hal_pwrctrl_bucks_init  libam_hal.lib(am_hal_pwrctrl.o)
    0x0000205c   0x0000205c   0x00000018   Code   RO          891    i.am_hal_pwrctrl_low_power_init  libam_hal.lib(am_hal_pwrctrl.o)
    0x00002074   0x00002074   0x00000180   Code   RO          892    i.am_hal_pwrctrl_memory_enable  libam_hal.lib(am_hal_pwrctrl.o)
    0x000021f4   0x000021f4   0x000000c0   Code   RO          894    i.am_hal_pwrctrl_periph_enable  libam_hal.lib(am_hal_pwrctrl.o)
    0x000022b4   0x000022b4   0x00000016   Code   RO          902    i.am_hal_queue_init  libam_hal.lib(am_hal_queue.o)
    0x000022ca   0x000022ca   0x0000009e   Code   RO          903    i.am_hal_queue_item_add  libam_hal.lib(am_hal_queue.o)
    0x00002368   0x00002368   0x00000098   Code   RO          904    i.am_hal_queue_item_get  libam_hal.lib(am_hal_queue.o)
    0x00002400   0x00002400   0x0000000e   Code   RO          917    i.am_hal_rtc_osc_disable  libam_hal.lib(am_hal_rtc.o)
    0x0000240e   0x0000240e   0x00000016   Code   RO          919    i.am_hal_rtc_osc_select  libam_hal.lib(am_hal_rtc.o)
    0x00002424   0x00002424   0x000000ec   Code   RO          785    i.am_hal_sysctrl_sleep  libam_hal.lib(am_hal_sysctrl.o)
    0x00002510   0x00002510   0x00000088   Code   RO          942    i.am_hal_tpiu_enable  libam_hal.lib(am_hal_tpiu.o)
    0x00002598   0x00002598   0x0000000c   Code   RO         1013    i.am_hal_vcomp_disable  libam_hal.lib(am_hal_vcomp.o)
    0x000025a4   0x000025a4   0x0000001e   Code   RO            1    i.am_iomaster0_isr  i2c_loopback.o
    0x000025c2   0x000025c2   0x0000001c   Code   RO          272    i.am_util_delay_ms  am_util_delay.o
    0x000025de   0x000025de   0x00000002   PAD
    0x000025e0   0x000025e0   0x00000030   Code   RO          295    i.am_util_stdio_printf  am_util_stdio.o
    0x00002610   0x00002610   0x0000000c   Code   RO          296    i.am_util_stdio_printf_init  am_util_stdio.o
    0x0000261c   0x0000261c   0x00000020   Code   RO          299    i.am_util_stdio_terminal_clear  am_util_stdio.o
    0x0000263c   0x0000263c   0x000003b4   Code   RO          301    i.am_util_stdio_vsprintf  am_util_stdio.o
    0x000029f0   0x000029f0   0x00000042   Code   RO          302    i.decstr_to_int     am_util_stdio.o
    0x00002a32   0x00002a32   0x000000cc   Code   RO          303    i.divu64_10         am_util_stdio.o
    0x00002afe   0x00002afe   0x00000002   PAD
    0x00002b00   0x00002b00   0x00000154   Code   RO          304    i.ftoa              am_util_stdio.o
    0x00002c54   0x00002c54   0x0000003c   Code   RO          880    i.i2c_pull_and_wait_scl_hi  libam_hal.lib(am_hal_i2c_bit_bang.o)
    0x00002c90   0x00002c90   0x000000a0   Code   RO          881    i.i2c_send_byte     libam_hal.lib(am_hal_i2c_bit_bang.o)
    0x00002d30   0x00002d30   0x0000003a   Code   RO          619    i.internal_iom_get_int_err  libam_hal.lib(am_hal_iom.o)
    0x00002d6a   0x00002d6a   0x00000002   PAD
    0x00002d6c   0x00002d6c   0x000000d0   Code   RO            2    i.iom_set_up        i2c_loopback.o
    0x00002e3c   0x00002e3c   0x000000f4   Code   RO            3    i.ios_set_up        i2c_loopback.o
    0x00002f30   0x00002f30   0x00000060   Code   RO            4    i.itm_start         i2c_loopback.o
    0x00002f90   0x00002f90   0x0000019c   Code   RO            5    i.main              i2c_loopback.o
    0x0000312c   0x0000312c   0x00000034   Code   RO          305    i.ndigits_in_hex    am_util_stdio.o
    0x00003160   0x00003160   0x00000024   Code   RO          306    i.ndigits_in_i64    am_util_stdio.o
    0x00003184   0x00003184   0x0000003a   Code   RO          307    i.ndigits_in_u64    am_util_stdio.o
    0x000031be   0x000031be   0x00000022   Code   RO          308    i.padbuffer         am_util_stdio.o
    0x000031e0   0x000031e0   0x00000078   Code   RO          786    i.setBuckZX         libam_hal.lib(am_hal_sysctrl.o)
    0x00003258   0x00003258   0x00000018   Code   RO          309    i.simple_strlen     am_util_stdio.o
    0x00003270   0x00003270   0x0000008a   Code   RO          310    i.uint64_to_hexstr  am_util_stdio.o
    0x000032fa   0x000032fa   0x00000070   Code   RO          311    i.uint64_to_str     am_util_stdio.o
    0x0000336a   0x0000336a   0x00000002   PAD
    0x0000336c   0x0000336c   0x00000062   Code   RO         1041    x$fpl$d2f           fz_wm.l(d2f.o)
    0x000033ce   0x000033ce   0x0000009c   Code   RO         1044    x$fpl$dnaninf       fz_wm.l(dnaninf.o)
    0x0000346a   0x0000346a   0x0000000a   Code   RO         1133    x$fpl$fpinit        fz_wm.l(fpinit.o)
    0x00003474   0x00003474   0x0000000a   Code   RO         1046    x$fpl$fretinf       fz_wm.l(fretinf.o)
    0x0000347e   0x0000347e   0x00000000   Code   RO         1048    x$fpl$usenofp       fz_wm.l(usenofp.o)
    0x0000347e   0x0000347e   0x0000000c   Data   RO          453    .constdata          libam_hal.lib(am_hal_cachectrl.o)
    0x0000348a   0x0000348a   0x00000041   Data   RO          622    .constdata          libam_hal.lib(am_hal_iom.o)
    0x000034cb   0x000034cb   0x00000001   PAD
    0x000034cc   0x000034cc   0x00000020   Data   RO         1201    Region$$Table       anon$$obj.o


    Execution Region SRAM (Exec base: 0x10000000, Load base: 0x000034ec, Size: 0x000017b8, Max: 0x00040000, ABSOLUTE)

    Exec Addr    Load Addr    Size         Type   Attr      Idx    E Section Name        Object

    0x10000000   0x000034ec   0x00000034   Data   RW            7    .data               i2c_loopback.o
    0x10000034   0x00003520   0x00000005   Data   RW          313    .data               am_util_stdio.o
    0x10000039   0x00003525   0x00000003   PAD
    0x1000003c   0x00003528   0x00000004   Data   RW          408    .data               libam_hal.lib(am_hal_global.o)
    0x10000040   0x0000352c   0x00000030   Data   RW          427    .data               libam_bsp.lib(am_bsp.o)
    0x10000070   0x0000355c   0x00000050   Data   RW          525    .data               libam_hal.lib(am_hal_flash.o)
    0x100000c0   0x000035ac   0x00000012   Data   RW          623    .data               libam_hal.lib(am_hal_iom.o)
    0x100000d2   0x000035be   0x00000002   PAD
    0x100000d4   0x000035c0   0x00000014   Data   RW          715    .data               libam_hal.lib(am_hal_ios.o)
    0x100000e8   0x000035d4   0x0000001c   Data   RW          788    .data               libam_hal.lib(am_hal_sysctrl.o)
    0x10000104        -       0x00000390   Zero   RW            6    .bss                i2c_loopback.o
    0x10000494        -       0x00000100   Zero   RW          312    .bss                am_util_stdio.o
    0x10000594        -       0x00000198   Zero   RW          621    .bss                libam_hal.lib(am_hal_iom.o)
    0x1000072c        -       0x0000002c   Zero   RW          882    .bss                libam_hal.lib(am_hal_i2c_bit_bang.o)
    0x10000758        -       0x00000060   Zero   RW         1075    .bss                c_w.l(libspace.o)
    0x100007b8        -       0x00000000   Zero   RW          398    HEAP                startup_keil.o
    0x100007b8        -       0x00001000   Zero   RW          397    STACK               startup_keil.o


==============================================================================

Image component sizes


      Code (inc. data)   RO Data    RW Data    ZI Data      Debug   Object Name

        28          0          0          0          0        635   am_util_delay.o
      2104         58          0          5        256      12732   am_util_stdio.o
       990        212          0         52        912      18350   i2c_loopback.o
       256        210          0          0       4096       1032   startup_keil.o

    ----------------------------------------------------------------------
      3384        480         32         60       5264      32749   Object Totals
         0          0         32          0          0          0   (incl. Generated)
         6          0          0          3          0          0   (incl. Padding)

    ----------------------------------------------------------------------

      Code (inc. data)   RO Data    RW Data    ZI Data      Debug   Library Member Name

         8          0          0          0          0         68   __main.o
         0          0          0          0          0          0   __rtentry.o
        12          0          0          0          0          0   __rtentry2.o
         6          0          0          0          0          0   __rtentry4.o
        52          8          0          0          0          0   __scatter.o
        26          0          0          0          0          0   __scatter_copy.o
        28          0          0          0          0          0   __scatter_zi.o
        18          0          0          0          0         80   exit.o
         6          0          0          0          0        152   heapauxi.o
         0          0          0          0          0          0   indicate_semi.o
         2          0          0          0          0          0   libinit.o
         6          0          0          0          0          0   libinit2.o
         2          0          0          0          0          0   libshutdown.o
         2          0          0          0          0          0   libshutdown2.o
         8          4          0          0         96         68   libspace.o
         2          0          0          0          0          0   rtexit.o
        10          0          0          0          0          0   rtexit2.o
        12          4          0          0          0         68   sys_exit.o
        74          0          0          0          0         80   sys_stackheap_outer.o
         2          0          0          0          0         68   use_no_semi.o
        98          4          0          0          0        140   d2f.o
       156          4          0          0          0        140   dnaninf.o
        10          0          0          0          0        116   fpinit.o
        10          0          0          0          0        116   fretinf.o
         0          0          0          0          0          0   usenofp.o
       370         32          0         48          0        504   am_bsp.o
       208          4         12          0          0        128   am_hal_cachectrl.o
       164         84          0          0          0        356   am_hal_clkgen.o
       212         22          0          0          0        376   am_hal_ctimer.o
         2          0          0          0          0        116   am_hal_debug.o
        68         10          0         80          0        248   am_hal_flash.o
         0          0          0          4          0          0   am_hal_global.o
       900         24          0          0         44        540   am_hal_i2c_bit_bang.o
        98          6          0          0          0        264   am_hal_interrupt.o
      5488        622         65         18        408       3076   am_hal_iom.o
       172          4          0         20          0        480   am_hal_ios.o
       136         32          0          0          0        232   am_hal_itm.o
       792        112          0          0          0        728   am_hal_pwrctrl.o
       332          0          0          0          0        380   am_hal_queue.o
        36          0          0          0          0        232   am_hal_rtc.o
       356         26          0         28          0        272   am_hal_sysctrl.o
       136         20          0          0          0        144   am_hal_tpiu.o
        12          4          0          0          0        116   am_hal_vcomp.o

    ----------------------------------------------------------------------
     10054       1026         78        200        548       9288   Library Totals
        22          0          1          2          0          0   (incl. Padding)

    ----------------------------------------------------------------------

      Code (inc. data)   RO Data    RW Data    ZI Data      Debug   Library Name

       276         16          0          0         96        584   c_w.l
       274          8          0          0          0        512   fz_wm.l
       370         32          0         48          0        504   libam_bsp.lib
      9112        970         77        150        452       7688   libam_hal.lib

    ----------------------------------------------------------------------
     10054       1026         78        200        548       9288   Library Totals

    ----------------------------------------------------------------------

==============================================================================


      Code (inc. data)   RO Data    RW Data    ZI Data      Debug   

     13438       1506        110        260       5812      33881   Grand Totals
     13438       1506        110        260       5812      33881   ELF Image Totals
     13438       1506        110        260          0          0   ROM Totals

==============================================================================

    Total RO  Size (Code + RO Data)                13548 (  13.23kB)
    Total RW  Size (RW Data + ZI Data)              6072 (   5.93kB)
    Total ROM Size (Code + RO Data + RW Data)      13808 (  13.48kB)

==============================================================================

